model: 25.73M params (25.70M non-emb)
iter      0 | loss 4.2461 | lr 2.50e-06 | 30.4 ms/it | 1078.4k tok/s
iter     20 | loss 3.2991 | lr 5.25e-05 | 345.0 ms/it | 95.0k tok/s
iter     40 | loss 2.8207 | lr 1.02e-04 | 345.5 ms/it | 94.9k tok/s
iter     60 | loss 2.5319 | lr 1.52e-04 | 345.7 ms/it | 94.8k tok/s
iter     80 | loss 2.3698 | lr 2.03e-04 | 345.7 ms/it | 94.8k tok/s
iter    100 | loss 2.1803 | lr 2.53e-04 | 346.3 ms/it | 94.6k tok/s
iter    120 | loss 1.9368 | lr 3.02e-04 | 346.4 ms/it | 94.6k tok/s
iter    140 | loss 1.7070 | lr 3.53e-04 | 346.6 ms/it | 94.5k tok/s
iter    160 | loss 1.5680 | lr 4.03e-04 | 346.7 ms/it | 94.5k tok/s
iter    180 | loss 1.4932 | lr 4.52e-04 | 346.8 ms/it | 94.5k tok/s
iter    200 | loss 1.4432 | lr 5.00e-04 | 347.0 ms/it | 94.4k tok/s
iter    220 | loss 1.3588 | lr 5.00e-04 | 347.2 ms/it | 94.4k tok/s
iter    240 | loss 1.3214 | lr 5.00e-04 | 347.3 ms/it | 94.4k tok/s
iter    260 | loss 1.2756 | lr 5.00e-04 | 347.3 ms/it | 94.4k tok/s
iter    280 | loss 1.2401 | lr 5.00e-04 | 347.3 ms/it | 94.3k tok/s
iter    300 | loss 1.2163 | lr 5.00e-04 | 347.4 ms/it | 94.3k tok/s
iter    320 | loss 1.1582 | lr 5.00e-04 | 347.4 ms/it | 94.3k tok/s
iter    340 | loss 1.1384 | lr 5.00e-04 | 347.5 ms/it | 94.3k tok/s
iter    360 | loss 1.0353 | lr 5.00e-04 | 347.5 ms/it | 94.3k tok/s
iter    380 | loss 1.0339 | lr 5.00e-04 | 347.6 ms/it | 94.3k tok/s
iter    400 | loss 0.9456 | lr 5.00e-04 | 347.7 ms/it | 94.2k tok/s
iter    420 | loss 0.9337 | lr 5.00e-04 | 347.6 ms/it | 94.3k tok/s
iter    440 | loss 0.8265 | lr 5.00e-04 | 347.5 ms/it | 94.3k tok/s
iter    460 | loss 0.7908 | lr 5.00e-04 | 347.5 ms/it | 94.3k tok/s
iter    480 | loss 0.7103 | lr 5.00e-04 | 347.5 ms/it | 94.3k tok/s
iter    500 | loss 0.6852 | lr 5.00e-04 | 347.7 ms/it | 94.3k tok/s
           eval | train 0.6532 | val 1.8631
           best val 1.8631 → saved out/small/ckpt_best.pt
iter    520 | loss 0.5601 | lr 4.99e-04 | 908.0 ms/it | 36.1k tok/s
iter    540 | loss 0.5377 | lr 4.99e-04 | 347.7 ms/it | 94.2k tok/s
iter    560 | loss 0.4741 | lr 4.99e-04 | 347.8 ms/it | 94.2k tok/s
iter    580 | loss 0.5232 | lr 4.99e-04 | 347.7 ms/it | 94.2k tok/s
iter    600 | loss 0.3900 | lr 4.99e-04 | 347.8 ms/it | 94.2k tok/s
iter    620 | loss 0.3840 | lr 4.99e-04 | 347.7 ms/it | 94.2k tok/s
iter    640 | loss 0.3113 | lr 4.99e-04 | 347.7 ms/it | 94.3k tok/s
iter    660 | loss 0.2870 | lr 4.99e-04 | 347.6 ms/it | 94.3k tok/s
iter    680 | loss 0.2581 | lr 4.99e-04 | 347.6 ms/it | 94.3k tok/s
iter    700 | loss 0.3036 | lr 4.99e-04 | 347.6 ms/it | 94.3k tok/s
iter    720 | loss 0.2490 | lr 4.99e-04 | 347.6 ms/it | 94.3k tok/s
iter    740 | loss 0.2476 | lr 4.99e-04 | 347.5 ms/it | 94.3k tok/s
iter    760 | loss 0.2090 | lr 4.98e-04 | 347.6 ms/it | 94.3k tok/s
iter    780 | loss 0.2038 | lr 4.98e-04 | 347.6 ms/it | 94.3k tok/s
iter    800 | loss 0.2033 | lr 4.98e-04 | 347.7 ms/it | 94.3k tok/s
iter    820 | loss 0.2046 | lr 4.98e-04 | 347.7 ms/it | 94.2k tok/s
iter    840 | loss 0.1823 | lr 4.98e-04 | 347.7 ms/it | 94.2k tok/s
iter    860 | loss 0.1786 | lr 4.98e-04 | 347.7 ms/it | 94.2k tok/s
iter    880 | loss 0.1768 | lr 4.98e-04 | 347.7 ms/it | 94.2k tok/s
iter    900 | loss 0.1496 | lr 4.98e-04 | 347.7 ms/it | 94.2k tok/s
iter    920 | loss 0.1684 | lr 4.97e-04 | 347.7 ms/it | 94.2k tok/s
iter    940 | loss 0.1575 | lr 4.97e-04 | 347.7 ms/it | 94.2k tok/s
iter    960 | loss 0.1558 | lr 4.97e-04 | 347.7 ms/it | 94.2k tok/s
iter    980 | loss 0.1318 | lr 4.97e-04 | 347.7 ms/it | 94.2k tok/s
iter   1000 | loss 0.1519 | lr 4.97e-04 | 347.7 ms/it | 94.2k tok/s
           eval | train 0.1408 | val 3.0681
iter   1020 | loss 0.1444 | lr 4.97e-04 | 898.4 ms/it | 36.5k tok/s
iter   1040 | loss 0.1366 | lr 4.96e-04 | 347.8 ms/it | 94.2k tok/s
iter   1060 | loss 0.1420 | lr 4.96e-04 | 347.8 ms/it | 94.2k tok/s
iter   1080 | loss 0.1289 | lr 4.96e-04 | 347.8 ms/it | 94.2k tok/s
iter   1100 | loss 0.1351 | lr 4.96e-04 | 347.8 ms/it | 94.2k tok/s
iter   1120 | loss 0.1218 | lr 4.96e-04 | 347.8 ms/it | 94.2k tok/s
iter   1140 | loss 0.1284 | lr 4.96e-04 | 347.8 ms/it | 94.2k tok/s
iter   1160 | loss 0.1291 | lr 4.95e-04 | 347.7 ms/it | 94.2k tok/s
iter   1180 | loss 0.1249 | lr 4.95e-04 | 347.7 ms/it | 94.3k tok/s
iter   1200 | loss 0.1258 | lr 4.95e-04 | 347.7 ms/it | 94.3k tok/s
iter   1220 | loss 0.1092 | lr 4.95e-04 | 347.6 ms/it | 94.3k tok/s
iter   1240 | loss 0.1084 | lr 4.95e-04 | 347.7 ms/it | 94.2k tok/s
iter   1260 | loss 0.1161 | lr 4.94e-04 | 347.7 ms/it | 94.2k tok/s
iter   1280 | loss 0.1144 | lr 4.94e-04 | 347.7 ms/it | 94.2k tok/s
iter   1300 | loss 0.1119 | lr 4.94e-04 | 347.7 ms/it | 94.2k tok/s
iter   1320 | loss 0.0996 | lr 4.94e-04 | 347.7 ms/it | 94.2k tok/s
iter   1340 | loss 0.1108 | lr 4.93e-04 | 347.7 ms/it | 94.2k tok/s
iter   1360 | loss 0.1065 | lr 4.93e-04 | 347.7 ms/it | 94.2k tok/s
iter   1380 | loss 0.1032 | lr 4.93e-04 | 347.7 ms/it | 94.2k tok/s
iter   1400 | loss 0.1066 | lr 4.93e-04 | 347.8 ms/it | 94.2k tok/s
iter   1420 | loss 0.0999 | lr 4.92e-04 | 347.8 ms/it | 94.2k tok/s
iter   1440 | loss 0.1063 | lr 4.92e-04 | 347.8 ms/it | 94.2k tok/s
iter   1460 | loss 0.1062 | lr 4.92e-04 | 347.8 ms/it | 94.2k tok/s
iter   1480 | loss 0.1120 | lr 4.92e-04 | 347.7 ms/it | 94.2k tok/s
iter   1500 | loss 0.1098 | lr 4.91e-04 | 347.7 ms/it | 94.2k tok/s
           eval | train 0.1013 | val 3.4008
iter   1520 | loss 0.1001 | lr 4.91e-04 | 897.8 ms/it | 36.5k tok/s
iter   1540 | loss 0.0972 | lr 4.91e-04 | 347.8 ms/it | 94.2k tok/s
iter   1560 | loss 0.1039 | lr 4.91e-04 | 347.8 ms/it | 94.2k tok/s
iter   1580 | loss 0.1013 | lr 4.90e-04 | 347.8 ms/it | 94.2k tok/s
iter   1600 | loss 0.1079 | lr 4.90e-04 | 347.9 ms/it | 94.2k tok/s
iter   1620 | loss 0.0983 | lr 4.90e-04 | 347.8 ms/it | 94.2k tok/s
iter   1640 | loss 0.1058 | lr 4.90e-04 | 347.8 ms/it | 94.2k tok/s
iter   1660 | loss 0.0961 | lr 4.89e-04 | 347.8 ms/it | 94.2k tok/s
iter   1680 | loss 0.1014 | lr 4.89e-04 | 347.9 ms/it | 94.2k tok/s
iter   1700 | loss 0.0879 | lr 4.89e-04 | 347.8 ms/it | 94.2k tok/s
iter   1720 | loss 0.0959 | lr 4.88e-04 | 347.9 ms/it | 94.2k tok/s
iter   1740 | loss 0.0973 | lr 4.88e-04 | 347.9 ms/it | 94.2k tok/s
iter   1760 | loss 0.0946 | lr 4.88e-04 | 347.8 ms/it | 94.2k tok/s
iter   1780 | loss 0.0917 | lr 4.87e-04 | 347.8 ms/it | 94.2k tok/s
iter   1800 | loss 0.0861 | lr 4.87e-04 | 347.8 ms/it | 94.2k tok/s
iter   1820 | loss 0.0899 | lr 4.87e-04 | 347.8 ms/it | 94.2k tok/s
iter   1840 | loss 0.0844 | lr 4.87e-04 | 347.9 ms/it | 94.2k tok/s
iter   1860 | loss 0.0964 | lr 4.86e-04 | 347.8 ms/it | 94.2k tok/s
iter   1880 | loss 0.0864 | lr 4.86e-04 | 347.8 ms/it | 94.2k tok/s
iter   1900 | loss 0.0791 | lr 4.86e-04 | 347.8 ms/it | 94.2k tok/s
iter   1920 | loss 0.0797 | lr 4.85e-04 | 347.9 ms/it | 94.2k tok/s
iter   1940 | loss 0.0843 | lr 4.85e-04 | 347.9 ms/it | 94.2k tok/s
iter   1960 | loss 0.0786 | lr 4.84e-04 | 347.8 ms/it | 94.2k tok/s
iter   1980 | loss 0.0885 | lr 4.84e-04 | 347.8 ms/it | 94.2k tok/s
iter   2000 | loss 0.0866 | lr 4.84e-04 | 347.7 ms/it | 94.2k tok/s
           eval | train 0.0845 | val 3.6252
           saved ckpt -> out/small/ckpt.pt
iter   2020 | loss 0.0803 | lr 4.83e-04 | 907.4 ms/it | 36.1k tok/s
iter   2040 | loss 0.0816 | lr 4.83e-04 | 347.8 ms/it | 94.2k tok/s
iter   2060 | loss 0.0807 | lr 4.83e-04 | 347.8 ms/it | 94.2k tok/s
iter   2080 | loss 0.0773 | lr 4.82e-04 | 347.8 ms/it | 94.2k tok/s
iter   2100 | loss 0.0800 | lr 4.82e-04 | 347.9 ms/it | 94.2k tok/s
iter   2120 | loss 0.0867 | lr 4.82e-04 | 348.0 ms/it | 94.2k tok/s
iter   2140 | loss 0.0802 | lr 4.81e-04 | 347.8 ms/it | 94.2k tok/s
iter   2160 | loss 0.0819 | lr 4.81e-04 | 347.7 ms/it | 94.2k tok/s
iter   2180 | loss 0.0769 | lr 4.80e-04 | 347.8 ms/it | 94.2k tok/s
iter   2200 | loss 0.0783 | lr 4.80e-04 | 347.8 ms/it | 94.2k tok/s
iter   2220 | loss 0.0811 | lr 4.80e-04 | 347.7 ms/it | 94.2k tok/s
iter   2240 | loss 0.0809 | lr 4.79e-04 | 347.7 ms/it | 94.2k tok/s
iter   2260 | loss 0.0798 | lr 4.79e-04 | 347.8 ms/it | 94.2k tok/s
iter   2280 | loss 0.0822 | lr 4.78e-04 | 347.9 ms/it | 94.2k tok/s
iter   2300 | loss 0.0764 | lr 4.78e-04 | 347.9 ms/it | 94.2k tok/s
iter   2320 | loss 0.0768 | lr 4.78e-04 | 347.8 ms/it | 94.2k tok/s
iter   2340 | loss 0.0816 | lr 4.77e-04 | 347.7 ms/it | 94.2k tok/s
iter   2360 | loss 0.0792 | lr 4.77e-04 | 347.7 ms/it | 94.2k tok/s
iter   2380 | loss 0.0804 | lr 4.76e-04 | 347.7 ms/it | 94.2k tok/s
iter   2400 | loss 0.0778 | lr 4.76e-04 | 347.9 ms/it | 94.2k tok/s
iter   2420 | loss 0.0784 | lr 4.75e-04 | 347.9 ms/it | 94.2k tok/s
iter   2440 | loss 0.0737 | lr 4.75e-04 | 347.8 ms/it | 94.2k tok/s
iter   2460 | loss 0.0734 | lr 4.75e-04 | 347.8 ms/it | 94.2k tok/s
iter   2480 | loss 0.0735 | lr 4.74e-04 | 347.8 ms/it | 94.2k tok/s
iter   2500 | loss 0.0778 | lr 4.74e-04 | 347.9 ms/it | 94.2k tok/s
           eval | train 0.0750 | val 3.8160
iter   2520 | loss 0.0770 | lr 4.73e-04 | 898.9 ms/it | 36.5k tok/s
iter   2540 | loss 0.0753 | lr 4.73e-04 | 348.0 ms/it | 94.2k tok/s
iter   2560 | loss 0.0726 | lr 4.72e-04 | 348.0 ms/it | 94.2k tok/s
iter   2580 | loss 0.0735 | lr 4.72e-04 | 348.1 ms/it | 94.1k tok/s
iter   2600 | loss 0.0715 | lr 4.71e-04 | 348.1 ms/it | 94.1k tok/s
iter   2620 | loss 0.0700 | lr 4.71e-04 | 348.2 ms/it | 94.1k tok/s
iter   2640 | loss 0.0735 | lr 4.70e-04 | 348.2 ms/it | 94.1k tok/s
iter   2660 | loss 0.0710 | lr 4.70e-04 | 348.2 ms/it | 94.1k tok/s
iter   2680 | loss 0.0704 | lr 4.70e-04 | 348.2 ms/it | 94.1k tok/s
iter   2700 | loss 0.0752 | lr 4.69e-04 | 348.3 ms/it | 94.1k tok/s
iter   2720 | loss 0.0719 | lr 4.69e-04 | 348.2 ms/it | 94.1k tok/s
iter   2740 | loss 0.0714 | lr 4.68e-04 | 348.1 ms/it | 94.1k tok/s
iter   2760 | loss 0.0749 | lr 4.68e-04 | 348.1 ms/it | 94.1k tok/s
iter   2780 | loss 0.0693 | lr 4.67e-04 | 348.2 ms/it | 94.1k tok/s
iter   2800 | loss 0.0715 | lr 4.67e-04 | 348.1 ms/it | 94.1k tok/s
iter   2820 | loss 0.0717 | lr 4.66e-04 | 348.1 ms/it | 94.1k tok/s
iter   2840 | loss 0.0706 | lr 4.66e-04 | 348.1 ms/it | 94.1k tok/s
iter   2860 | loss 0.0647 | lr 4.65e-04 | 348.1 ms/it | 94.1k tok/s
iter   2880 | loss 0.0652 | lr 4.65e-04 | 348.1 ms/it | 94.1k tok/s
iter   2900 | loss 0.0712 | lr 4.64e-04 | 348.1 ms/it | 94.1k tok/s
iter   2920 | loss 0.0671 | lr 4.64e-04 | 348.1 ms/it | 94.1k tok/s
iter   2940 | loss 0.0683 | lr 4.63e-04 | 348.1 ms/it | 94.1k tok/s
iter   2960 | loss 0.0668 | lr 4.62e-04 | 348.1 ms/it | 94.1k tok/s
iter   2980 | loss 0.0688 | lr 4.62e-04 | 348.1 ms/it | 94.1k tok/s
iter   3000 | loss 0.0653 | lr 4.61e-04 | 348.2 ms/it | 94.1k tok/s
           eval | train 0.0670 | val 3.9512
iter   3020 | loss 0.0618 | lr 4.61e-04 | 899.1 ms/it | 36.4k tok/s
iter   3040 | loss 0.0648 | lr 4.60e-04 | 348.2 ms/it | 94.1k tok/s
iter   3060 | loss 0.0653 | lr 4.60e-04 | 348.2 ms/it | 94.1k tok/s
iter   3080 | loss 0.0694 | lr 4.59e-04 | 348.2 ms/it | 94.1k tok/s
iter   3100 | loss 0.0636 | lr 4.59e-04 | 348.0 ms/it | 94.2k tok/s
iter   3120 | loss 0.0645 | lr 4.58e-04 | 348.2 ms/it | 94.1k tok/s
iter   3140 | loss 0.0628 | lr 4.58e-04 | 348.0 ms/it | 94.1k tok/s
iter   3160 | loss 0.0619 | lr 4.57e-04 | 348.2 ms/it | 94.1k tok/s
iter   3180 | loss 0.0665 | lr 4.56e-04 | 348.2 ms/it | 94.1k tok/s
iter   3200 | loss 0.0638 | lr 4.56e-04 | 348.1 ms/it | 94.1k tok/s
iter   3220 | loss 0.0676 | lr 4.55e-04 | 348.3 ms/it | 94.1k tok/s
iter   3240 | loss 0.0642 | lr 4.55e-04 | 348.3 ms/it | 94.1k tok/s
iter   3260 | loss 0.0640 | lr 4.54e-04 | 348.2 ms/it | 94.1k tok/s
iter   3280 | loss 0.0605 | lr 4.54e-04 | 348.0 ms/it | 94.1k tok/s
iter   3300 | loss 0.0637 | lr 4.53e-04 | 348.1 ms/it | 94.1k tok/s
iter   3320 | loss 0.0675 | lr 4.52e-04 | 348.1 ms/it | 94.1k tok/s
iter   3340 | loss 0.0625 | lr 4.52e-04 | 348.0 ms/it | 94.2k tok/s
iter   3360 | loss 0.0627 | lr 4.51e-04 | 348.0 ms/it | 94.2k tok/s
iter   3380 | loss 0.0640 | lr 4.51e-04 | 348.0 ms/it | 94.2k tok/s
iter   3400 | loss 0.0636 | lr 4.50e-04 | 348.0 ms/it | 94.2k tok/s
iter   3420 | loss 0.0647 | lr 4.49e-04 | 348.0 ms/it | 94.2k tok/s
iter   3440 | loss 0.0629 | lr 4.49e-04 | 348.0 ms/it | 94.2k tok/s
iter   3460 | loss 0.0593 | lr 4.48e-04 | 348.0 ms/it | 94.2k tok/s
iter   3480 | loss 0.0625 | lr 4.48e-04 | 348.0 ms/it | 94.2k tok/s
iter   3500 | loss 0.0676 | lr 4.47e-04 | 348.0 ms/it | 94.2k tok/s
           eval | train 0.0610 | val 4.1389
iter   3520 | loss 0.0631 | lr 4.46e-04 | 899.0 ms/it | 36.5k tok/s
iter   3540 | loss 0.0645 | lr 4.46e-04 | 348.0 ms/it | 94.2k tok/s
iter   3560 | loss 0.0588 | lr 4.45e-04 | 348.0 ms/it | 94.2k tok/s
iter   3580 | loss 0.0620 | lr 4.45e-04 | 348.0 ms/it | 94.2k tok/s
iter   3600 | loss 0.0629 | lr 4.44e-04 | 348.0 ms/it | 94.2k tok/s
iter   3620 | loss 0.0577 | lr 4.43e-04 | 348.0 ms/it | 94.2k tok/s
iter   3640 | loss 0.0611 | lr 4.43e-04 | 348.0 ms/it | 94.2k tok/s
iter   3660 | loss 0.0598 | lr 4.42e-04 | 348.0 ms/it | 94.2k tok/s
iter   3680 | loss 0.0572 | lr 4.41e-04 | 348.1 ms/it | 94.1k tok/s
iter   3700 | loss 0.0589 | lr 4.41e-04 | 348.0 ms/it | 94.2k tok/s
iter   3720 | loss 0.0649 | lr 4.40e-04 | 348.0 ms/it | 94.2k tok/s
iter   3740 | loss 0.0576 | lr 4.39e-04 | 348.0 ms/it | 94.2k tok/s
iter   3760 | loss 0.0568 | lr 4.39e-04 | 348.2 ms/it | 94.1k tok/s
iter   3780 | loss 0.0585 | lr 4.38e-04 | 348.2 ms/it | 94.1k tok/s
iter   3800 | loss 0.0562 | lr 4.37e-04 | 348.1 ms/it | 94.1k tok/s
iter   3820 | loss 0.0587 | lr 4.37e-04 | 348.0 ms/it | 94.2k tok/s
iter   3840 | loss 0.0623 | lr 4.36e-04 | 348.2 ms/it | 94.1k tok/s
iter   3860 | loss 0.0593 | lr 4.35e-04 | 348.0 ms/it | 94.1k tok/s
iter   3880 | loss 0.0584 | lr 4.35e-04 | 348.0 ms/it | 94.2k tok/s
iter   3900 | loss 0.0568 | lr 4.34e-04 | 348.0 ms/it | 94.2k tok/s
iter   3920 | loss 0.0551 | lr 4.33e-04 | 348.0 ms/it | 94.2k tok/s
iter   3940 | loss 0.0574 | lr 4.33e-04 | 347.9 ms/it | 94.2k tok/s
iter   3960 | loss 0.0597 | lr 4.32e-04 | 347.9 ms/it | 94.2k tok/s
iter   3980 | loss 0.0561 | lr 4.31e-04 | 348.0 ms/it | 94.2k tok/s
iter   4000 | loss 0.0544 | lr 4.31e-04 | 348.0 ms/it | 94.2k tok/s
           eval | train 0.0572 | val 4.2850
           saved ckpt -> out/small/ckpt.pt
iter   4020 | loss 0.0615 | lr 4.30e-04 | 911.3 ms/it | 36.0k tok/s
iter   4040 | loss 0.0562 | lr 4.29e-04 | 348.0 ms/it | 94.2k tok/s
iter   4060 | loss 0.0572 | lr 4.29e-04 | 348.0 ms/it | 94.2k tok/s
iter   4080 | loss 0.0589 | lr 4.28e-04 | 347.9 ms/it | 94.2k tok/s
iter   4100 | loss 0.0582 | lr 4.27e-04 | 347.9 ms/it | 94.2k tok/s
iter   4120 | loss 0.0571 | lr 4.26e-04 | 348.0 ms/it | 94.2k tok/s
iter   4140 | loss 0.0560 | lr 4.26e-04 | 348.0 ms/it | 94.2k tok/s
iter   4160 | loss 0.0549 | lr 4.25e-04 | 348.0 ms/it | 94.2k tok/s
iter   4180 | loss 0.0568 | lr 4.24e-04 | 348.1 ms/it | 94.1k tok/s
iter   4200 | loss 0.0571 | lr 4.24e-04 | 347.8 ms/it | 94.2k tok/s
iter   4220 | loss 0.0561 | lr 4.23e-04 | 347.8 ms/it | 94.2k tok/s
iter   4240 | loss 0.0568 | lr 4.22e-04 | 347.8 ms/it | 94.2k tok/s
iter   4260 | loss 0.0558 | lr 4.21e-04 | 347.8 ms/it | 94.2k tok/s
iter   4280 | loss 0.0540 | lr 4.21e-04 | 347.7 ms/it | 94.2k tok/s
iter   4300 | loss 0.0531 | lr 4.20e-04 | 347.8 ms/it | 94.2k tok/s
iter   4320 | loss 0.0552 | lr 4.19e-04 | 347.9 ms/it | 94.2k tok/s
iter   4340 | loss 0.0489 | lr 4.19e-04 | 348.0 ms/it | 94.2k tok/s
iter   4360 | loss 0.0526 | lr 4.18e-04 | 348.0 ms/it | 94.2k tok/s
iter   4380 | loss 0.0530 | lr 4.17e-04 | 348.0 ms/it | 94.2k tok/s
iter   4400 | loss 0.0525 | lr 4.16e-04 | 348.0 ms/it | 94.2k tok/s
iter   4420 | loss 0.0563 | lr 4.16e-04 | 348.0 ms/it | 94.2k tok/s
iter   4440 | loss 0.0496 | lr 4.15e-04 | 348.0 ms/it | 94.2k tok/s
iter   4460 | loss 0.0538 | lr 4.14e-04 | 347.9 ms/it | 94.2k tok/s
iter   4480 | loss 0.0540 | lr 4.13e-04 | 347.9 ms/it | 94.2k tok/s
iter   4500 | loss 0.0515 | lr 4.13e-04 | 348.0 ms/it | 94.1k tok/s
           eval | train 0.0533 | val 4.3664
iter   4520 | loss 0.0530 | lr 4.12e-04 | 898.5 ms/it | 36.5k tok/s
iter   4540 | loss 0.0514 | lr 4.11e-04 | 348.2 ms/it | 94.1k tok/s
iter   4560 | loss 0.0515 | lr 4.10e-04 | 348.2 ms/it | 94.1k tok/s
iter   4580 | loss 0.0538 | lr 4.10e-04 | 348.1 ms/it | 94.1k tok/s
iter   4600 | loss 0.0520 | lr 4.09e-04 | 348.0 ms/it | 94.2k tok/s
iter   4620 | loss 0.0544 | lr 4.08e-04 | 348.0 ms/it | 94.2k tok/s
iter   4640 | loss 0.0516 | lr 4.07e-04 | 348.1 ms/it | 94.1k tok/s
iter   4660 | loss 0.0493 | lr 4.06e-04 | 348.1 ms/it | 94.1k tok/s
iter   4680 | loss 0.0541 | lr 4.06e-04 | 348.0 ms/it | 94.2k tok/s
iter   4700 | loss 0.0515 | lr 4.05e-04 | 348.0 ms/it | 94.2k tok/s
iter   4720 | loss 0.0504 | lr 4.04e-04 | 348.0 ms/it | 94.2k tok/s
iter   4740 | loss 0.0506 | lr 4.03e-04 | 347.9 ms/it | 94.2k tok/s
iter   4760 | loss 0.0507 | lr 4.03e-04 | 347.8 ms/it | 94.2k tok/s
iter   4780 | loss 0.0510 | lr 4.02e-04 | 347.8 ms/it | 94.2k tok/s
iter   4800 | loss 0.0520 | lr 4.01e-04 | 347.8 ms/it | 94.2k tok/s
iter   4820 | loss 0.0508 | lr 4.00e-04 | 347.8 ms/it | 94.2k tok/s
iter   4840 | loss 0.0494 | lr 3.99e-04 | 347.8 ms/it | 94.2k tok/s
iter   4860 | loss 0.0526 | lr 3.99e-04 | 347.9 ms/it | 94.2k tok/s
iter   4880 | loss 0.0533 | lr 3.98e-04 | 347.8 ms/it | 94.2k tok/s
iter   4900 | loss 0.0521 | lr 3.97e-04 | 347.8 ms/it | 94.2k tok/s
iter   4920 | loss 0.0497 | lr 3.96e-04 | 347.8 ms/it | 94.2k tok/s
iter   4940 | loss 0.0504 | lr 3.95e-04 | 347.8 ms/it | 94.2k tok/s
iter   4960 | loss 0.0485 | lr 3.95e-04 | 347.8 ms/it | 94.2k tok/s
iter   4980 | loss 0.0511 | lr 3.94e-04 | 347.8 ms/it | 94.2k tok/s
iter   5000 | loss 0.0508 | lr 3.93e-04 | 347.8 ms/it | 94.2k tok/s
           eval | train 0.0499 | val 4.4878
iter   5020 | loss 0.0502 | lr 3.92e-04 | 897.8 ms/it | 36.5k tok/s
iter   5040 | loss 0.0491 | lr 3.91e-04 | 347.9 ms/it | 94.2k tok/s
iter   5060 | loss 0.0522 | lr 3.91e-04 | 347.9 ms/it | 94.2k tok/s
iter   5080 | loss 0.0486 | lr 3.90e-04 | 347.9 ms/it | 94.2k tok/s
iter   5100 | loss 0.0514 | lr 3.89e-04 | 347.9 ms/it | 94.2k tok/s
iter   5120 | loss 0.0490 | lr 3.88e-04 | 347.9 ms/it | 94.2k tok/s
iter   5140 | loss 0.0502 | lr 3.87e-04 | 347.8 ms/it | 94.2k tok/s
iter   5160 | loss 0.0467 | lr 3.86e-04 | 347.9 ms/it | 94.2k tok/s
iter   5180 | loss 0.0464 | lr 3.86e-04 | 347.9 ms/it | 94.2k tok/s
iter   5200 | loss 0.0495 | lr 3.85e-04 | 347.8 ms/it | 94.2k tok/s
iter   5220 | loss 0.0452 | lr 3.84e-04 | 347.9 ms/it | 94.2k tok/s
iter   5240 | loss 0.0496 | lr 3.83e-04 | 347.9 ms/it | 94.2k tok/s
iter   5260 | loss 0.0500 | lr 3.82e-04 | 347.9 ms/it | 94.2k tok/s
iter   5280 | loss 0.0502 | lr 3.81e-04 | 347.8 ms/it | 94.2k tok/s
iter   5300 | loss 0.0467 | lr 3.81e-04 | 347.9 ms/it | 94.2k tok/s
iter   5320 | loss 0.0466 | lr 3.80e-04 | 347.8 ms/it | 94.2k tok/s
iter   5340 | loss 0.0496 | lr 3.79e-04 | 347.9 ms/it | 94.2k tok/s
iter   5360 | loss 0.0504 | lr 3.78e-04 | 347.9 ms/it | 94.2k tok/s
iter   5380 | loss 0.0476 | lr 3.77e-04 | 347.9 ms/it | 94.2k tok/s
iter   5400 | loss 0.0497 | lr 3.76e-04 | 347.8 ms/it | 94.2k tok/s
iter   5420 | loss 0.0511 | lr 3.75e-04 | 347.9 ms/it | 94.2k tok/s
iter   5440 | loss 0.0477 | lr 3.75e-04 | 347.9 ms/it | 94.2k tok/s
iter   5460 | loss 0.0516 | lr 3.74e-04 | 347.8 ms/it | 94.2k tok/s
iter   5480 | loss 0.0481 | lr 3.73e-04 | 347.9 ms/it | 94.2k tok/s
iter   5500 | loss 0.0474 | lr 3.72e-04 | 348.0 ms/it | 94.2k tok/s
           eval | train 0.0472 | val 4.5986
iter   5520 | loss 0.0471 | lr 3.71e-04 | 897.7 ms/it | 36.5k tok/s
iter   5540 | loss 0.0486 | lr 3.70e-04 | 348.0 ms/it | 94.2k tok/s
iter   5560 | loss 0.0463 | lr 3.69e-04 | 348.0 ms/it | 94.2k tok/s
iter   5580 | loss 0.0477 | lr 3.69e-04 | 347.9 ms/it | 94.2k tok/s
iter   5600 | loss 0.0470 | lr 3.68e-04 | 348.0 ms/it | 94.2k tok/s
iter   5620 | loss 0.0465 | lr 3.67e-04 | 347.9 ms/it | 94.2k tok/s
iter   5640 | loss 0.0465 | lr 3.66e-04 | 347.9 ms/it | 94.2k tok/s
iter   5660 | loss 0.0463 | lr 3.65e-04 | 347.9 ms/it | 94.2k tok/s
iter   5680 | loss 0.0450 | lr 3.64e-04 | 347.9 ms/it | 94.2k tok/s
iter   5700 | loss 0.0454 | lr 3.63e-04 | 348.0 ms/it | 94.2k tok/s
iter   5720 | loss 0.0484 | lr 3.62e-04 | 348.0 ms/it | 94.2k tok/s
iter   5740 | loss 0.0468 | lr 3.62e-04 | 347.9 ms/it | 94.2k tok/s
iter   5760 | loss 0.0467 | lr 3.61e-04 | 347.9 ms/it | 94.2k tok/s
iter   5780 | loss 0.0468 | lr 3.60e-04 | 347.9 ms/it | 94.2k tok/s
iter   5800 | loss 0.0468 | lr 3.59e-04 | 347.9 ms/it | 94.2k tok/s
iter   5820 | loss 0.0482 | lr 3.58e-04 | 348.0 ms/it | 94.2k tok/s
iter   5840 | loss 0.0443 | lr 3.57e-04 | 348.0 ms/it | 94.2k tok/s
iter   5860 | loss 0.0459 | lr 3.56e-04 | 348.0 ms/it | 94.2k tok/s
iter   5880 | loss 0.0455 | lr 3.55e-04 | 347.9 ms/it | 94.2k tok/s
iter   5900 | loss 0.0438 | lr 3.54e-04 | 348.0 ms/it | 94.2k tok/s
iter   5920 | loss 0.0462 | lr 3.54e-04 | 348.0 ms/it | 94.2k tok/s
iter   5940 | loss 0.0475 | lr 3.53e-04 | 348.0 ms/it | 94.2k tok/s
iter   5960 | loss 0.0446 | lr 3.52e-04 | 348.0 ms/it | 94.2k tok/s
iter   5980 | loss 0.0444 | lr 3.51e-04 | 348.0 ms/it | 94.2k tok/s
iter   6000 | loss 0.0499 | lr 3.50e-04 | 348.0 ms/it | 94.2k tok/s
           eval | train 0.0447 | val 4.6861
           saved ckpt -> out/small/ckpt.pt
iter   6020 | loss 0.0450 | lr 3.49e-04 | 909.9 ms/it | 36.0k tok/s
iter   6040 | loss 0.0453 | lr 3.48e-04 | 347.9 ms/it | 94.2k tok/s
iter   6060 | loss 0.0416 | lr 3.47e-04 | 347.9 ms/it | 94.2k tok/s
iter   6080 | loss 0.0449 | lr 3.46e-04 | 347.9 ms/it | 94.2k tok/s
iter   6100 | loss 0.0443 | lr 3.45e-04 | 347.8 ms/it | 94.2k tok/s
iter   6120 | loss 0.0452 | lr 3.45e-04 | 347.9 ms/it | 94.2k tok/s
iter   6140 | loss 0.0418 | lr 3.44e-04 | 347.8 ms/it | 94.2k tok/s
iter   6160 | loss 0.0472 | lr 3.43e-04 | 347.8 ms/it | 94.2k tok/s
iter   6180 | loss 0.0457 | lr 3.42e-04 | 347.9 ms/it | 94.2k tok/s
iter   6200 | loss 0.0452 | lr 3.41e-04 | 347.9 ms/it | 94.2k tok/s
iter   6220 | loss 0.0421 | lr 3.40e-04 | 347.8 ms/it | 94.2k tok/s
iter   6240 | loss 0.0437 | lr 3.39e-04 | 347.8 ms/it | 94.2k tok/s
iter   6260 | loss 0.0438 | lr 3.38e-04 | 347.8 ms/it | 94.2k tok/s
iter   6280 | loss 0.0426 | lr 3.37e-04 | 347.9 ms/it | 94.2k tok/s
iter   6300 | loss 0.0445 | lr 3.36e-04 | 347.9 ms/it | 94.2k tok/s
iter   6320 | loss 0.0444 | lr 3.35e-04 | 347.9 ms/it | 94.2k tok/s
iter   6340 | loss 0.0423 | lr 3.34e-04 | 348.0 ms/it | 94.2k tok/s
iter   6360 | loss 0.0472 | lr 3.34e-04 | 347.9 ms/it | 94.2k tok/s
iter   6380 | loss 0.0430 | lr 3.33e-04 | 347.8 ms/it | 94.2k tok/s
iter   6400 | loss 0.0433 | lr 3.32e-04 | 347.9 ms/it | 94.2k tok/s
iter   6420 | loss 0.0463 | lr 3.31e-04 | 347.9 ms/it | 94.2k tok/s
iter   6440 | loss 0.0417 | lr 3.30e-04 | 347.8 ms/it | 94.2k tok/s
iter   6460 | loss 0.0436 | lr 3.29e-04 | 347.9 ms/it | 94.2k tok/s
iter   6480 | loss 0.0436 | lr 3.28e-04 | 347.9 ms/it | 94.2k tok/s
iter   6500 | loss 0.0442 | lr 3.27e-04 | 347.9 ms/it | 94.2k tok/s
           eval | train 0.0432 | val 4.8337
iter   6520 | loss 0.0430 | lr 3.26e-04 | 897.8 ms/it | 36.5k tok/s
iter   6540 | loss 0.0429 | lr 3.25e-04 | 348.1 ms/it | 94.1k tok/s
iter   6560 | loss 0.0445 | lr 3.24e-04 | 348.1 ms/it | 94.1k tok/s
iter   6580 | loss 0.0407 | lr 3.23e-04 | 348.0 ms/it | 94.2k tok/s
iter   6600 | loss 0.0410 | lr 3.22e-04 | 348.0 ms/it | 94.2k tok/s
iter   6620 | loss 0.0419 | lr 3.21e-04 | 347.9 ms/it | 94.2k tok/s
iter   6640 | loss 0.0424 | lr 3.21e-04 | 348.0 ms/it | 94.2k tok/s
iter   6660 | loss 0.0422 | lr 3.20e-04 | 347.9 ms/it | 94.2k tok/s
iter   6680 | loss 0.0426 | lr 3.19e-04 | 347.9 ms/it | 94.2k tok/s
iter   6700 | loss 0.0433 | lr 3.18e-04 | 347.9 ms/it | 94.2k tok/s
iter   6720 | loss 0.0414 | lr 3.17e-04 | 347.9 ms/it | 94.2k tok/s
iter   6740 | loss 0.0424 | lr 3.16e-04 | 347.9 ms/it | 94.2k tok/s
iter   6760 | loss 0.0436 | lr 3.15e-04 | 348.1 ms/it | 94.1k tok/s
iter   6780 | loss 0.0427 | lr 3.14e-04 | 348.0 ms/it | 94.2k tok/s
iter   6800 | loss 0.0407 | lr 3.13e-04 | 348.0 ms/it | 94.2k tok/s
iter   6820 | loss 0.0409 | lr 3.12e-04 | 347.8 ms/it | 94.2k tok/s
iter   6840 | loss 0.0416 | lr 3.11e-04 | 347.9 ms/it | 94.2k tok/s
iter   6860 | loss 0.0423 | lr 3.10e-04 | 347.9 ms/it | 94.2k tok/s
iter   6880 | loss 0.0402 | lr 3.09e-04 | 347.9 ms/it | 94.2k tok/s
iter   6900 | loss 0.0430 | lr 3.08e-04 | 347.9 ms/it | 94.2k tok/s
iter   6920 | loss 0.0408 | lr 3.07e-04 | 347.9 ms/it | 94.2k tok/s
iter   6940 | loss 0.0405 | lr 3.06e-04 | 347.8 ms/it | 94.2k tok/s
iter   6960 | loss 0.0403 | lr 3.05e-04 | 347.9 ms/it | 94.2k tok/s
iter   6980 | loss 0.0395 | lr 3.05e-04 | 347.9 ms/it | 94.2k tok/s
iter   7000 | loss 0.0405 | lr 3.04e-04 | 347.9 ms/it | 94.2k tok/s
           eval | train 0.0409 | val 4.8368
iter   7020 | loss 0.0414 | lr 3.03e-04 | 897.9 ms/it | 36.5k tok/s
iter   7040 | loss 0.0408 | lr 3.02e-04 | 348.0 ms/it | 94.2k tok/s
iter   7060 | loss 0.0402 | lr 3.01e-04 | 347.9 ms/it | 94.2k tok/s
iter   7080 | loss 0.0393 | lr 3.00e-04 | 348.0 ms/it | 94.2k tok/s
iter   7100 | loss 0.0420 | lr 2.99e-04 | 347.9 ms/it | 94.2k tok/s
iter   7120 | loss 0.0394 | lr 2.98e-04 | 347.9 ms/it | 94.2k tok/s
iter   7140 | loss 0.0425 | lr 2.97e-04 | 347.9 ms/it | 94.2k tok/s
iter   7160 | loss 0.0408 | lr 2.96e-04 | 347.9 ms/it | 94.2k tok/s
iter   7180 | loss 0.0408 | lr 2.95e-04 | 347.9 ms/it | 94.2k tok/s
iter   7200 | loss 0.0391 | lr 2.94e-04 | 347.9 ms/it | 94.2k tok/s
iter   7220 | loss 0.0407 | lr 2.93e-04 | 347.9 ms/it | 94.2k tok/s
iter   7240 | loss 0.0405 | lr 2.92e-04 | 347.8 ms/it | 94.2k tok/s
iter   7260 | loss 0.0408 | lr 2.91e-04 | 347.8 ms/it | 94.2k tok/s
iter   7280 | loss 0.0400 | lr 2.90e-04 | 347.8 ms/it | 94.2k tok/s
iter   7300 | loss 0.0432 | lr 2.89e-04 | 347.8 ms/it | 94.2k tok/s
iter   7320 | loss 0.0393 | lr 2.88e-04 | 347.7 ms/it | 94.2k tok/s
iter   7340 | loss 0.0383 | lr 2.87e-04 | 347.8 ms/it | 94.2k tok/s
iter   7360 | loss 0.0410 | lr 2.86e-04 | 347.8 ms/it | 94.2k tok/s
iter   7380 | loss 0.0400 | lr 2.86e-04 | 347.9 ms/it | 94.2k tok/s
iter   7400 | loss 0.0427 | lr 2.85e-04 | 347.9 ms/it | 94.2k tok/s
iter   7420 | loss 0.0396 | lr 2.84e-04 | 347.7 ms/it | 94.2k tok/s
iter   7440 | loss 0.0375 | lr 2.83e-04 | 347.8 ms/it | 94.2k tok/s
iter   7460 | loss 0.0402 | lr 2.82e-04 | 347.8 ms/it | 94.2k tok/s
iter   7480 | loss 0.0384 | lr 2.81e-04 | 348.0 ms/it | 94.2k tok/s
iter   7500 | loss 0.0403 | lr 2.80e-04 | 347.9 ms/it | 94.2k tok/s
           eval | train 0.0393 | val 4.9563
iter   7520 | loss 0.0398 | lr 2.79e-04 | 897.6 ms/it | 36.5k tok/s
iter   7540 | loss 0.0384 | lr 2.78e-04 | 347.9 ms/it | 94.2k tok/s
iter   7560 | loss 0.0393 | lr 2.77e-04 | 347.9 ms/it | 94.2k tok/s
iter   7580 | loss 0.0373 | lr 2.76e-04 | 347.8 ms/it | 94.2k tok/s
iter   7600 | loss 0.0385 | lr 2.75e-04 | 347.8 ms/it | 94.2k tok/s
iter   7620 | loss 0.0384 | lr 2.74e-04 | 348.0 ms/it | 94.2k tok/s
iter   7640 | loss 0.0380 | lr 2.73e-04 | 347.9 ms/it | 94.2k tok/s
iter   7660 | loss 0.0399 | lr 2.72e-04 | 347.8 ms/it | 94.2k tok/s
iter   7680 | loss 0.0376 | lr 2.71e-04 | 347.7 ms/it | 94.3k tok/s
iter   7700 | loss 0.0365 | lr 2.70e-04 | 347.7 ms/it | 94.3k tok/s
iter   7720 | loss 0.0374 | lr 2.69e-04 | 347.6 ms/it | 94.3k tok/s
iter   7740 | loss 0.0393 | lr 2.68e-04 | 347.6 ms/it | 94.3k tok/s
iter   7760 | loss 0.0392 | lr 2.67e-04 | 347.7 ms/it | 94.2k tok/s
iter   7780 | loss 0.0395 | lr 2.66e-04 | 347.7 ms/it | 94.2k tok/s
iter   7800 | loss 0.0385 | lr 2.65e-04 | 347.7 ms/it | 94.2k tok/s
iter   7820 | loss 0.0391 | lr 2.64e-04 | 347.6 ms/it | 94.3k tok/s
iter   7840 | loss 0.0391 | lr 2.64e-04 | 347.7 ms/it | 94.3k tok/s
iter   7860 | loss 0.0400 | lr 2.63e-04 | 347.8 ms/it | 94.2k tok/s
iter   7880 | loss 0.0389 | lr 2.62e-04 | 347.9 ms/it | 94.2k tok/s
iter   7900 | loss 0.0384 | lr 2.61e-04 | 347.8 ms/it | 94.2k tok/s
iter   7920 | loss 0.0390 | lr 2.60e-04 | 347.8 ms/it | 94.2k tok/s
iter   7940 | loss 0.0385 | lr 2.59e-04 | 347.8 ms/it | 94.2k tok/s
iter   7960 | loss 0.0384 | lr 2.58e-04 | 347.9 ms/it | 94.2k tok/s
iter   7980 | loss 0.0381 | lr 2.57e-04 | 347.9 ms/it | 94.2k tok/s
iter   8000 | loss 0.0365 | lr 2.56e-04 | 347.9 ms/it | 94.2k tok/s
           eval | train 0.0374 | val 5.0910
           saved ckpt -> out/small/ckpt.pt
iter   8020 | loss 0.0368 | lr 2.55e-04 | 911.2 ms/it | 36.0k tok/s
iter   8040 | loss 0.0387 | lr 2.54e-04 | 348.0 ms/it | 94.2k tok/s
iter   8060 | loss 0.0378 | lr 2.53e-04 | 348.0 ms/it | 94.2k tok/s
iter   8080 | loss 0.0360 | lr 2.52e-04 | 348.0 ms/it | 94.2k tok/s
iter   8100 | loss 0.0395 | lr 2.51e-04 | 348.0 ms/it | 94.2k tok/s
iter   8120 | loss 0.0370 | lr 2.50e-04 | 348.0 ms/it | 94.2k tok/s
iter   8140 | loss 0.0357 | lr 2.49e-04 | 348.0 ms/it | 94.2k tok/s
iter   8160 | loss 0.0371 | lr 2.48e-04 | 348.0 ms/it | 94.2k tok/s
iter   8180 | loss 0.0370 | lr 2.47e-04 | 348.0 ms/it | 94.2k tok/s
iter   8200 | loss 0.0366 | lr 2.46e-04 | 348.1 ms/it | 94.1k tok/s
iter   8220 | loss 0.0348 | lr 2.45e-04 | 348.2 ms/it | 94.1k tok/s
iter   8240 | loss 0.0372 | lr 2.45e-04 | 348.2 ms/it | 94.1k tok/s
iter   8260 | loss 0.0377 | lr 2.44e-04 | 348.2 ms/it | 94.1k tok/s
iter   8280 | loss 0.0364 | lr 2.43e-04 | 348.0 ms/it | 94.1k tok/s
iter   8300 | loss 0.0378 | lr 2.42e-04 | 348.0 ms/it | 94.2k tok/s
iter   8320 | loss 0.0358 | lr 2.41e-04 | 348.0 ms/it | 94.2k tok/s
iter   8340 | loss 0.0373 | lr 2.40e-04 | 348.1 ms/it | 94.1k tok/s
iter   8360 | loss 0.0366 | lr 2.39e-04 | 348.2 ms/it | 94.1k tok/s
iter   8380 | loss 0.0370 | lr 2.38e-04 | 348.0 ms/it | 94.2k tok/s
iter   8400 | loss 0.0397 | lr 2.37e-04 | 348.1 ms/it | 94.1k tok/s
iter   8420 | loss 0.0360 | lr 2.36e-04 | 348.0 ms/it | 94.2k tok/s
iter   8440 | loss 0.0352 | lr 2.35e-04 | 348.0 ms/it | 94.2k tok/s
iter   8460 | loss 0.0394 | lr 2.34e-04 | 348.0 ms/it | 94.2k tok/s
iter   8480 | loss 0.0379 | lr 2.33e-04 | 348.0 ms/it | 94.2k tok/s
iter   8500 | loss 0.0371 | lr 2.32e-04 | 348.0 ms/it | 94.2k tok/s
           eval | train 0.0361 | val 5.1133
iter   8520 | loss 0.0361 | lr 2.31e-04 | 898.7 ms/it | 36.5k tok/s
iter   8540 | loss 0.0358 | lr 2.30e-04 | 348.1 ms/it | 94.1k tok/s
iter   8560 | loss 0.0342 | lr 2.29e-04 | 348.0 ms/it | 94.2k tok/s
iter   8580 | loss 0.0389 | lr 2.29e-04 | 348.0 ms/it | 94.2k tok/s
iter   8600 | loss 0.0357 | lr 2.28e-04 | 348.0 ms/it | 94.2k tok/s
iter   8620 | loss 0.0351 | lr 2.27e-04 | 348.0 ms/it | 94.2k tok/s
iter   8640 | loss 0.0369 | lr 2.26e-04 | 348.0 ms/it | 94.2k tok/s
iter   8660 | loss 0.0376 | lr 2.25e-04 | 348.0 ms/it | 94.2k tok/s
iter   8680 | loss 0.0369 | lr 2.24e-04 | 348.0 ms/it | 94.1k tok/s
iter   8700 | loss 0.0356 | lr 2.23e-04 | 348.2 ms/it | 94.1k tok/s
iter   8720 | loss 0.0362 | lr 2.22e-04 | 348.2 ms/it | 94.1k tok/s
iter   8740 | loss 0.0346 | lr 2.21e-04 | 348.0 ms/it | 94.2k tok/s
iter   8760 | loss 0.0340 | lr 2.20e-04 | 348.2 ms/it | 94.1k tok/s
iter   8780 | loss 0.0370 | lr 2.19e-04 | 348.1 ms/it | 94.1k tok/s
iter   8800 | loss 0.0361 | lr 2.18e-04 | 348.1 ms/it | 94.1k tok/s
iter   8820 | loss 0.0341 | lr 2.17e-04 | 348.0 ms/it | 94.2k tok/s
iter   8840 | loss 0.0345 | lr 2.16e-04 | 348.0 ms/it | 94.2k tok/s
iter   8860 | loss 0.0357 | lr 2.16e-04 | 348.0 ms/it | 94.1k tok/s
iter   8880 | loss 0.0351 | lr 2.15e-04 | 348.1 ms/it | 94.1k tok/s
iter   8900 | loss 0.0366 | lr 2.14e-04 | 348.2 ms/it | 94.1k tok/s
iter   8920 | loss 0.0362 | lr 2.13e-04 | 348.0 ms/it | 94.2k tok/s
iter   8940 | loss 0.0370 | lr 2.12e-04 | 348.0 ms/it | 94.2k tok/s
iter   8960 | loss 0.0361 | lr 2.11e-04 | 348.1 ms/it | 94.1k tok/s
iter   8980 | loss 0.0370 | lr 2.10e-04 | 348.2 ms/it | 94.1k tok/s
iter   9000 | loss 0.0352 | lr 2.09e-04 | 348.1 ms/it | 94.1k tok/s
           eval | train 0.0351 | val 5.0851
iter   9020 | loss 0.0365 | lr 2.08e-04 | 899.7 ms/it | 36.4k tok/s
iter   9040 | loss 0.0359 | lr 2.07e-04 | 348.2 ms/it | 94.1k tok/s
iter   9060 | loss 0.0361 | lr 2.06e-04 | 348.1 ms/it | 94.1k tok/s
iter   9080 | loss 0.0345 | lr 2.05e-04 | 348.2 ms/it | 94.1k tok/s
iter   9100 | loss 0.0351 | lr 2.05e-04 | 348.2 ms/it | 94.1k tok/s
iter   9120 | loss 0.0336 | lr 2.04e-04 | 348.1 ms/it | 94.1k tok/s
iter   9140 | loss 0.0340 | lr 2.03e-04 | 348.0 ms/it | 94.2k tok/s
iter   9160 | loss 0.0355 | lr 2.02e-04 | 348.0 ms/it | 94.2k tok/s
iter   9180 | loss 0.0347 | lr 2.01e-04 | 348.0 ms/it | 94.2k tok/s
iter   9200 | loss 0.0366 | lr 2.00e-04 | 348.0 ms/it | 94.2k tok/s
iter   9220 | loss 0.0351 | lr 1.99e-04 | 348.0 ms/it | 94.2k tok/s
iter   9240 | loss 0.0358 | lr 1.98e-04 | 348.0 ms/it | 94.2k tok/s
iter   9260 | loss 0.0339 | lr 1.97e-04 | 348.0 ms/it | 94.2k tok/s
iter   9280 | loss 0.0335 | lr 1.96e-04 | 348.0 ms/it | 94.1k tok/s
iter   9300 | loss 0.0344 | lr 1.96e-04 | 348.0 ms/it | 94.2k tok/s
iter   9320 | loss 0.0329 | lr 1.95e-04 | 348.0 ms/it | 94.2k tok/s
iter   9340 | loss 0.0345 | lr 1.94e-04 | 348.0 ms/it | 94.2k tok/s
iter   9360 | loss 0.0344 | lr 1.93e-04 | 348.2 ms/it | 94.1k tok/s
iter   9380 | loss 0.0336 | lr 1.92e-04 | 348.3 ms/it | 94.1k tok/s
iter   9400 | loss 0.0333 | lr 1.91e-04 | 348.0 ms/it | 94.2k tok/s
iter   9420 | loss 0.0338 | lr 1.90e-04 | 348.1 ms/it | 94.1k tok/s
iter   9440 | loss 0.0327 | lr 1.89e-04 | 348.0 ms/it | 94.2k tok/s
iter   9460 | loss 0.0336 | lr 1.88e-04 | 348.0 ms/it | 94.2k tok/s
iter   9480 | loss 0.0332 | lr 1.88e-04 | 348.0 ms/it | 94.2k tok/s
iter   9500 | loss 0.0341 | lr 1.87e-04 | 348.0 ms/it | 94.2k tok/s
           eval | train 0.0339 | val 5.3070
iter   9520 | loss 0.0338 | lr 1.86e-04 | 898.3 ms/it | 36.5k tok/s
iter   9540 | loss 0.0330 | lr 1.85e-04 | 348.0 ms/it | 94.2k tok/s
iter   9560 | loss 0.0329 | lr 1.84e-04 | 347.9 ms/it | 94.2k tok/s
iter   9580 | loss 0.0322 | lr 1.83e-04 | 348.0 ms/it | 94.2k tok/s
iter   9600 | loss 0.0334 | lr 1.82e-04 | 348.1 ms/it | 94.1k tok/s
iter   9620 | loss 0.0331 | lr 1.81e-04 | 348.0 ms/it | 94.2k tok/s
iter   9640 | loss 0.0352 | lr 1.81e-04 | 348.0 ms/it | 94.2k tok/s
iter   9660 | loss 0.0335 | lr 1.80e-04 | 347.9 ms/it | 94.2k tok/s
iter   9680 | loss 0.0332 | lr 1.79e-04 | 348.0 ms/it | 94.2k tok/s
iter   9700 | loss 0.0340 | lr 1.78e-04 | 347.9 ms/it | 94.2k tok/s
iter   9720 | loss 0.0338 | lr 1.77e-04 | 348.1 ms/it | 94.1k tok/s
iter   9740 | loss 0.0324 | lr 1.76e-04 | 347.9 ms/it | 94.2k tok/s
iter   9760 | loss 0.0340 | lr 1.75e-04 | 348.0 ms/it | 94.2k tok/s
iter   9780 | loss 0.0339 | lr 1.75e-04 | 348.0 ms/it | 94.2k tok/s
iter   9800 | loss 0.0335 | lr 1.74e-04 | 347.9 ms/it | 94.2k tok/s
iter   9820 | loss 0.0339 | lr 1.73e-04 | 347.9 ms/it | 94.2k tok/s
iter   9840 | loss 0.0334 | lr 1.72e-04 | 347.9 ms/it | 94.2k tok/s
iter   9860 | loss 0.0332 | lr 1.71e-04 | 348.0 ms/it | 94.2k tok/s
iter   9880 | loss 0.0327 | lr 1.70e-04 | 348.0 ms/it | 94.2k tok/s
iter   9900 | loss 0.0344 | lr 1.69e-04 | 348.0 ms/it | 94.2k tok/s
iter   9920 | loss 0.0330 | lr 1.69e-04 | 348.0 ms/it | 94.2k tok/s
iter   9940 | loss 0.0307 | lr 1.68e-04 | 348.0 ms/it | 94.2k tok/s
iter   9960 | loss 0.0324 | lr 1.67e-04 | 348.0 ms/it | 94.2k tok/s
iter   9980 | loss 0.0338 | lr 1.66e-04 | 348.0 ms/it | 94.2k tok/s
iter  10000 | loss 0.0310 | lr 1.65e-04 | 348.0 ms/it | 94.2k tok/s
           eval | train 0.0326 | val 5.3165
           saved ckpt -> out/small/ckpt.pt
iter  10020 | loss 0.0342 | lr 1.64e-04 | 914.1 ms/it | 35.8k tok/s
iter  10040 | loss 0.0322 | lr 1.64e-04 | 347.9 ms/it | 94.2k tok/s
iter  10060 | loss 0.0329 | lr 1.63e-04 | 347.9 ms/it | 94.2k tok/s
iter  10080 | loss 0.0335 | lr 1.62e-04 | 347.9 ms/it | 94.2k tok/s
iter  10100 | loss 0.0312 | lr 1.61e-04 | 347.9 ms/it | 94.2k tok/s
iter  10120 | loss 0.0320 | lr 1.60e-04 | 348.0 ms/it | 94.2k tok/s
iter  10140 | loss 0.0325 | lr 1.59e-04 | 347.9 ms/it | 94.2k tok/s
iter  10160 | loss 0.0331 | lr 1.59e-04 | 347.9 ms/it | 94.2k tok/s
iter  10180 | loss 0.0341 | lr 1.58e-04 | 347.9 ms/it | 94.2k tok/s
iter  10200 | loss 0.0316 | lr 1.57e-04 | 347.9 ms/it | 94.2k tok/s
iter  10220 | loss 0.0303 | lr 1.56e-04 | 347.9 ms/it | 94.2k tok/s
iter  10240 | loss 0.0321 | lr 1.55e-04 | 347.8 ms/it | 94.2k tok/s
iter  10260 | loss 0.0314 | lr 1.55e-04 | 347.9 ms/it | 94.2k tok/s
iter  10280 | loss 0.0330 | lr 1.54e-04 | 347.9 ms/it | 94.2k tok/s
iter  10300 | loss 0.0323 | lr 1.53e-04 | 347.9 ms/it | 94.2k tok/s
iter  10320 | loss 0.0334 | lr 1.52e-04 | 347.8 ms/it | 94.2k tok/s
iter  10340 | loss 0.0321 | lr 1.51e-04 | 347.8 ms/it | 94.2k tok/s
iter  10360 | loss 0.0312 | lr 1.51e-04 | 347.9 ms/it | 94.2k tok/s
iter  10380 | loss 0.0325 | lr 1.50e-04 | 347.8 ms/it | 94.2k tok/s
iter  10400 | loss 0.0321 | lr 1.49e-04 | 347.9 ms/it | 94.2k tok/s
iter  10420 | loss 0.0315 | lr 1.48e-04 | 347.8 ms/it | 94.2k tok/s
iter  10440 | loss 0.0330 | lr 1.47e-04 | 347.8 ms/it | 94.2k tok/s
iter  10460 | loss 0.0332 | lr 1.47e-04 | 347.9 ms/it | 94.2k tok/s
iter  10480 | loss 0.0305 | lr 1.46e-04 | 347.9 ms/it | 94.2k tok/s
iter  10500 | loss 0.0314 | lr 1.45e-04 | 347.8 ms/it | 94.2k tok/s
           eval | train 0.0320 | val 5.3425
iter  10520 | loss 0.0316 | lr 1.44e-04 | 897.7 ms/it | 36.5k tok/s
iter  10540 | loss 0.0325 | lr 1.44e-04 | 347.9 ms/it | 94.2k tok/s
iter  10560 | loss 0.0320 | lr 1.43e-04 | 347.9 ms/it | 94.2k tok/s
iter  10580 | loss 0.0320 | lr 1.42e-04 | 347.9 ms/it | 94.2k tok/s
iter  10600 | loss 0.0327 | lr 1.41e-04 | 347.9 ms/it | 94.2k tok/s
iter  10620 | loss 0.0336 | lr 1.40e-04 | 347.8 ms/it | 94.2k tok/s
iter  10640 | loss 0.0313 | lr 1.40e-04 | 347.8 ms/it | 94.2k tok/s
iter  10660 | loss 0.0326 | lr 1.39e-04 | 347.8 ms/it | 94.2k tok/s
iter  10680 | loss 0.0314 | lr 1.38e-04 | 347.8 ms/it | 94.2k tok/s
iter  10700 | loss 0.0323 | lr 1.37e-04 | 347.8 ms/it | 94.2k tok/s
iter  10720 | loss 0.0319 | lr 1.37e-04 | 347.8 ms/it | 94.2k tok/s
iter  10740 | loss 0.0303 | lr 1.36e-04 | 347.8 ms/it | 94.2k tok/s
iter  10760 | loss 0.0313 | lr 1.35e-04 | 347.8 ms/it | 94.2k tok/s
iter  10780 | loss 0.0310 | lr 1.34e-04 | 347.8 ms/it | 94.2k tok/s
iter  10800 | loss 0.0323 | lr 1.34e-04 | 347.8 ms/it | 94.2k tok/s
iter  10820 | loss 0.0326 | lr 1.33e-04 | 347.8 ms/it | 94.2k tok/s
iter  10840 | loss 0.0308 | lr 1.32e-04 | 347.8 ms/it | 94.2k tok/s
iter  10860 | loss 0.0315 | lr 1.31e-04 | 347.7 ms/it | 94.2k tok/s
iter  10880 | loss 0.0304 | lr 1.31e-04 | 347.8 ms/it | 94.2k tok/s
iter  10900 | loss 0.0320 | lr 1.30e-04 | 347.8 ms/it | 94.2k tok/s
iter  10920 | loss 0.0315 | lr 1.29e-04 | 347.8 ms/it | 94.2k tok/s
iter  10940 | loss 0.0322 | lr 1.29e-04 | 347.7 ms/it | 94.2k tok/s
iter  10960 | loss 0.0306 | lr 1.28e-04 | 347.7 ms/it | 94.2k tok/s
iter  10980 | loss 0.0318 | lr 1.27e-04 | 347.8 ms/it | 94.2k tok/s
iter  11000 | loss 0.0319 | lr 1.26e-04 | 347.8 ms/it | 94.2k tok/s
           eval | train 0.0309 | val 5.3645
iter  11020 | loss 0.0322 | lr 1.26e-04 | 898.5 ms/it | 36.5k tok/s
iter  11040 | loss 0.0331 | lr 1.25e-04 | 348.0 ms/it | 94.2k tok/s
iter  11060 | loss 0.0325 | lr 1.24e-04 | 348.0 ms/it | 94.2k tok/s
iter  11080 | loss 0.0332 | lr 1.24e-04 | 347.8 ms/it | 94.2k tok/s
iter  11100 | loss 0.0325 | lr 1.23e-04 | 347.8 ms/it | 94.2k tok/s
iter  11120 | loss 0.0311 | lr 1.22e-04 | 347.8 ms/it | 94.2k tok/s
iter  11140 | loss 0.0322 | lr 1.21e-04 | 347.8 ms/it | 94.2k tok/s
iter  11160 | loss 0.0316 | lr 1.21e-04 | 347.8 ms/it | 94.2k tok/s
iter  11180 | loss 0.0293 | lr 1.20e-04 | 347.8 ms/it | 94.2k tok/s
iter  11200 | loss 0.0299 | lr 1.19e-04 | 347.7 ms/it | 94.2k tok/s
iter  11220 | loss 0.0309 | lr 1.19e-04 | 347.8 ms/it | 94.2k tok/s
iter  11240 | loss 0.0313 | lr 1.18e-04 | 347.7 ms/it | 94.2k tok/s
iter  11260 | loss 0.0305 | lr 1.17e-04 | 347.7 ms/it | 94.2k tok/s
iter  11280 | loss 0.0304 | lr 1.17e-04 | 347.7 ms/it | 94.2k tok/s
iter  11300 | loss 0.0309 | lr 1.16e-04 | 347.7 ms/it | 94.2k tok/s
iter  11320 | loss 0.0309 | lr 1.15e-04 | 347.9 ms/it | 94.2k tok/s
iter  11340 | loss 0.0289 | lr 1.15e-04 | 347.9 ms/it | 94.2k tok/s
iter  11360 | loss 0.0312 | lr 1.14e-04 | 347.7 ms/it | 94.2k tok/s
iter  11380 | loss 0.0299 | lr 1.13e-04 | 347.7 ms/it | 94.2k tok/s
iter  11400 | loss 0.0298 | lr 1.13e-04 | 347.7 ms/it | 94.2k tok/s
iter  11420 | loss 0.0304 | lr 1.12e-04 | 347.7 ms/it | 94.2k tok/s
iter  11440 | loss 0.0294 | lr 1.11e-04 | 347.7 ms/it | 94.2k tok/s
iter  11460 | loss 0.0297 | lr 1.11e-04 | 347.7 ms/it | 94.2k tok/s
iter  11480 | loss 0.0300 | lr 1.10e-04 | 347.8 ms/it | 94.2k tok/s
iter  11500 | loss 0.0299 | lr 1.09e-04 | 347.7 ms/it | 94.2k tok/s
           eval | train 0.0302 | val 5.4135
iter  11520 | loss 0.0300 | lr 1.09e-04 | 898.0 ms/it | 36.5k tok/s
iter  11540 | loss 0.0301 | lr 1.08e-04 | 348.0 ms/it | 94.2k tok/s
iter  11560 | loss 0.0311 | lr 1.07e-04 | 347.9 ms/it | 94.2k tok/s
iter  11580 | loss 0.0300 | lr 1.07e-04 | 347.9 ms/it | 94.2k tok/s
iter  11600 | loss 0.0314 | lr 1.06e-04 | 347.7 ms/it | 94.2k tok/s
iter  11620 | loss 0.0310 | lr 1.05e-04 | 347.8 ms/it | 94.2k tok/s
iter  11640 | loss 0.0302 | lr 1.05e-04 | 347.7 ms/it | 94.2k tok/s
iter  11660 | loss 0.0300 | lr 1.04e-04 | 347.7 ms/it | 94.2k tok/s
iter  11680 | loss 0.0307 | lr 1.04e-04 | 347.7 ms/it | 94.2k tok/s
iter  11700 | loss 0.0313 | lr 1.03e-04 | 347.7 ms/it | 94.2k tok/s
iter  11720 | loss 0.0296 | lr 1.02e-04 | 347.7 ms/it | 94.2k tok/s
iter  11740 | loss 0.0297 | lr 1.02e-04 | 347.7 ms/it | 94.2k tok/s
iter  11760 | loss 0.0296 | lr 1.01e-04 | 347.8 ms/it | 94.2k tok/s
iter  11780 | loss 0.0304 | lr 1.01e-04 | 347.9 ms/it | 94.2k tok/s
iter  11800 | loss 0.0309 | lr 9.99e-05 | 347.9 ms/it | 94.2k tok/s
iter  11820 | loss 0.0290 | lr 9.93e-05 | 347.9 ms/it | 94.2k tok/s
iter  11840 | loss 0.0311 | lr 9.87e-05 | 348.0 ms/it | 94.2k tok/s
iter  11860 | loss 0.0312 | lr 9.82e-05 | 347.9 ms/it | 94.2k tok/s
iter  11880 | loss 0.0304 | lr 9.76e-05 | 347.9 ms/it | 94.2k tok/s
iter  11900 | loss 0.0293 | lr 9.70e-05 | 347.9 ms/it | 94.2k tok/s
iter  11920 | loss 0.0305 | lr 9.64e-05 | 347.9 ms/it | 94.2k tok/s
iter  11940 | loss 0.0299 | lr 9.58e-05 | 347.9 ms/it | 94.2k tok/s
iter  11960 | loss 0.0298 | lr 9.52e-05 | 347.8 ms/it | 94.2k tok/s
iter  11980 | loss 0.0297 | lr 9.47e-05 | 347.8 ms/it | 94.2k tok/s
iter  12000 | loss 0.0303 | lr 9.41e-05 | 347.8 ms/it | 94.2k tok/s
           eval | train 0.0295 | val 5.3949
           saved ckpt -> out/small/ckpt.pt
iter  12020 | loss 0.0304 | lr 9.35e-05 | 912.6 ms/it | 35.9k tok/s
iter  12040 | loss 0.0288 | lr 9.30e-05 | 348.0 ms/it | 94.2k tok/s
iter  12060 | loss 0.0296 | lr 9.24e-05 | 348.1 ms/it | 94.1k tok/s
iter  12080 | loss 0.0302 | lr 9.19e-05 | 348.0 ms/it | 94.2k tok/s
iter  12100 | loss 0.0290 | lr 9.13e-05 | 347.9 ms/it | 94.2k tok/s
iter  12120 | loss 0.0301 | lr 9.08e-05 | 348.0 ms/it | 94.2k tok/s
iter  12140 | loss 0.0298 | lr 9.02e-05 | 348.0 ms/it | 94.2k tok/s
iter  12160 | loss 0.0285 | lr 8.97e-05 | 348.0 ms/it | 94.2k tok/s
iter  12180 | loss 0.0295 | lr 8.91e-05 | 348.0 ms/it | 94.2k tok/s
iter  12200 | loss 0.0278 | lr 8.86e-05 | 348.0 ms/it | 94.2k tok/s
iter  12220 | loss 0.0300 | lr 8.81e-05 | 348.0 ms/it | 94.2k tok/s
iter  12240 | loss 0.0302 | lr 8.75e-05 | 347.9 ms/it | 94.2k tok/s
iter  12260 | loss 0.0282 | lr 8.70e-05 | 347.9 ms/it | 94.2k tok/s
iter  12280 | loss 0.0300 | lr 8.65e-05 | 347.9 ms/it | 94.2k tok/s
iter  12300 | loss 0.0301 | lr 8.60e-05 | 347.9 ms/it | 94.2k tok/s
iter  12320 | loss 0.0300 | lr 8.54e-05 | 348.0 ms/it | 94.2k tok/s
iter  12340 | loss 0.0296 | lr 8.49e-05 | 347.9 ms/it | 94.2k tok/s
iter  12360 | loss 0.0289 | lr 8.44e-05 | 348.0 ms/it | 94.2k tok/s
iter  12380 | loss 0.0305 | lr 8.39e-05 | 348.1 ms/it | 94.1k tok/s
iter  12400 | loss 0.0281 | lr 8.34e-05 | 348.1 ms/it | 94.1k tok/s
iter  12420 | loss 0.0297 | lr 8.29e-05 | 347.9 ms/it | 94.2k tok/s
iter  12440 | loss 0.0285 | lr 8.24e-05 | 347.8 ms/it | 94.2k tok/s
iter  12460 | loss 0.0293 | lr 8.19e-05 | 347.9 ms/it | 94.2k tok/s
iter  12480 | loss 0.0279 | lr 8.14e-05 | 347.9 ms/it | 94.2k tok/s
iter  12500 | loss 0.0300 | lr 8.09e-05 | 347.9 ms/it | 94.2k tok/s
           eval | train 0.0289 | val 5.4236
iter  12520 | loss 0.0291 | lr 8.05e-05 | 898.3 ms/it | 36.5k tok/s
iter  12540 | loss 0.0282 | lr 8.00e-05 | 347.8 ms/it | 94.2k tok/s
iter  12560 | loss 0.0290 | lr 7.95e-05 | 347.7 ms/it | 94.2k tok/s
iter  12580 | loss 0.0300 | lr 7.90e-05 | 347.7 ms/it | 94.2k tok/s
iter  12600 | loss 0.0280 | lr 7.86e-05 | 347.8 ms/it | 94.2k tok/s
iter  12620 | loss 0.0280 | lr 7.81e-05 | 347.8 ms/it | 94.2k tok/s
iter  12640 | loss 0.0297 | lr 7.76e-05 | 347.8 ms/it | 94.2k tok/s
iter  12660 | loss 0.0273 | lr 7.72e-05 | 347.8 ms/it | 94.2k tok/s
iter  12680 | loss 0.0290 | lr 7.67e-05 | 347.7 ms/it | 94.2k tok/s
iter  12700 | loss 0.0290 | lr 7.63e-05 | 347.7 ms/it | 94.2k tok/s
iter  12720 | loss 0.0276 | lr 7.58e-05 | 347.8 ms/it | 94.2k tok/s
iter  12740 | loss 0.0284 | lr 7.54e-05 | 347.7 ms/it | 94.2k tok/s
iter  12760 | loss 0.0302 | lr 7.50e-05 | 347.8 ms/it | 94.2k tok/s
iter  12780 | loss 0.0288 | lr 7.45e-05 | 347.8 ms/it | 94.2k tok/s
iter  12800 | loss 0.0288 | lr 7.41e-05 | 347.9 ms/it | 94.2k tok/s
iter  12820 | loss 0.0283 | lr 7.37e-05 | 347.7 ms/it | 94.2k tok/s
iter  12840 | loss 0.0281 | lr 7.32e-05 | 347.8 ms/it | 94.2k tok/s
iter  12860 | loss 0.0288 | lr 7.28e-05 | 347.7 ms/it | 94.2k tok/s
iter  12880 | loss 0.0275 | lr 7.24e-05 | 347.8 ms/it | 94.2k tok/s
iter  12900 | loss 0.0296 | lr 7.20e-05 | 347.8 ms/it | 94.2k tok/s
iter  12920 | loss 0.0274 | lr 7.16e-05 | 347.8 ms/it | 94.2k tok/s
iter  12940 | loss 0.0298 | lr 7.12e-05 | 347.8 ms/it | 94.2k tok/s
iter  12960 | loss 0.0287 | lr 7.08e-05 | 347.8 ms/it | 94.2k tok/s
iter  12980 | loss 0.0285 | lr 7.04e-05 | 347.9 ms/it | 94.2k tok/s
iter  13000 | loss 0.0279 | lr 7.00e-05 | 348.0 ms/it | 94.2k tok/s
           eval | train 0.0283 | val 5.4495
iter  13020 | loss 0.0283 | lr 6.96e-05 | 898.5 ms/it | 36.5k tok/s
iter  13040 | loss 0.0298 | lr 6.92e-05 | 348.2 ms/it | 94.1k tok/s
iter  13060 | loss 0.0289 | lr 6.88e-05 | 348.1 ms/it | 94.1k tok/s
iter  13080 | loss 0.0269 | lr 6.84e-05 | 348.1 ms/it | 94.1k tok/s
iter  13100 | loss 0.0277 | lr 6.81e-05 | 348.1 ms/it | 94.1k tok/s
iter  13120 | loss 0.0280 | lr 6.77e-05 | 348.0 ms/it | 94.2k tok/s
iter  13140 | loss 0.0277 | lr 6.73e-05 | 348.0 ms/it | 94.2k tok/s
iter  13160 | loss 0.0277 | lr 6.69e-05 | 348.0 ms/it | 94.2k tok/s
iter  13180 | loss 0.0292 | lr 6.66e-05 | 348.1 ms/it | 94.1k tok/s
iter  13200 | loss 0.0285 | lr 6.62e-05 | 348.1 ms/it | 94.1k tok/s
iter  13220 | loss 0.0273 | lr 6.59e-05 | 348.1 ms/it | 94.1k tok/s
iter  13240 | loss 0.0284 | lr 6.55e-05 | 347.9 ms/it | 94.2k tok/s
iter  13260 | loss 0.0296 | lr 6.52e-05 | 348.0 ms/it | 94.2k tok/s
iter  13280 | loss 0.0286 | lr 6.48e-05 | 348.1 ms/it | 94.1k tok/s
iter  13300 | loss 0.0277 | lr 6.45e-05 | 348.0 ms/it | 94.2k tok/s
iter  13320 | loss 0.0277 | lr 6.42e-05 | 347.9 ms/it | 94.2k tok/s
iter  13340 | loss 0.0279 | lr 6.38e-05 | 347.9 ms/it | 94.2k tok/s
iter  13360 | loss 0.0283 | lr 6.35e-05 | 348.1 ms/it | 94.1k tok/s
iter  13380 | loss 0.0288 | lr 6.32e-05 | 348.1 ms/it | 94.1k tok/s
iter  13400 | loss 0.0267 | lr 6.29e-05 | 348.0 ms/it | 94.2k tok/s
iter  13420 | loss 0.0283 | lr 6.25e-05 | 348.1 ms/it | 94.1k tok/s
iter  13440 | loss 0.0268 | lr 6.22e-05 | 347.9 ms/it | 94.2k tok/s
iter  13460 | loss 0.0283 | lr 6.19e-05 | 347.9 ms/it | 94.2k tok/s
iter  13480 | loss 0.0279 | lr 6.16e-05 | 347.8 ms/it | 94.2k tok/s
iter  13500 | loss 0.0286 | lr 6.13e-05 | 347.8 ms/it | 94.2k tok/s
           eval | train 0.0277 | val 5.5124
iter  13520 | loss 0.0276 | lr 6.10e-05 | 898.4 ms/it | 36.5k tok/s
iter  13540 | loss 0.0268 | lr 6.07e-05 | 347.9 ms/it | 94.2k tok/s
iter  13560 | loss 0.0284 | lr 6.04e-05 | 347.9 ms/it | 94.2k tok/s
iter  13580 | loss 0.0275 | lr 6.01e-05 | 347.9 ms/it | 94.2k tok/s
iter  13600 | loss 0.0262 | lr 5.99e-05 | 347.8 ms/it | 94.2k tok/s
iter  13620 | loss 0.0279 | lr 5.96e-05 | 347.8 ms/it | 94.2k tok/s
iter  13640 | loss 0.0284 | lr 5.93e-05 | 347.8 ms/it | 94.2k tok/s
iter  13660 | loss 0.0285 | lr 5.90e-05 | 347.8 ms/it | 94.2k tok/s
iter  13680 | loss 0.0289 | lr 5.88e-05 | 347.8 ms/it | 94.2k tok/s
iter  13700 | loss 0.0290 | lr 5.85e-05 | 347.8 ms/it | 94.2k tok/s
iter  13720 | loss 0.0277 | lr 5.83e-05 | 347.8 ms/it | 94.2k tok/s
iter  13740 | loss 0.0278 | lr 5.80e-05 | 347.8 ms/it | 94.2k tok/s
iter  13760 | loss 0.0271 | lr 5.77e-05 | 347.8 ms/it | 94.2k tok/s
iter  13780 | loss 0.0278 | lr 5.75e-05 | 347.8 ms/it | 94.2k tok/s
iter  13800 | loss 0.0298 | lr 5.73e-05 | 347.9 ms/it | 94.2k tok/s
iter  13820 | loss 0.0270 | lr 5.70e-05 | 347.8 ms/it | 94.2k tok/s
iter  13840 | loss 0.0278 | lr 5.68e-05 | 347.8 ms/it | 94.2k tok/s
iter  13860 | loss 0.0260 | lr 5.66e-05 | 347.8 ms/it | 94.2k tok/s
iter  13880 | loss 0.0271 | lr 5.63e-05 | 347.8 ms/it | 94.2k tok/s
iter  13900 | loss 0.0272 | lr 5.61e-05 | 347.8 ms/it | 94.2k tok/s
iter  13920 | loss 0.0283 | lr 5.59e-05 | 347.8 ms/it | 94.2k tok/s
iter  13940 | loss 0.0277 | lr 5.57e-05 | 347.8 ms/it | 94.2k tok/s
iter  13960 | loss 0.0272 | lr 5.55e-05 | 347.8 ms/it | 94.2k tok/s
iter  13980 | loss 0.0262 | lr 5.53e-05 | 347.8 ms/it | 94.2k tok/s
iter  14000 | loss 0.0271 | lr 5.51e-05 | 347.9 ms/it | 94.2k tok/s
           eval | train 0.0274 | val 5.4295
           saved ckpt -> out/small/ckpt.pt
iter  14020 | loss 0.0279 | lr 5.49e-05 | 911.0 ms/it | 36.0k tok/s
iter  14040 | loss 0.0276 | lr 5.47e-05 | 347.9 ms/it | 94.2k tok/s
iter  14060 | loss 0.0263 | lr 5.45e-05 | 348.0 ms/it | 94.2k tok/s
iter  14080 | loss 0.0283 | lr 5.43e-05 | 347.9 ms/it | 94.2k tok/s
iter  14100 | loss 0.0268 | lr 5.41e-05 | 348.1 ms/it | 94.1k tok/s
iter  14120 | loss 0.0271 | lr 5.39e-05 | 348.1 ms/it | 94.1k tok/s
iter  14140 | loss 0.0277 | lr 5.37e-05 | 348.0 ms/it | 94.2k tok/s
iter  14160 | loss 0.0263 | lr 5.36e-05 | 347.9 ms/it | 94.2k tok/s
iter  14180 | loss 0.0280 | lr 5.34e-05 | 347.9 ms/it | 94.2k tok/s
iter  14200 | loss 0.0271 | lr 5.32e-05 | 347.9 ms/it | 94.2k tok/s
iter  14220 | loss 0.0274 | lr 5.31e-05 | 347.9 ms/it | 94.2k tok/s
iter  14240 | loss 0.0286 | lr 5.29e-05 | 347.9 ms/it | 94.2k tok/s
iter  14260 | loss 0.0282 | lr 5.28e-05 | 347.9 ms/it | 94.2k tok/s
iter  14280 | loss 0.0277 | lr 5.26e-05 | 347.9 ms/it | 94.2k tok/s
iter  14300 | loss 0.0281 | lr 5.25e-05 | 347.8 ms/it | 94.2k tok/s
iter  14320 | loss 0.0274 | lr 5.23e-05 | 347.9 ms/it | 94.2k tok/s
iter  14340 | loss 0.0270 | lr 5.22e-05 | 347.9 ms/it | 94.2k tok/s
iter  14360 | loss 0.0273 | lr 5.21e-05 | 347.9 ms/it | 94.2k tok/s
iter  14380 | loss 0.0278 | lr 5.19e-05 | 347.9 ms/it | 94.2k tok/s
iter  14400 | loss 0.0274 | lr 5.18e-05 | 347.9 ms/it | 94.2k tok/s
iter  14420 | loss 0.0268 | lr 5.17e-05 | 347.9 ms/it | 94.2k tok/s
iter  14440 | loss 0.0264 | lr 5.16e-05 | 347.9 ms/it | 94.2k tok/s
iter  14460 | loss 0.0278 | lr 5.15e-05 | 347.9 ms/it | 94.2k tok/s
iter  14480 | loss 0.0259 | lr 5.14e-05 | 347.9 ms/it | 94.2k tok/s
iter  14500 | loss 0.0265 | lr 5.13e-05 | 348.0 ms/it | 94.2k tok/s
           eval | train 0.0272 | val 5.4673
iter  14520 | loss 0.0275 | lr 5.12e-05 | 898.8 ms/it | 36.5k tok/s
iter  14540 | loss 0.0272 | lr 5.11e-05 | 348.0 ms/it | 94.2k tok/s
iter  14560 | loss 0.0270 | lr 5.10e-05 | 348.0 ms/it | 94.2k tok/s
iter  14580 | loss 0.0267 | lr 5.09e-05 | 348.0 ms/it | 94.2k tok/s
iter  14600 | loss 0.0268 | lr 5.08e-05 | 348.0 ms/it | 94.2k tok/s
iter  14620 | loss 0.0277 | lr 5.07e-05 | 347.9 ms/it | 94.2k tok/s
iter  14640 | loss 0.0268 | lr 5.07e-05 | 348.0 ms/it | 94.2k tok/s
iter  14660 | loss 0.0277 | lr 5.06e-05 | 348.0 ms/it | 94.2k tok/s
iter  14680 | loss 0.0274 | lr 5.05e-05 | 348.0 ms/it | 94.2k tok/s
iter  14700 | loss 0.0272 | lr 5.05e-05 | 348.0 ms/it | 94.2k tok/s
iter  14720 | loss 0.0269 | lr 5.04e-05 | 348.1 ms/it | 94.1k tok/s
iter  14740 | loss 0.0274 | lr 5.03e-05 | 348.0 ms/it | 94.1k tok/s
iter  14760 | loss 0.0264 | lr 5.03e-05 | 347.9 ms/it | 94.2k tok/s
iter  14780 | loss 0.0264 | lr 5.02e-05 | 348.0 ms/it | 94.2k tok/s
iter  14800 | loss 0.0275 | lr 5.02e-05 | 348.1 ms/it | 94.1k tok/s
iter  14820 | loss 0.0273 | lr 5.02e-05 | 347.9 ms/it | 94.2k tok/s
iter  14840 | loss 0.0270 | lr 5.01e-05 | 347.9 ms/it | 94.2k tok/s
iter  14860 | loss 0.0282 | lr 5.01e-05 | 347.8 ms/it | 94.2k tok/s
iter  14880 | loss 0.0274 | lr 5.01e-05 | 347.8 ms/it | 94.2k tok/s
iter  14900 | loss 0.0264 | lr 5.01e-05 | 347.7 ms/it | 94.2k tok/s
iter  14920 | loss 0.0284 | lr 5.00e-05 | 347.8 ms/it | 94.2k tok/s
iter  14940 | loss 0.0253 | lr 5.00e-05 | 347.7 ms/it | 94.2k tok/s
iter  14960 | loss 0.0268 | lr 5.00e-05 | 347.8 ms/it | 94.2k tok/s
iter  14980 | loss 0.0257 | lr 5.00e-05 | 347.8 ms/it | 94.2k tok/s
done. final ckpt -> out/small/ckpt.pt  best val 1.8631 -> out/small/ckpt_best.pt
