model: 10.65M params (10.62M non-emb)
iter      0 | loss 4.1942 | lr 6.00e-06 | 33.5 ms/it | 489.5k tok/s
iter     10 | loss 3.4321 | lr 6.60e-05 | 84.6 ms/it | 193.7k tok/s
iter     20 | loss 3.2864 | lr 1.26e-04 | 84.7 ms/it | 193.5k tok/s
iter     30 | loss 2.9878 | lr 1.86e-04 | 84.8 ms/it | 193.2k tok/s
iter     40 | loss 2.6929 | lr 2.46e-04 | 84.8 ms/it | 193.2k tok/s
iter     50 | loss 2.5463 | lr 3.06e-04 | 84.8 ms/it | 193.3k tok/s
iter     60 | loss 2.4232 | lr 3.66e-04 | 84.9 ms/it | 193.1k tok/s
iter     70 | loss 2.3345 | lr 4.26e-04 | 84.9 ms/it | 193.1k tok/s
iter     80 | loss 2.2271 | lr 4.86e-04 | 84.9 ms/it | 193.0k tok/s
iter     90 | loss 2.0717 | lr 5.46e-04 | 84.9 ms/it | 193.1k tok/s
iter    100 | loss 1.9830 | lr 6.00e-04 | 84.9 ms/it | 192.9k tok/s
iter    110 | loss 1.8360 | lr 6.00e-04 | 84.9 ms/it | 192.9k tok/s
iter    120 | loss 1.7536 | lr 6.00e-04 | 84.9 ms/it | 193.0k tok/s
iter    130 | loss 1.6583 | lr 6.00e-04 | 84.9 ms/it | 193.0k tok/s
iter    140 | loss 1.5949 | lr 6.00e-04 | 84.9 ms/it | 193.0k tok/s
iter    150 | loss 1.5529 | lr 6.00e-04 | 84.9 ms/it | 192.9k tok/s
iter    160 | loss 1.5243 | lr 6.00e-04 | 84.9 ms/it | 192.9k tok/s
iter    170 | loss 1.4789 | lr 6.00e-04 | 84.9 ms/it | 193.1k tok/s
iter    180 | loss 1.4393 | lr 6.00e-04 | 84.9 ms/it | 192.9k tok/s
iter    190 | loss 1.4404 | lr 6.00e-04 | 85.0 ms/it | 192.7k tok/s
iter    200 | loss 1.3962 | lr 5.99e-04 | 85.0 ms/it | 192.7k tok/s
iter    210 | loss 1.4025 | lr 5.99e-04 | 85.0 ms/it | 192.8k tok/s
iter    220 | loss 1.3814 | lr 5.99e-04 | 85.0 ms/it | 192.8k tok/s
iter    230 | loss 1.3772 | lr 5.99e-04 | 85.0 ms/it | 192.9k tok/s
iter    240 | loss 1.3635 | lr 5.99e-04 | 85.0 ms/it | 192.7k tok/s
iter    250 | loss 1.3632 | lr 5.99e-04 | 85.0 ms/it | 192.7k tok/s
           eval | train 1.3517 | val 1.5552
           best val 1.5552 → saved out/tiny/ckpt_best.pt
iter    260 | loss 1.3165 | lr 5.99e-04 | 358.7 ms/it | 45.7k tok/s
iter    270 | loss 1.3080 | lr 5.98e-04 | 85.1 ms/it | 192.6k tok/s
iter    280 | loss 1.2534 | lr 5.98e-04 | 85.0 ms/it | 192.7k tok/s
iter    290 | loss 1.3455 | lr 5.98e-04 | 85.1 ms/it | 192.6k tok/s
iter    300 | loss 1.2786 | lr 5.98e-04 | 85.1 ms/it | 192.5k tok/s
iter    310 | loss 1.2569 | lr 5.98e-04 | 85.2 ms/it | 192.4k tok/s
iter    320 | loss 1.2820 | lr 5.97e-04 | 85.1 ms/it | 192.5k tok/s
iter    330 | loss 1.2475 | lr 5.97e-04 | 85.1 ms/it | 192.5k tok/s
iter    340 | loss 1.2265 | lr 5.97e-04 | 85.1 ms/it | 192.6k tok/s
iter    350 | loss 1.2303 | lr 5.97e-04 | 85.1 ms/it | 192.4k tok/s
iter    360 | loss 1.2410 | lr 5.96e-04 | 85.1 ms/it | 192.4k tok/s
iter    370 | loss 1.2259 | lr 5.96e-04 | 85.1 ms/it | 192.5k tok/s
iter    380 | loss 1.2197 | lr 5.96e-04 | 85.0 ms/it | 192.7k tok/s
iter    390 | loss 1.2102 | lr 5.95e-04 | 85.0 ms/it | 192.6k tok/s
iter    400 | loss 1.2001 | lr 5.95e-04 | 85.1 ms/it | 192.6k tok/s
iter    410 | loss 1.2002 | lr 5.95e-04 | 85.2 ms/it | 192.4k tok/s
iter    420 | loss 1.1927 | lr 5.94e-04 | 84.9 ms/it | 193.1k tok/s
iter    430 | loss 1.1649 | lr 5.94e-04 | 84.8 ms/it | 193.1k tok/s
iter    440 | loss 1.1609 | lr 5.94e-04 | 84.9 ms/it | 193.0k tok/s
iter    450 | loss 1.2028 | lr 5.93e-04 | 84.8 ms/it | 193.1k tok/s
iter    460 | loss 1.1569 | lr 5.93e-04 | 84.8 ms/it | 193.2k tok/s
iter    470 | loss 1.1284 | lr 5.92e-04 | 84.8 ms/it | 193.1k tok/s
iter    480 | loss 1.1514 | lr 5.92e-04 | 84.8 ms/it | 193.2k tok/s
iter    490 | loss 1.1109 | lr 5.92e-04 | 84.9 ms/it | 193.1k tok/s
iter    500 | loss 1.1188 | lr 5.91e-04 | 84.8 ms/it | 193.2k tok/s
           eval | train 1.1218 | val 1.5270
           best val 1.5270 → saved out/tiny/ckpt_best.pt
iter    510 | loss 1.0939 | lr 5.91e-04 | 360.1 ms/it | 45.5k tok/s
iter    520 | loss 1.0731 | lr 5.90e-04 | 84.9 ms/it | 193.1k tok/s
iter    530 | loss 1.1120 | lr 5.90e-04 | 84.9 ms/it | 192.9k tok/s
iter    540 | loss 1.1017 | lr 5.89e-04 | 84.8 ms/it | 193.1k tok/s
iter    550 | loss 1.0617 | lr 5.89e-04 | 84.9 ms/it | 193.1k tok/s
iter    560 | loss 1.0274 | lr 5.88e-04 | 84.8 ms/it | 193.1k tok/s
iter    570 | loss 1.0456 | lr 5.88e-04 | 84.8 ms/it | 193.1k tok/s
iter    580 | loss 1.0430 | lr 5.87e-04 | 84.9 ms/it | 193.1k tok/s
iter    590 | loss 1.0446 | lr 5.87e-04 | 84.8 ms/it | 193.2k tok/s
iter    600 | loss 0.9982 | lr 5.86e-04 | 84.8 ms/it | 193.1k tok/s
iter    610 | loss 1.0030 | lr 5.86e-04 | 84.9 ms/it | 193.0k tok/s
iter    620 | loss 1.0219 | lr 5.85e-04 | 84.9 ms/it | 193.0k tok/s
iter    630 | loss 0.9927 | lr 5.85e-04 | 84.9 ms/it | 193.0k tok/s
iter    640 | loss 0.9500 | lr 5.84e-04 | 84.9 ms/it | 193.0k tok/s
iter    650 | loss 0.9708 | lr 5.83e-04 | 85.1 ms/it | 192.5k tok/s
iter    660 | loss 0.9954 | lr 5.83e-04 | 84.9 ms/it | 193.0k tok/s
iter    670 | loss 0.9391 | lr 5.82e-04 | 84.9 ms/it | 192.9k tok/s
iter    680 | loss 0.9584 | lr 5.82e-04 | 84.9 ms/it | 193.0k tok/s
iter    690 | loss 0.9183 | lr 5.81e-04 | 85.0 ms/it | 192.7k tok/s
iter    700 | loss 0.9006 | lr 5.80e-04 | 84.9 ms/it | 192.9k tok/s
iter    710 | loss 0.9283 | lr 5.80e-04 | 84.9 ms/it | 193.0k tok/s
iter    720 | loss 0.8583 | lr 5.79e-04 | 85.0 ms/it | 192.7k tok/s
iter    730 | loss 0.8956 | lr 5.78e-04 | 84.9 ms/it | 192.9k tok/s
iter    740 | loss 0.8748 | lr 5.78e-04 | 84.9 ms/it | 193.0k tok/s
iter    750 | loss 0.8511 | lr 5.77e-04 | 84.9 ms/it | 193.0k tok/s
           eval | train 0.8599 | val 1.7096
iter    760 | loss 0.8751 | lr 5.76e-04 | 352.6 ms/it | 46.5k tok/s
iter    770 | loss 0.8528 | lr 5.75e-04 | 84.9 ms/it | 192.9k tok/s
iter    780 | loss 0.8602 | lr 5.75e-04 | 85.0 ms/it | 192.9k tok/s
iter    790 | loss 0.8046 | lr 5.74e-04 | 84.9 ms/it | 192.9k tok/s
iter    800 | loss 0.8331 | lr 5.73e-04 | 85.1 ms/it | 192.6k tok/s
iter    810 | loss 0.7684 | lr 5.73e-04 | 85.0 ms/it | 192.9k tok/s
iter    820 | loss 0.8082 | lr 5.72e-04 | 85.0 ms/it | 192.8k tok/s
iter    830 | loss 0.7784 | lr 5.71e-04 | 84.9 ms/it | 192.9k tok/s
iter    840 | loss 0.7536 | lr 5.70e-04 | 85.0 ms/it | 192.9k tok/s
iter    850 | loss 0.7400 | lr 5.69e-04 | 85.0 ms/it | 192.8k tok/s
iter    860 | loss 0.7380 | lr 5.69e-04 | 84.9 ms/it | 192.9k tok/s
iter    870 | loss 0.6838 | lr 5.68e-04 | 84.9 ms/it | 192.9k tok/s
iter    880 | loss 0.6649 | lr 5.67e-04 | 85.0 ms/it | 192.9k tok/s
iter    890 | loss 0.7056 | lr 5.66e-04 | 85.0 ms/it | 192.8k tok/s
iter    900 | loss 0.6779 | lr 5.65e-04 | 84.9 ms/it | 192.9k tok/s
iter    910 | loss 0.6667 | lr 5.64e-04 | 85.0 ms/it | 192.8k tok/s
iter    920 | loss 0.6889 | lr 5.64e-04 | 85.2 ms/it | 192.3k tok/s
iter    930 | loss 0.6704 | lr 5.63e-04 | 85.2 ms/it | 192.3k tok/s
iter    940 | loss 0.6434 | lr 5.62e-04 | 85.2 ms/it | 192.4k tok/s
iter    950 | loss 0.6257 | lr 5.61e-04 | 85.2 ms/it | 192.4k tok/s
iter    960 | loss 0.5995 | lr 5.60e-04 | 85.2 ms/it | 192.2k tok/s
iter    970 | loss 0.6288 | lr 5.59e-04 | 85.2 ms/it | 192.4k tok/s
iter    980 | loss 0.6336 | lr 5.58e-04 | 85.2 ms/it | 192.4k tok/s
iter    990 | loss 0.5466 | lr 5.57e-04 | 85.2 ms/it | 192.3k tok/s
iter   1000 | loss 0.5692 | lr 5.56e-04 | 85.2 ms/it | 192.3k tok/s
           eval | train 0.5773 | val 2.0497
           saved ckpt -> out/tiny/ckpt.pt
iter   1010 | loss 0.5583 | lr 5.55e-04 | 359.0 ms/it | 45.6k tok/s
iter   1020 | loss 0.5642 | lr 5.54e-04 | 85.2 ms/it | 192.3k tok/s
iter   1030 | loss 0.5766 | lr 5.53e-04 | 85.2 ms/it | 192.4k tok/s
iter   1040 | loss 0.5800 | lr 5.52e-04 | 85.1 ms/it | 192.4k tok/s
iter   1050 | loss 0.5320 | lr 5.51e-04 | 85.2 ms/it | 192.3k tok/s
iter   1060 | loss 0.5272 | lr 5.50e-04 | 85.2 ms/it | 192.3k tok/s
iter   1070 | loss 0.5202 | lr 5.49e-04 | 85.2 ms/it | 192.2k tok/s
iter   1080 | loss 0.5249 | lr 5.48e-04 | 85.2 ms/it | 192.3k tok/s
iter   1090 | loss 0.4446 | lr 5.47e-04 | 85.2 ms/it | 192.4k tok/s
iter   1100 | loss 0.4759 | lr 5.46e-04 | 85.2 ms/it | 192.4k tok/s
iter   1110 | loss 0.4718 | lr 5.45e-04 | 85.2 ms/it | 192.2k tok/s
iter   1120 | loss 0.4216 | lr 5.44e-04 | 85.2 ms/it | 192.3k tok/s
iter   1130 | loss 0.4867 | lr 5.43e-04 | 85.2 ms/it | 192.3k tok/s
iter   1140 | loss 0.4473 | lr 5.42e-04 | 85.2 ms/it | 192.3k tok/s
iter   1150 | loss 0.4642 | lr 5.41e-04 | 85.2 ms/it | 192.4k tok/s
iter   1160 | loss 0.4399 | lr 5.40e-04 | 85.2 ms/it | 192.2k tok/s
iter   1170 | loss 0.4198 | lr 5.39e-04 | 85.3 ms/it | 192.1k tok/s
iter   1180 | loss 0.4260 | lr 5.38e-04 | 85.2 ms/it | 192.2k tok/s
iter   1190 | loss 0.3883 | lr 5.37e-04 | 85.2 ms/it | 192.3k tok/s
iter   1200 | loss 0.4054 | lr 5.36e-04 | 85.2 ms/it | 192.3k tok/s
iter   1210 | loss 0.4024 | lr 5.34e-04 | 85.2 ms/it | 192.3k tok/s
iter   1220 | loss 0.3667 | lr 5.33e-04 | 85.2 ms/it | 192.2k tok/s
iter   1230 | loss 0.4117 | lr 5.32e-04 | 85.2 ms/it | 192.3k tok/s
iter   1240 | loss 0.3954 | lr 5.31e-04 | 85.2 ms/it | 192.2k tok/s
iter   1250 | loss 0.3995 | lr 5.30e-04 | 85.2 ms/it | 192.3k tok/s
           eval | train 0.3857 | val 2.4027
iter   1260 | loss 0.3804 | lr 5.29e-04 | 354.1 ms/it | 46.3k tok/s
iter   1270 | loss 0.3969 | lr 5.28e-04 | 85.2 ms/it | 192.2k tok/s
iter   1280 | loss 0.3906 | lr 5.26e-04 | 85.2 ms/it | 192.2k tok/s
iter   1290 | loss 0.3717 | lr 5.25e-04 | 85.3 ms/it | 192.2k tok/s
iter   1300 | loss 0.3113 | lr 5.24e-04 | 85.2 ms/it | 192.3k tok/s
iter   1310 | loss 0.3776 | lr 5.23e-04 | 85.2 ms/it | 192.3k tok/s
iter   1320 | loss 0.3843 | lr 5.22e-04 | 85.0 ms/it | 192.7k tok/s
iter   1330 | loss 0.3496 | lr 5.20e-04 | 84.9 ms/it | 192.9k tok/s
iter   1340 | loss 0.3355 | lr 5.19e-04 | 85.0 ms/it | 192.8k tok/s
iter   1350 | loss 0.3255 | lr 5.18e-04 | 84.9 ms/it | 193.0k tok/s
iter   1360 | loss 0.3309 | lr 5.17e-04 | 85.2 ms/it | 192.4k tok/s
iter   1370 | loss 0.3272 | lr 5.15e-04 | 85.0 ms/it | 192.9k tok/s
iter   1380 | loss 0.3209 | lr 5.14e-04 | 84.9 ms/it | 192.9k tok/s
iter   1390 | loss 0.3216 | lr 5.13e-04 | 84.9 ms/it | 193.0k tok/s
iter   1400 | loss 0.3306 | lr 5.12e-04 | 84.9 ms/it | 193.1k tok/s
iter   1410 | loss 0.3184 | lr 5.10e-04 | 85.0 ms/it | 192.8k tok/s
iter   1420 | loss 0.3051 | lr 5.09e-04 | 84.9 ms/it | 192.9k tok/s
iter   1430 | loss 0.2825 | lr 5.08e-04 | 85.0 ms/it | 192.8k tok/s
iter   1440 | loss 0.2844 | lr 5.06e-04 | 84.9 ms/it | 193.0k tok/s
iter   1450 | loss 0.2854 | lr 5.05e-04 | 84.9 ms/it | 193.0k tok/s
iter   1460 | loss 0.2620 | lr 5.04e-04 | 84.9 ms/it | 192.9k tok/s
iter   1470 | loss 0.2976 | lr 5.02e-04 | 84.9 ms/it | 192.9k tok/s
iter   1480 | loss 0.2811 | lr 5.01e-04 | 84.9 ms/it | 192.9k tok/s
iter   1490 | loss 0.2729 | lr 5.00e-04 | 85.0 ms/it | 192.8k tok/s
iter   1500 | loss 0.2777 | lr 4.98e-04 | 85.0 ms/it | 192.8k tok/s
           eval | train 0.2786 | val 2.6951
iter   1510 | loss 0.2802 | lr 4.97e-04 | 352.7 ms/it | 46.5k tok/s
iter   1520 | loss 0.2812 | lr 4.96e-04 | 84.9 ms/it | 192.9k tok/s
iter   1530 | loss 0.2760 | lr 4.94e-04 | 84.9 ms/it | 192.9k tok/s
iter   1540 | loss 0.2731 | lr 4.93e-04 | 85.0 ms/it | 192.9k tok/s
iter   1550 | loss 0.2639 | lr 4.91e-04 | 85.0 ms/it | 192.9k tok/s
iter   1560 | loss 0.2661 | lr 4.90e-04 | 84.9 ms/it | 192.9k tok/s
iter   1570 | loss 0.2831 | lr 4.89e-04 | 85.0 ms/it | 192.9k tok/s
iter   1580 | loss 0.2634 | lr 4.87e-04 | 84.9 ms/it | 193.0k tok/s
iter   1590 | loss 0.2484 | lr 4.86e-04 | 85.0 ms/it | 192.7k tok/s
iter   1600 | loss 0.2576 | lr 4.84e-04 | 85.0 ms/it | 192.8k tok/s
iter   1610 | loss 0.2718 | lr 4.83e-04 | 84.9 ms/it | 192.9k tok/s
iter   1620 | loss 0.2560 | lr 4.82e-04 | 84.9 ms/it | 192.9k tok/s
iter   1630 | loss 0.2449 | lr 4.80e-04 | 84.9 ms/it | 192.9k tok/s
iter   1640 | loss 0.2544 | lr 4.79e-04 | 84.9 ms/it | 192.9k tok/s
iter   1650 | loss 0.2244 | lr 4.77e-04 | 84.9 ms/it | 192.9k tok/s
iter   1660 | loss 0.2386 | lr 4.76e-04 | 85.0 ms/it | 192.8k tok/s
iter   1670 | loss 0.2528 | lr 4.74e-04 | 85.0 ms/it | 192.8k tok/s
iter   1680 | loss 0.2429 | lr 4.73e-04 | 85.0 ms/it | 192.8k tok/s
iter   1690 | loss 0.2202 | lr 4.71e-04 | 84.9 ms/it | 192.9k tok/s
iter   1700 | loss 0.2340 | lr 4.70e-04 | 85.0 ms/it | 192.9k tok/s
iter   1710 | loss 0.2374 | lr 4.68e-04 | 85.0 ms/it | 192.9k tok/s
iter   1720 | loss 0.2136 | lr 4.67e-04 | 84.9 ms/it | 192.9k tok/s
iter   1730 | loss 0.2153 | lr 4.65e-04 | 84.9 ms/it | 192.9k tok/s
iter   1740 | loss 0.2057 | lr 4.64e-04 | 85.0 ms/it | 192.8k tok/s
iter   1750 | loss 0.2101 | lr 4.62e-04 | 84.9 ms/it | 193.0k tok/s
           eval | train 0.2202 | val 2.9648
iter   1760 | loss 0.2135 | lr 4.61e-04 | 352.8 ms/it | 46.4k tok/s
iter   1770 | loss 0.2195 | lr 4.59e-04 | 84.9 ms/it | 193.0k tok/s
iter   1780 | loss 0.2197 | lr 4.58e-04 | 85.0 ms/it | 192.7k tok/s
iter   1790 | loss 0.2097 | lr 4.56e-04 | 84.9 ms/it | 192.9k tok/s
iter   1800 | loss 0.2100 | lr 4.55e-04 | 84.9 ms/it | 192.9k tok/s
iter   1810 | loss 0.2083 | lr 4.53e-04 | 84.9 ms/it | 192.9k tok/s
iter   1820 | loss 0.2097 | lr 4.52e-04 | 85.0 ms/it | 192.8k tok/s
iter   1830 | loss 0.2078 | lr 4.50e-04 | 84.9 ms/it | 192.9k tok/s
iter   1840 | loss 0.2060 | lr 4.49e-04 | 84.9 ms/it | 192.9k tok/s
iter   1850 | loss 0.2082 | lr 4.47e-04 | 85.0 ms/it | 192.7k tok/s
iter   1860 | loss 0.2042 | lr 4.46e-04 | 85.2 ms/it | 192.2k tok/s
iter   1870 | loss 0.2054 | lr 4.44e-04 | 85.1 ms/it | 192.5k tok/s
iter   1880 | loss 0.2115 | lr 4.42e-04 | 85.1 ms/it | 192.4k tok/s
iter   1890 | loss 0.1955 | lr 4.41e-04 | 85.2 ms/it | 192.3k tok/s
iter   1900 | loss 0.1984 | lr 4.39e-04 | 85.2 ms/it | 192.3k tok/s
iter   1910 | loss 0.1875 | lr 4.38e-04 | 85.2 ms/it | 192.4k tok/s
iter   1920 | loss 0.1887 | lr 4.36e-04 | 85.1 ms/it | 192.4k tok/s
iter   1930 | loss 0.2027 | lr 4.35e-04 | 85.2 ms/it | 192.4k tok/s
iter   1940 | loss 0.1798 | lr 4.33e-04 | 85.3 ms/it | 192.2k tok/s
iter   1950 | loss 0.1846 | lr 4.31e-04 | 85.3 ms/it | 192.1k tok/s
iter   1960 | loss 0.1838 | lr 4.30e-04 | 85.2 ms/it | 192.2k tok/s
iter   1970 | loss 0.1828 | lr 4.28e-04 | 85.2 ms/it | 192.2k tok/s
iter   1980 | loss 0.1863 | lr 4.26e-04 | 85.2 ms/it | 192.4k tok/s
iter   1990 | loss 0.1854 | lr 4.25e-04 | 85.2 ms/it | 192.2k tok/s
iter   2000 | loss 0.1719 | lr 4.23e-04 | 85.3 ms/it | 192.1k tok/s
           eval | train 0.1818 | val 3.1864
           saved ckpt -> out/tiny/ckpt.pt
iter   2010 | loss 0.1849 | lr 4.22e-04 | 361.1 ms/it | 45.4k tok/s
iter   2020 | loss 0.1822 | lr 4.20e-04 | 85.2 ms/it | 192.3k tok/s
iter   2030 | loss 0.1685 | lr 4.18e-04 | 85.2 ms/it | 192.2k tok/s
iter   2040 | loss 0.1778 | lr 4.17e-04 | 85.3 ms/it | 192.1k tok/s
iter   2050 | loss 0.1672 | lr 4.15e-04 | 85.2 ms/it | 192.3k tok/s
iter   2060 | loss 0.1750 | lr 4.13e-04 | 85.2 ms/it | 192.2k tok/s
iter   2070 | loss 0.1713 | lr 4.12e-04 | 85.2 ms/it | 192.2k tok/s
iter   2080 | loss 0.1686 | lr 4.10e-04 | 85.3 ms/it | 192.1k tok/s
iter   2090 | loss 0.1774 | lr 4.08e-04 | 85.2 ms/it | 192.3k tok/s
iter   2100 | loss 0.1671 | lr 4.07e-04 | 85.2 ms/it | 192.2k tok/s
iter   2110 | loss 0.1696 | lr 4.05e-04 | 85.2 ms/it | 192.3k tok/s
iter   2120 | loss 0.1722 | lr 4.03e-04 | 85.2 ms/it | 192.2k tok/s
iter   2130 | loss 0.1670 | lr 4.02e-04 | 85.2 ms/it | 192.3k tok/s
iter   2140 | loss 0.1724 | lr 4.00e-04 | 85.2 ms/it | 192.2k tok/s
iter   2150 | loss 0.1629 | lr 3.98e-04 | 85.2 ms/it | 192.2k tok/s
iter   2160 | loss 0.1707 | lr 3.97e-04 | 85.2 ms/it | 192.2k tok/s
iter   2170 | loss 0.1655 | lr 3.95e-04 | 85.2 ms/it | 192.3k tok/s
iter   2180 | loss 0.1517 | lr 3.93e-04 | 85.3 ms/it | 192.1k tok/s
iter   2190 | loss 0.1587 | lr 3.92e-04 | 85.3 ms/it | 192.2k tok/s
iter   2200 | loss 0.1624 | lr 3.90e-04 | 85.3 ms/it | 192.1k tok/s
iter   2210 | loss 0.1544 | lr 3.88e-04 | 85.2 ms/it | 192.2k tok/s
iter   2220 | loss 0.1646 | lr 3.87e-04 | 85.2 ms/it | 192.3k tok/s
iter   2230 | loss 0.1589 | lr 3.85e-04 | 85.2 ms/it | 192.2k tok/s
iter   2240 | loss 0.1605 | lr 3.83e-04 | 85.2 ms/it | 192.3k tok/s
iter   2250 | loss 0.1495 | lr 3.82e-04 | 85.2 ms/it | 192.3k tok/s
           eval | train 0.1531 | val 3.3588
iter   2260 | loss 0.1544 | lr 3.80e-04 | 353.7 ms/it | 46.3k tok/s
iter   2270 | loss 0.1668 | lr 3.78e-04 | 85.2 ms/it | 192.2k tok/s
iter   2280 | loss 0.1485 | lr 3.77e-04 | 85.2 ms/it | 192.3k tok/s
iter   2290 | loss 0.1470 | lr 3.75e-04 | 85.3 ms/it | 192.1k tok/s
iter   2300 | loss 0.1475 | lr 3.73e-04 | 85.2 ms/it | 192.3k tok/s
iter   2310 | loss 0.1499 | lr 3.71e-04 | 85.2 ms/it | 192.3k tok/s
iter   2320 | loss 0.1438 | lr 3.70e-04 | 85.2 ms/it | 192.3k tok/s
iter   2330 | loss 0.1512 | lr 3.68e-04 | 85.2 ms/it | 192.2k tok/s
iter   2340 | loss 0.1505 | lr 3.66e-04 | 85.2 ms/it | 192.2k tok/s
iter   2350 | loss 0.1528 | lr 3.65e-04 | 85.3 ms/it | 192.1k tok/s
iter   2360 | loss 0.1414 | lr 3.63e-04 | 85.2 ms/it | 192.3k tok/s
iter   2370 | loss 0.1376 | lr 3.61e-04 | 85.2 ms/it | 192.2k tok/s
iter   2380 | loss 0.1483 | lr 3.59e-04 | 85.3 ms/it | 192.1k tok/s
iter   2390 | loss 0.1391 | lr 3.58e-04 | 85.2 ms/it | 192.3k tok/s
iter   2400 | loss 0.1481 | lr 3.56e-04 | 85.2 ms/it | 192.3k tok/s
iter   2410 | loss 0.1498 | lr 3.54e-04 | 85.2 ms/it | 192.4k tok/s
iter   2420 | loss 0.1520 | lr 3.52e-04 | 85.2 ms/it | 192.2k tok/s
iter   2430 | loss 0.1400 | lr 3.51e-04 | 85.3 ms/it | 192.2k tok/s
iter   2440 | loss 0.1336 | lr 3.49e-04 | 85.2 ms/it | 192.3k tok/s
iter   2450 | loss 0.1328 | lr 3.47e-04 | 85.2 ms/it | 192.3k tok/s
iter   2460 | loss 0.1459 | lr 3.46e-04 | 85.2 ms/it | 192.3k tok/s
iter   2470 | loss 0.1356 | lr 3.44e-04 | 85.2 ms/it | 192.3k tok/s
iter   2480 | loss 0.1363 | lr 3.42e-04 | 85.3 ms/it | 192.2k tok/s
iter   2490 | loss 0.1325 | lr 3.40e-04 | 85.2 ms/it | 192.2k tok/s
iter   2500 | loss 0.1365 | lr 3.39e-04 | 85.2 ms/it | 192.3k tok/s
           eval | train 0.1349 | val 3.5311
iter   2510 | loss 0.1260 | lr 3.37e-04 | 353.9 ms/it | 46.3k tok/s
iter   2520 | loss 0.1345 | lr 3.35e-04 | 85.2 ms/it | 192.2k tok/s
iter   2530 | loss 0.1353 | lr 3.33e-04 | 85.2 ms/it | 192.3k tok/s
iter   2540 | loss 0.1285 | lr 3.32e-04 | 85.3 ms/it | 192.2k tok/s
iter   2550 | loss 0.1315 | lr 3.30e-04 | 85.2 ms/it | 192.3k tok/s
iter   2560 | loss 0.1326 | lr 3.28e-04 | 85.2 ms/it | 192.3k tok/s
iter   2570 | loss 0.1360 | lr 3.27e-04 | 85.2 ms/it | 192.3k tok/s
iter   2580 | loss 0.1298 | lr 3.25e-04 | 85.2 ms/it | 192.2k tok/s
iter   2590 | loss 0.1282 | lr 3.23e-04 | 85.3 ms/it | 192.1k tok/s
iter   2600 | loss 0.1264 | lr 3.21e-04 | 85.3 ms/it | 192.1k tok/s
iter   2610 | loss 0.1211 | lr 3.20e-04 | 85.2 ms/it | 192.3k tok/s
iter   2620 | loss 0.1272 | lr 3.18e-04 | 85.2 ms/it | 192.3k tok/s
iter   2630 | loss 0.1293 | lr 3.16e-04 | 85.2 ms/it | 192.3k tok/s
iter   2640 | loss 0.1204 | lr 3.14e-04 | 85.2 ms/it | 192.3k tok/s
iter   2650 | loss 0.1304 | lr 3.13e-04 | 85.2 ms/it | 192.3k tok/s
iter   2660 | loss 0.1246 | lr 3.11e-04 | 85.2 ms/it | 192.3k tok/s
iter   2670 | loss 0.1253 | lr 3.09e-04 | 85.2 ms/it | 192.3k tok/s
iter   2680 | loss 0.1262 | lr 3.08e-04 | 85.2 ms/it | 192.4k tok/s
iter   2690 | loss 0.1244 | lr 3.06e-04 | 85.2 ms/it | 192.2k tok/s
iter   2700 | loss 0.1179 | lr 3.04e-04 | 85.2 ms/it | 192.2k tok/s
iter   2710 | loss 0.1265 | lr 3.02e-04 | 85.2 ms/it | 192.3k tok/s
iter   2720 | loss 0.1198 | lr 3.01e-04 | 85.2 ms/it | 192.3k tok/s
iter   2730 | loss 0.1225 | lr 2.99e-04 | 85.2 ms/it | 192.2k tok/s
iter   2740 | loss 0.1219 | lr 2.97e-04 | 85.2 ms/it | 192.3k tok/s
iter   2750 | loss 0.1256 | lr 2.95e-04 | 85.3 ms/it | 192.1k tok/s
           eval | train 0.1196 | val 3.6850
iter   2760 | loss 0.1190 | lr 2.94e-04 | 353.9 ms/it | 46.3k tok/s
iter   2770 | loss 0.1130 | lr 2.92e-04 | 85.2 ms/it | 192.2k tok/s
iter   2780 | loss 0.1172 | lr 2.90e-04 | 85.2 ms/it | 192.3k tok/s
iter   2790 | loss 0.1146 | lr 2.89e-04 | 85.2 ms/it | 192.2k tok/s
iter   2800 | loss 0.1202 | lr 2.87e-04 | 85.3 ms/it | 192.1k tok/s
iter   2810 | loss 0.1141 | lr 2.85e-04 | 85.3 ms/it | 192.2k tok/s
iter   2820 | loss 0.1280 | lr 2.83e-04 | 85.2 ms/it | 192.2k tok/s
iter   2830 | loss 0.1190 | lr 2.82e-04 | 85.2 ms/it | 192.3k tok/s
iter   2840 | loss 0.1153 | lr 2.80e-04 | 85.2 ms/it | 192.3k tok/s
iter   2850 | loss 0.1117 | lr 2.78e-04 | 85.2 ms/it | 192.2k tok/s
iter   2860 | loss 0.1109 | lr 2.77e-04 | 85.2 ms/it | 192.2k tok/s
iter   2870 | loss 0.1169 | lr 2.75e-04 | 85.2 ms/it | 192.2k tok/s
iter   2880 | loss 0.1068 | lr 2.73e-04 | 85.2 ms/it | 192.3k tok/s
iter   2890 | loss 0.1171 | lr 2.72e-04 | 85.2 ms/it | 192.4k tok/s
iter   2900 | loss 0.1106 | lr 2.70e-04 | 85.3 ms/it | 192.2k tok/s
iter   2910 | loss 0.1134 | lr 2.68e-04 | 85.3 ms/it | 192.2k tok/s
iter   2920 | loss 0.1068 | lr 2.67e-04 | 85.2 ms/it | 192.3k tok/s
iter   2930 | loss 0.1153 | lr 2.65e-04 | 85.2 ms/it | 192.3k tok/s
iter   2940 | loss 0.1184 | lr 2.63e-04 | 85.2 ms/it | 192.3k tok/s
iter   2950 | loss 0.1149 | lr 2.62e-04 | 85.3 ms/it | 192.1k tok/s
iter   2960 | loss 0.1078 | lr 2.60e-04 | 85.2 ms/it | 192.2k tok/s
iter   2970 | loss 0.1066 | lr 2.58e-04 | 85.2 ms/it | 192.4k tok/s
iter   2980 | loss 0.1118 | lr 2.57e-04 | 85.2 ms/it | 192.3k tok/s
iter   2990 | loss 0.1137 | lr 2.55e-04 | 85.2 ms/it | 192.3k tok/s
iter   3000 | loss 0.1066 | lr 2.53e-04 | 85.3 ms/it | 192.1k tok/s
           eval | train 0.1082 | val 3.7965
           saved ckpt -> out/tiny/ckpt.pt
iter   3010 | loss 0.1016 | lr 2.52e-04 | 361.9 ms/it | 45.3k tok/s
iter   3020 | loss 0.1069 | lr 2.50e-04 | 85.3 ms/it | 192.1k tok/s
iter   3030 | loss 0.1023 | lr 2.48e-04 | 85.2 ms/it | 192.2k tok/s
iter   3040 | loss 0.1051 | lr 2.47e-04 | 85.2 ms/it | 192.2k tok/s
iter   3050 | loss 0.1033 | lr 2.45e-04 | 85.2 ms/it | 192.2k tok/s
iter   3060 | loss 0.1102 | lr 2.43e-04 | 85.3 ms/it | 192.2k tok/s
iter   3070 | loss 0.0984 | lr 2.42e-04 | 85.3 ms/it | 192.2k tok/s
iter   3080 | loss 0.1090 | lr 2.40e-04 | 85.3 ms/it | 192.2k tok/s
iter   3090 | loss 0.0981 | lr 2.38e-04 | 85.3 ms/it | 192.2k tok/s
iter   3100 | loss 0.1061 | lr 2.37e-04 | 85.2 ms/it | 192.2k tok/s
iter   3110 | loss 0.1092 | lr 2.35e-04 | 85.2 ms/it | 192.2k tok/s
iter   3120 | loss 0.1070 | lr 2.34e-04 | 85.2 ms/it | 192.3k tok/s
iter   3130 | loss 0.1006 | lr 2.32e-04 | 85.2 ms/it | 192.3k tok/s
iter   3140 | loss 0.1060 | lr 2.30e-04 | 85.2 ms/it | 192.3k tok/s
iter   3150 | loss 0.1024 | lr 2.29e-04 | 85.3 ms/it | 192.2k tok/s
iter   3160 | loss 0.1035 | lr 2.27e-04 | 85.3 ms/it | 192.2k tok/s
iter   3170 | loss 0.1010 | lr 2.25e-04 | 85.2 ms/it | 192.2k tok/s
iter   3180 | loss 0.1036 | lr 2.24e-04 | 85.2 ms/it | 192.3k tok/s
iter   3190 | loss 0.1008 | lr 2.22e-04 | 85.2 ms/it | 192.2k tok/s
iter   3200 | loss 0.0938 | lr 2.21e-04 | 85.3 ms/it | 192.2k tok/s
iter   3210 | loss 0.1031 | lr 2.19e-04 | 85.3 ms/it | 192.1k tok/s
iter   3220 | loss 0.1044 | lr 2.18e-04 | 85.2 ms/it | 192.3k tok/s
iter   3230 | loss 0.0909 | lr 2.16e-04 | 85.2 ms/it | 192.3k tok/s
iter   3240 | loss 0.0991 | lr 2.14e-04 | 85.2 ms/it | 192.2k tok/s
iter   3250 | loss 0.1031 | lr 2.13e-04 | 85.2 ms/it | 192.2k tok/s
           eval | train 0.0986 | val 3.9347
iter   3260 | loss 0.0923 | lr 2.11e-04 | 353.7 ms/it | 46.3k tok/s
iter   3270 | loss 0.1032 | lr 2.10e-04 | 85.1 ms/it | 192.5k tok/s
iter   3280 | loss 0.0980 | lr 2.08e-04 | 85.0 ms/it | 192.9k tok/s
iter   3290 | loss 0.0993 | lr 2.07e-04 | 84.9 ms/it | 192.9k tok/s
iter   3300 | loss 0.1024 | lr 2.05e-04 | 84.9 ms/it | 193.0k tok/s
iter   3310 | loss 0.0993 | lr 2.04e-04 | 84.9 ms/it | 192.9k tok/s
iter   3320 | loss 0.0981 | lr 2.02e-04 | 84.9 ms/it | 192.9k tok/s
iter   3330 | loss 0.0932 | lr 2.01e-04 | 84.9 ms/it | 192.9k tok/s
iter   3340 | loss 0.0929 | lr 1.99e-04 | 85.0 ms/it | 192.8k tok/s
iter   3350 | loss 0.0947 | lr 1.98e-04 | 85.0 ms/it | 192.8k tok/s
iter   3360 | loss 0.0871 | lr 1.96e-04 | 84.9 ms/it | 192.9k tok/s
iter   3370 | loss 0.0974 | lr 1.95e-04 | 84.9 ms/it | 192.9k tok/s
iter   3380 | loss 0.0978 | lr 1.93e-04 | 84.9 ms/it | 193.0k tok/s
iter   3390 | loss 0.0910 | lr 1.92e-04 | 84.9 ms/it | 192.9k tok/s
iter   3400 | loss 0.0962 | lr 1.90e-04 | 85.0 ms/it | 192.8k tok/s
iter   3410 | loss 0.0913 | lr 1.89e-04 | 85.0 ms/it | 192.7k tok/s
iter   3420 | loss 0.0914 | lr 1.87e-04 | 85.0 ms/it | 192.8k tok/s
iter   3430 | loss 0.0901 | lr 1.86e-04 | 84.9 ms/it | 192.9k tok/s
iter   3440 | loss 0.0898 | lr 1.84e-04 | 84.9 ms/it | 192.9k tok/s
iter   3450 | loss 0.0966 | lr 1.83e-04 | 84.9 ms/it | 192.9k tok/s
iter   3460 | loss 0.0835 | lr 1.81e-04 | 85.0 ms/it | 192.8k tok/s
iter   3470 | loss 0.0910 | lr 1.80e-04 | 85.0 ms/it | 192.8k tok/s
iter   3480 | loss 0.0951 | lr 1.78e-04 | 85.0 ms/it | 192.8k tok/s
iter   3490 | loss 0.0897 | lr 1.77e-04 | 85.0 ms/it | 192.8k tok/s
iter   3500 | loss 0.0909 | lr 1.76e-04 | 84.9 ms/it | 192.9k tok/s
           eval | train 0.0899 | val 4.0325
iter   3510 | loss 0.0889 | lr 1.74e-04 | 352.7 ms/it | 46.5k tok/s
iter   3520 | loss 0.0881 | lr 1.73e-04 | 85.0 ms/it | 192.8k tok/s
iter   3530 | loss 0.0905 | lr 1.71e-04 | 85.0 ms/it | 192.9k tok/s
iter   3540 | loss 0.0959 | lr 1.70e-04 | 85.0 ms/it | 192.7k tok/s
iter   3550 | loss 0.0889 | lr 1.69e-04 | 84.9 ms/it | 192.9k tok/s
iter   3560 | loss 0.0886 | lr 1.67e-04 | 84.9 ms/it | 192.9k tok/s
iter   3570 | loss 0.0897 | lr 1.66e-04 | 84.9 ms/it | 192.9k tok/s
iter   3580 | loss 0.0863 | lr 1.64e-04 | 84.9 ms/it | 192.9k tok/s
iter   3590 | loss 0.0929 | lr 1.63e-04 | 84.9 ms/it | 192.9k tok/s
iter   3600 | loss 0.0878 | lr 1.62e-04 | 85.0 ms/it | 192.8k tok/s
iter   3610 | loss 0.0912 | lr 1.60e-04 | 85.0 ms/it | 192.8k tok/s
iter   3620 | loss 0.0898 | lr 1.59e-04 | 84.9 ms/it | 193.0k tok/s
iter   3630 | loss 0.0877 | lr 1.58e-04 | 85.0 ms/it | 192.8k tok/s
iter   3640 | loss 0.0877 | lr 1.56e-04 | 84.9 ms/it | 192.9k tok/s
iter   3650 | loss 0.0871 | lr 1.55e-04 | 85.0 ms/it | 192.8k tok/s
iter   3660 | loss 0.0852 | lr 1.54e-04 | 85.0 ms/it | 192.8k tok/s
iter   3670 | loss 0.0859 | lr 1.52e-04 | 85.0 ms/it | 192.7k tok/s
iter   3680 | loss 0.0912 | lr 1.51e-04 | 84.9 ms/it | 192.9k tok/s
iter   3690 | loss 0.0880 | lr 1.50e-04 | 85.0 ms/it | 192.8k tok/s
iter   3700 | loss 0.0907 | lr 1.48e-04 | 84.9 ms/it | 192.9k tok/s
iter   3710 | loss 0.0833 | lr 1.47e-04 | 85.0 ms/it | 192.8k tok/s
iter   3720 | loss 0.0845 | lr 1.46e-04 | 85.0 ms/it | 192.8k tok/s
iter   3730 | loss 0.0874 | lr 1.45e-04 | 85.0 ms/it | 192.8k tok/s
iter   3740 | loss 0.0813 | lr 1.43e-04 | 84.9 ms/it | 192.9k tok/s
iter   3750 | loss 0.0919 | lr 1.42e-04 | 84.9 ms/it | 192.9k tok/s
           eval | train 0.0840 | val 4.1102
iter   3760 | loss 0.0815 | lr 1.41e-04 | 352.7 ms/it | 46.4k tok/s
iter   3770 | loss 0.0847 | lr 1.40e-04 | 84.9 ms/it | 192.9k tok/s
iter   3780 | loss 0.0832 | lr 1.38e-04 | 85.0 ms/it | 192.8k tok/s
iter   3790 | loss 0.0857 | lr 1.37e-04 | 84.9 ms/it | 193.0k tok/s
iter   3800 | loss 0.0819 | lr 1.36e-04 | 85.0 ms/it | 192.8k tok/s
iter   3810 | loss 0.0821 | lr 1.35e-04 | 84.9 ms/it | 192.9k tok/s
iter   3820 | loss 0.0874 | lr 1.34e-04 | 85.0 ms/it | 192.9k tok/s
iter   3830 | loss 0.0864 | lr 1.32e-04 | 85.0 ms/it | 192.8k tok/s
iter   3840 | loss 0.0842 | lr 1.31e-04 | 84.9 ms/it | 192.9k tok/s
iter   3850 | loss 0.0829 | lr 1.30e-04 | 84.9 ms/it | 192.9k tok/s
iter   3860 | loss 0.0818 | lr 1.29e-04 | 84.9 ms/it | 192.9k tok/s
iter   3870 | loss 0.0817 | lr 1.28e-04 | 85.0 ms/it | 192.8k tok/s
iter   3880 | loss 0.0833 | lr 1.27e-04 | 85.0 ms/it | 192.7k tok/s
iter   3890 | loss 0.0855 | lr 1.26e-04 | 85.0 ms/it | 192.9k tok/s
iter   3900 | loss 0.0789 | lr 1.24e-04 | 85.0 ms/it | 192.8k tok/s
iter   3910 | loss 0.0845 | lr 1.23e-04 | 84.9 ms/it | 192.9k tok/s
iter   3920 | loss 0.0786 | lr 1.22e-04 | 84.9 ms/it | 192.9k tok/s
iter   3930 | loss 0.0794 | lr 1.21e-04 | 84.9 ms/it | 192.9k tok/s
iter   3940 | loss 0.0827 | lr 1.20e-04 | 84.9 ms/it | 192.9k tok/s
iter   3950 | loss 0.0822 | lr 1.19e-04 | 85.0 ms/it | 192.8k tok/s
iter   3960 | loss 0.0773 | lr 1.18e-04 | 85.0 ms/it | 192.8k tok/s
iter   3970 | loss 0.0764 | lr 1.17e-04 | 85.0 ms/it | 192.9k tok/s
iter   3980 | loss 0.0799 | lr 1.16e-04 | 84.9 ms/it | 192.9k tok/s
iter   3990 | loss 0.0806 | lr 1.15e-04 | 85.0 ms/it | 192.8k tok/s
iter   4000 | loss 0.0836 | lr 1.14e-04 | 85.0 ms/it | 192.8k tok/s
           eval | train 0.0795 | val 4.1560
           saved ckpt -> out/tiny/ckpt.pt
iter   4010 | loss 0.0788 | lr 1.13e-04 | 360.1 ms/it | 45.5k tok/s
iter   4020 | loss 0.0765 | lr 1.12e-04 | 85.0 ms/it | 192.8k tok/s
iter   4030 | loss 0.0780 | lr 1.11e-04 | 85.0 ms/it | 192.9k tok/s
iter   4040 | loss 0.0772 | lr 1.10e-04 | 85.0 ms/it | 192.8k tok/s
iter   4050 | loss 0.0854 | lr 1.09e-04 | 85.0 ms/it | 192.9k tok/s
iter   4060 | loss 0.0796 | lr 1.08e-04 | 84.9 ms/it | 192.9k tok/s
iter   4070 | loss 0.0775 | lr 1.07e-04 | 85.0 ms/it | 192.8k tok/s
iter   4080 | loss 0.0782 | lr 1.06e-04 | 85.0 ms/it | 192.9k tok/s
iter   4090 | loss 0.0796 | lr 1.05e-04 | 84.9 ms/it | 193.0k tok/s
iter   4100 | loss 0.0760 | lr 1.04e-04 | 85.0 ms/it | 192.6k tok/s
iter   4110 | loss 0.0783 | lr 1.03e-04 | 85.0 ms/it | 192.9k tok/s
iter   4120 | loss 0.0796 | lr 1.02e-04 | 85.0 ms/it | 192.9k tok/s
iter   4130 | loss 0.0767 | lr 1.01e-04 | 84.9 ms/it | 192.9k tok/s
iter   4140 | loss 0.0759 | lr 1.00e-04 | 84.9 ms/it | 192.9k tok/s
iter   4150 | loss 0.0789 | lr 9.91e-05 | 84.9 ms/it | 192.9k tok/s
iter   4160 | loss 0.0740 | lr 9.82e-05 | 85.0 ms/it | 192.8k tok/s
iter   4170 | loss 0.0727 | lr 9.73e-05 | 85.0 ms/it | 192.9k tok/s
iter   4180 | loss 0.0764 | lr 9.65e-05 | 84.9 ms/it | 192.9k tok/s
iter   4190 | loss 0.0782 | lr 9.56e-05 | 85.0 ms/it | 192.9k tok/s
iter   4200 | loss 0.0782 | lr 9.47e-05 | 85.0 ms/it | 192.8k tok/s
iter   4210 | loss 0.0793 | lr 9.39e-05 | 84.9 ms/it | 192.9k tok/s
iter   4220 | loss 0.0782 | lr 9.31e-05 | 85.0 ms/it | 192.8k tok/s
iter   4230 | loss 0.0785 | lr 9.22e-05 | 85.0 ms/it | 192.7k tok/s
iter   4240 | loss 0.0724 | lr 9.14e-05 | 85.0 ms/it | 192.8k tok/s
iter   4250 | loss 0.0774 | lr 9.06e-05 | 85.0 ms/it | 192.8k tok/s
           eval | train 0.0764 | val 4.2033
iter   4260 | loss 0.0727 | lr 8.98e-05 | 352.7 ms/it | 46.4k tok/s
iter   4270 | loss 0.0764 | lr 8.90e-05 | 84.9 ms/it | 192.9k tok/s
iter   4280 | loss 0.0795 | lr 8.83e-05 | 85.0 ms/it | 192.7k tok/s
iter   4290 | loss 0.0766 | lr 8.75e-05 | 84.9 ms/it | 192.9k tok/s
iter   4300 | loss 0.0795 | lr 8.67e-05 | 84.9 ms/it | 192.9k tok/s
iter   4310 | loss 0.0741 | lr 8.60e-05 | 84.9 ms/it | 192.9k tok/s
iter   4320 | loss 0.0743 | lr 8.53e-05 | 84.9 ms/it | 192.9k tok/s
iter   4330 | loss 0.0721 | lr 8.45e-05 | 85.0 ms/it | 192.8k tok/s
iter   4340 | loss 0.0754 | lr 8.38e-05 | 85.0 ms/it | 192.9k tok/s
iter   4350 | loss 0.0767 | lr 8.31e-05 | 85.0 ms/it | 192.8k tok/s
iter   4360 | loss 0.0748 | lr 8.24e-05 | 85.0 ms/it | 192.8k tok/s
iter   4370 | loss 0.0763 | lr 8.17e-05 | 84.9 ms/it | 192.9k tok/s
iter   4380 | loss 0.0736 | lr 8.11e-05 | 85.0 ms/it | 192.8k tok/s
iter   4390 | loss 0.0773 | lr 8.04e-05 | 84.9 ms/it | 192.9k tok/s
iter   4400 | loss 0.0765 | lr 7.97e-05 | 85.0 ms/it | 192.8k tok/s
iter   4410 | loss 0.0764 | lr 7.91e-05 | 85.0 ms/it | 192.8k tok/s
iter   4420 | loss 0.0748 | lr 7.85e-05 | 85.0 ms/it | 192.8k tok/s
iter   4430 | loss 0.0743 | lr 7.78e-05 | 84.9 ms/it | 193.0k tok/s
iter   4440 | loss 0.0742 | lr 7.72e-05 | 84.9 ms/it | 192.9k tok/s
iter   4450 | loss 0.0738 | lr 7.66e-05 | 84.9 ms/it | 192.9k tok/s
iter   4460 | loss 0.0734 | lr 7.60e-05 | 85.0 ms/it | 192.8k tok/s
iter   4470 | loss 0.0758 | lr 7.54e-05 | 85.0 ms/it | 192.8k tok/s
iter   4480 | loss 0.0738 | lr 7.49e-05 | 85.0 ms/it | 192.8k tok/s
iter   4490 | loss 0.0731 | lr 7.43e-05 | 84.9 ms/it | 192.9k tok/s
iter   4500 | loss 0.0739 | lr 7.38e-05 | 84.9 ms/it | 192.9k tok/s
           eval | train 0.0734 | val 4.2341
iter   4510 | loss 0.0707 | lr 7.32e-05 | 352.9 ms/it | 46.4k tok/s
iter   4520 | loss 0.0804 | lr 7.27e-05 | 85.0 ms/it | 192.8k tok/s
iter   4530 | loss 0.0776 | lr 7.22e-05 | 85.0 ms/it | 192.8k tok/s
iter   4540 | loss 0.0707 | lr 7.17e-05 | 84.9 ms/it | 192.9k tok/s
iter   4550 | loss 0.0731 | lr 7.12e-05 | 84.9 ms/it | 192.9k tok/s
iter   4560 | loss 0.0727 | lr 7.07e-05 | 85.0 ms/it | 192.8k tok/s
iter   4570 | loss 0.0704 | lr 7.02e-05 | 85.0 ms/it | 192.9k tok/s
iter   4580 | loss 0.0758 | lr 6.97e-05 | 85.0 ms/it | 192.8k tok/s
iter   4590 | loss 0.0718 | lr 6.93e-05 | 85.0 ms/it | 192.8k tok/s
iter   4600 | loss 0.0740 | lr 6.88e-05 | 85.0 ms/it | 192.8k tok/s
iter   4610 | loss 0.0755 | lr 6.84e-05 | 84.9 ms/it | 192.9k tok/s
iter   4620 | loss 0.0728 | lr 6.80e-05 | 84.9 ms/it | 193.0k tok/s
iter   4630 | loss 0.0739 | lr 6.76e-05 | 85.0 ms/it | 192.8k tok/s
iter   4640 | loss 0.0753 | lr 6.72e-05 | 84.9 ms/it | 192.9k tok/s
iter   4650 | loss 0.0754 | lr 6.68e-05 | 85.0 ms/it | 192.9k tok/s
iter   4660 | loss 0.0734 | lr 6.64e-05 | 85.0 ms/it | 192.7k tok/s
iter   4670 | loss 0.0709 | lr 6.60e-05 | 85.0 ms/it | 192.8k tok/s
iter   4680 | loss 0.0719 | lr 6.57e-05 | 84.9 ms/it | 193.0k tok/s
iter   4690 | loss 0.0731 | lr 6.53e-05 | 85.0 ms/it | 192.8k tok/s
iter   4700 | loss 0.0760 | lr 6.50e-05 | 85.0 ms/it | 192.8k tok/s
iter   4710 | loss 0.0733 | lr 6.47e-05 | 85.0 ms/it | 192.6k tok/s
iter   4720 | loss 0.0667 | lr 6.43e-05 | 85.0 ms/it | 192.7k tok/s
iter   4730 | loss 0.0691 | lr 6.40e-05 | 84.9 ms/it | 192.9k tok/s
iter   4740 | loss 0.0720 | lr 6.37e-05 | 85.0 ms/it | 192.8k tok/s
iter   4750 | loss 0.0678 | lr 6.35e-05 | 85.1 ms/it | 192.6k tok/s
           eval | train 0.0714 | val 4.2688
iter   4760 | loss 0.0696 | lr 6.32e-05 | 352.9 ms/it | 46.4k tok/s
iter   4770 | loss 0.0662 | lr 6.29e-05 | 85.0 ms/it | 192.8k tok/s
iter   4780 | loss 0.0756 | lr 6.27e-05 | 85.0 ms/it | 192.8k tok/s
iter   4790 | loss 0.0736 | lr 6.24e-05 | 85.0 ms/it | 192.9k tok/s
iter   4800 | loss 0.0715 | lr 6.22e-05 | 85.0 ms/it | 192.8k tok/s
iter   4810 | loss 0.0757 | lr 6.20e-05 | 85.0 ms/it | 192.8k tok/s
iter   4820 | loss 0.0719 | lr 6.18e-05 | 84.9 ms/it | 192.9k tok/s
iter   4830 | loss 0.0711 | lr 6.16e-05 | 84.9 ms/it | 192.9k tok/s
iter   4840 | loss 0.0713 | lr 6.14e-05 | 84.9 ms/it | 192.9k tok/s
iter   4850 | loss 0.0708 | lr 6.12e-05 | 84.9 ms/it | 193.0k tok/s
iter   4860 | loss 0.0747 | lr 6.11e-05 | 84.9 ms/it | 192.9k tok/s
iter   4870 | loss 0.0698 | lr 6.09e-05 | 85.0 ms/it | 192.9k tok/s
iter   4880 | loss 0.0673 | lr 6.08e-05 | 85.0 ms/it | 192.7k tok/s
iter   4890 | loss 0.0744 | lr 6.07e-05 | 85.0 ms/it | 192.8k tok/s
iter   4900 | loss 0.0686 | lr 6.06e-05 | 84.9 ms/it | 192.9k tok/s
iter   4910 | loss 0.0713 | lr 6.04e-05 | 84.9 ms/it | 192.9k tok/s
iter   4920 | loss 0.0671 | lr 6.04e-05 | 85.0 ms/it | 192.8k tok/s
iter   4930 | loss 0.0712 | lr 6.03e-05 | 85.0 ms/it | 192.7k tok/s
iter   4940 | loss 0.0664 | lr 6.02e-05 | 84.9 ms/it | 192.9k tok/s
iter   4950 | loss 0.0735 | lr 6.01e-05 | 85.0 ms/it | 192.8k tok/s
iter   4960 | loss 0.0666 | lr 6.01e-05 | 85.1 ms/it | 192.6k tok/s
iter   4970 | loss 0.0726 | lr 6.00e-05 | 85.0 ms/it | 192.7k tok/s
iter   4980 | loss 0.0720 | lr 6.00e-05 | 84.9 ms/it | 192.9k tok/s
iter   4990 | loss 0.0699 | lr 6.00e-05 | 85.0 ms/it | 192.8k tok/s
done. final ckpt -> out/tiny/ckpt.pt  best val 1.5270 -> out/tiny/ckpt_best.pt
