model: 10.70M params (10.67M non-emb)
iter      0 | loss 5.5972 | lr 6.00e-06 | 49.1 ms/it
iter     10 | loss 4.6302 | lr 6.60e-05 | 88.6 ms/it
iter     20 | loss 4.3860 | lr 1.26e-04 | 88.5 ms/it
iter     30 | loss 4.0502 | lr 1.86e-04 | 88.5 ms/it
iter     40 | loss 3.7097 | lr 2.46e-04 | 88.6 ms/it
iter     50 | loss 3.5217 | lr 3.06e-04 | 88.5 ms/it
           eval | train 2.5607 | val 2.5589
           best val 2.5589 → saved out/tiny_mtp/ckpt_best.pt
iter     60 | loss 3.4003 | lr 3.66e-04 | 659.7 ms/it
iter     70 | loss 3.2549 | lr 4.26e-04 | 88.4 ms/it
iter     80 | loss 3.1555 | lr 4.86e-04 | 88.4 ms/it
iter     90 | loss 3.0213 | lr 5.46e-04 | 88.4 ms/it
iter    100 | loss 2.8853 | lr 6.00e-04 | 88.4 ms/it
           eval | train 1.9798 | val 2.0426
           best val 2.0426 → saved out/tiny_mtp/ckpt_best.pt
iter    110 | loss 2.7912 | lr 6.00e-04 | 700.7 ms/it
iter    120 | loss 2.6248 | lr 6.00e-04 | 88.4 ms/it
iter    130 | loss 2.5815 | lr 5.99e-04 | 88.4 ms/it
iter    140 | loss 2.4958 | lr 5.99e-04 | 88.4 ms/it
iter    150 | loss 2.4146 | lr 5.98e-04 | 88.4 ms/it
           eval | train 1.5983 | val 1.7572
           best val 1.7572 → saved out/tiny_mtp/ckpt_best.pt
iter    160 | loss 2.3758 | lr 5.98e-04 | 687.1 ms/it
iter    170 | loss 2.3310 | lr 5.97e-04 | 88.4 ms/it
iter    180 | loss 2.2988 | lr 5.96e-04 | 88.5 ms/it
iter    190 | loss 2.2937 | lr 5.95e-04 | 88.4 ms/it
iter    200 | loss 2.2339 | lr 5.93e-04 | 88.4 ms/it
           eval | train 1.4477 | val 1.6312
           best val 1.6312 → saved out/tiny_mtp/ckpt_best.pt
iter    210 | loss 2.2051 | lr 5.92e-04 | 682.8 ms/it
iter    220 | loss 2.1712 | lr 5.90e-04 | 88.4 ms/it
iter    230 | loss 2.1624 | lr 5.89e-04 | 88.4 ms/it
iter    240 | loss 2.1621 | lr 5.87e-04 | 88.4 ms/it
iter    250 | loss 2.1063 | lr 5.85e-04 | 88.5 ms/it
           eval | train 1.3654 | val 1.5666
           best val 1.5666 → saved out/tiny_mtp/ckpt_best.pt
iter    260 | loss 2.0996 | lr 5.83e-04 | 683.1 ms/it
iter    270 | loss 2.0706 | lr 5.81e-04 | 88.4 ms/it
iter    280 | loss 2.1017 | lr 5.78e-04 | 88.5 ms/it
iter    290 | loss 2.0281 | lr 5.76e-04 | 88.5 ms/it
iter    300 | loss 2.0381 | lr 5.73e-04 | 88.4 ms/it
           eval | train 1.3062 | val 1.5271
           best val 1.5271 → saved out/tiny_mtp/ckpt_best.pt
iter    310 | loss 2.0079 | lr 5.71e-04 | 682.9 ms/it
iter    320 | loss 1.9926 | lr 5.68e-04 | 88.5 ms/it
iter    330 | loss 2.0330 | lr 5.65e-04 | 88.4 ms/it
iter    340 | loss 1.9738 | lr 5.62e-04 | 88.4 ms/it
iter    350 | loss 1.9761 | lr 5.59e-04 | 88.4 ms/it
           eval | train 1.2639 | val 1.4995
           best val 1.4995 → saved out/tiny_mtp/ckpt_best.pt
iter    360 | loss 1.9881 | lr 5.55e-04 | 693.9 ms/it
iter    370 | loss 1.9875 | lr 5.52e-04 | 88.4 ms/it
iter    380 | loss 1.9687 | lr 5.48e-04 | 88.5 ms/it
iter    390 | loss 1.9226 | lr 5.45e-04 | 88.4 ms/it
iter    400 | loss 1.8995 | lr 5.41e-04 | 88.4 ms/it
           eval | train 1.2245 | val 1.4889
           best val 1.4889 → saved out/tiny_mtp/ckpt_best.pt
iter    410 | loss 1.9042 | lr 5.37e-04 | 707.7 ms/it
iter    420 | loss 1.9046 | lr 5.33e-04 | 88.4 ms/it
iter    430 | loss 1.9112 | lr 5.29e-04 | 88.4 ms/it
iter    440 | loss 1.9014 | lr 5.25e-04 | 88.5 ms/it
iter    450 | loss 1.9132 | lr 5.21e-04 | 88.5 ms/it
           eval | train 1.1875 | val 1.4672
           best val 1.4672 → saved out/tiny_mtp/ckpt_best.pt
iter    460 | loss 1.8611 | lr 5.17e-04 | 701.3 ms/it
iter    470 | loss 1.8155 | lr 5.12e-04 | 88.4 ms/it
iter    480 | loss 1.9075 | lr 5.08e-04 | 88.4 ms/it
iter    490 | loss 1.8436 | lr 5.03e-04 | 88.4 ms/it
iter    500 | loss 1.8631 | lr 4.98e-04 | 88.4 ms/it
           eval | train 1.1586 | val 1.4686
           saved ckpt -> out/tiny_mtp/ckpt.pt
iter    510 | loss 1.8246 | lr 4.94e-04 | 657.5 ms/it
iter    520 | loss 1.8481 | lr 4.89e-04 | 88.5 ms/it
iter    530 | loss 1.8154 | lr 4.84e-04 | 88.5 ms/it
iter    540 | loss 1.8029 | lr 4.79e-04 | 88.4 ms/it
iter    550 | loss 1.7976 | lr 4.74e-04 | 88.4 ms/it
           eval | train 1.1236 | val 1.4613
           best val 1.4613 → saved out/tiny_mtp/ckpt_best.pt
iter    560 | loss 1.8112 | lr 4.68e-04 | 711.6 ms/it
iter    570 | loss 1.8089 | lr 4.63e-04 | 88.3 ms/it
iter    580 | loss 1.8097 | lr 4.58e-04 | 88.4 ms/it
iter    590 | loss 1.7615 | lr 4.53e-04 | 88.4 ms/it
iter    600 | loss 1.8017 | lr 4.47e-04 | 88.4 ms/it
           eval | train 1.0946 | val 1.4655
iter    610 | loss 1.7601 | lr 4.42e-04 | 646.9 ms/it
iter    620 | loss 1.7351 | lr 4.36e-04 | 88.4 ms/it
iter    630 | loss 1.7848 | lr 4.31e-04 | 88.4 ms/it
iter    640 | loss 1.7270 | lr 4.25e-04 | 88.4 ms/it
iter    650 | loss 1.7352 | lr 4.19e-04 | 88.4 ms/it
           eval | train 1.0564 | val 1.4688
iter    660 | loss 1.6820 | lr 4.13e-04 | 646.8 ms/it
iter    670 | loss 1.6803 | lr 4.08e-04 | 88.4 ms/it
iter    680 | loss 1.7425 | lr 4.02e-04 | 88.5 ms/it
iter    690 | loss 1.7149 | lr 3.96e-04 | 88.4 ms/it
iter    700 | loss 1.6745 | lr 3.90e-04 | 88.4 ms/it
           eval | train 1.0214 | val 1.4878
iter    710 | loss 1.6619 | lr 3.84e-04 | 647.1 ms/it
iter    720 | loss 1.6318 | lr 3.78e-04 | 88.5 ms/it
iter    730 | loss 1.6561 | lr 3.72e-04 | 88.5 ms/it
iter    740 | loss 1.6633 | lr 3.66e-04 | 88.5 ms/it
iter    750 | loss 1.6288 | lr 3.60e-04 | 88.4 ms/it
           eval | train 0.9889 | val 1.4728
iter    760 | loss 1.6351 | lr 3.54e-04 | 646.8 ms/it
iter    770 | loss 1.6756 | lr 3.48e-04 | 88.5 ms/it
iter    780 | loss 1.6175 | lr 3.42e-04 | 88.4 ms/it
iter    790 | loss 1.6163 | lr 3.36e-04 | 88.4 ms/it
iter    800 | loss 1.5829 | lr 3.30e-04 | 88.4 ms/it
           eval | train 0.9508 | val 1.5033
iter    810 | loss 1.6190 | lr 3.24e-04 | 647.0 ms/it
iter    820 | loss 1.6037 | lr 3.18e-04 | 88.5 ms/it
iter    830 | loss 1.6230 | lr 3.12e-04 | 88.5 ms/it
iter    840 | loss 1.6036 | lr 3.06e-04 | 88.4 ms/it
iter    850 | loss 1.5628 | lr 3.00e-04 | 88.5 ms/it
           eval | train 0.9174 | val 1.5083
iter    860 | loss 1.5379 | lr 2.94e-04 | 647.0 ms/it
iter    870 | loss 1.5514 | lr 2.88e-04 | 88.5 ms/it
iter    880 | loss 1.5530 | lr 2.82e-04 | 88.5 ms/it
iter    890 | loss 1.5444 | lr 2.76e-04 | 88.4 ms/it
iter    900 | loss 1.5095 | lr 2.70e-04 | 88.4 ms/it
           eval | train 0.8788 | val 1.5473
iter    910 | loss 1.5646 | lr 2.64e-04 | 647.2 ms/it
iter    920 | loss 1.4990 | lr 2.58e-04 | 88.5 ms/it
iter    930 | loss 1.4894 | lr 2.52e-04 | 88.5 ms/it
iter    940 | loss 1.5161 | lr 2.47e-04 | 88.4 ms/it
iter    950 | loss 1.5242 | lr 2.41e-04 | 88.4 ms/it
           eval | train 0.8398 | val 1.5637
iter    960 | loss 1.5210 | lr 2.35e-04 | 647.1 ms/it
iter    970 | loss 1.4842 | lr 2.29e-04 | 88.5 ms/it
iter    980 | loss 1.5013 | lr 2.24e-04 | 88.4 ms/it
iter    990 | loss 1.4891 | lr 2.18e-04 | 88.5 ms/it
iter   1000 | loss 1.4397 | lr 2.13e-04 | 88.4 ms/it
           eval | train 0.8064 | val 1.5708
           saved ckpt -> out/tiny_mtp/ckpt.pt
iter   1010 | loss 1.4603 | lr 2.07e-04 | 711.0 ms/it
iter   1020 | loss 1.4240 | lr 2.02e-04 | 88.5 ms/it
iter   1030 | loss 1.4216 | lr 1.97e-04 | 88.4 ms/it
iter   1040 | loss 1.4422 | lr 1.92e-04 | 88.4 ms/it
iter   1050 | loss 1.4529 | lr 1.86e-04 | 88.5 ms/it
           eval | train 0.7684 | val 1.6081
iter   1060 | loss 1.3994 | lr 1.81e-04 | 646.8 ms/it
iter   1070 | loss 1.4209 | lr 1.76e-04 | 88.5 ms/it
iter   1080 | loss 1.4188 | lr 1.71e-04 | 88.4 ms/it
iter   1090 | loss 1.3805 | lr 1.66e-04 | 88.4 ms/it
iter   1100 | loss 1.4007 | lr 1.62e-04 | 88.4 ms/it
           eval | train 0.7355 | val 1.6237
iter   1110 | loss 1.3994 | lr 1.57e-04 | 647.0 ms/it
iter   1120 | loss 1.3788 | lr 1.52e-04 | 88.5 ms/it
iter   1130 | loss 1.3523 | lr 1.48e-04 | 88.4 ms/it
iter   1140 | loss 1.3328 | lr 1.43e-04 | 88.4 ms/it
iter   1150 | loss 1.3511 | lr 1.39e-04 | 88.5 ms/it
           eval | train 0.7026 | val 1.6576
iter   1160 | loss 1.3325 | lr 1.35e-04 | 647.0 ms/it
iter   1170 | loss 1.3357 | lr 1.31e-04 | 88.5 ms/it
iter   1180 | loss 1.3377 | lr 1.27e-04 | 88.5 ms/it
iter   1190 | loss 1.2898 | lr 1.23e-04 | 88.4 ms/it
iter   1200 | loss 1.2848 | lr 1.19e-04 | 88.6 ms/it
           eval | train 0.6742 | val 1.6808
iter   1210 | loss 1.3381 | lr 1.15e-04 | 647.3 ms/it
iter   1220 | loss 1.3003 | lr 1.12e-04 | 88.5 ms/it
iter   1230 | loss 1.3151 | lr 1.08e-04 | 88.4 ms/it
iter   1240 | loss 1.3196 | lr 1.05e-04 | 88.5 ms/it
iter   1250 | loss 1.2905 | lr 1.01e-04 | 88.4 ms/it
           eval | train 0.6477 | val 1.7025
iter   1260 | loss 1.3275 | lr 9.82e-05 | 646.8 ms/it
iter   1270 | loss 1.2784 | lr 9.52e-05 | 88.5 ms/it
iter   1280 | loss 1.2847 | lr 9.22e-05 | 88.4 ms/it
iter   1290 | loss 1.2720 | lr 8.94e-05 | 88.5 ms/it
iter   1300 | loss 1.2838 | lr 8.67e-05 | 88.4 ms/it
           eval | train 0.6243 | val 1.7312
iter   1310 | loss 1.2921 | lr 8.42e-05 | 647.0 ms/it
iter   1320 | loss 1.2677 | lr 8.17e-05 | 88.4 ms/it
iter   1330 | loss 1.2924 | lr 7.94e-05 | 88.5 ms/it
iter   1340 | loss 1.2344 | lr 7.72e-05 | 88.4 ms/it
iter   1350 | loss 1.2235 | lr 7.52e-05 | 88.5 ms/it
           eval | train 0.6077 | val 1.7289
iter   1360 | loss 1.2721 | lr 7.32e-05 | 647.0 ms/it
iter   1370 | loss 1.2295 | lr 7.14e-05 | 88.6 ms/it
iter   1380 | loss 1.2227 | lr 6.97e-05 | 88.4 ms/it
iter   1390 | loss 1.2387 | lr 6.82e-05 | 88.5 ms/it
iter   1400 | loss 1.2703 | lr 6.68e-05 | 88.4 ms/it
           eval | train 0.5887 | val 1.7479
iter   1410 | loss 1.2463 | lr 6.55e-05 | 647.6 ms/it
iter   1420 | loss 1.2349 | lr 6.43e-05 | 88.5 ms/it
iter   1430 | loss 1.2833 | lr 6.33e-05 | 88.5 ms/it
iter   1440 | loss 1.2388 | lr 6.24e-05 | 88.5 ms/it
iter   1450 | loss 1.2169 | lr 6.17e-05 | 88.5 ms/it
           eval | train 0.5714 | val 1.7697
iter   1460 | loss 1.2406 | lr 6.11e-05 | 647.2 ms/it
iter   1470 | loss 1.2311 | lr 6.06e-05 | 88.5 ms/it
iter   1480 | loss 1.2288 | lr 6.03e-05 | 88.4 ms/it
iter   1490 | loss 1.1985 | lr 6.01e-05 | 88.5 ms/it
done. final ckpt -> out/tiny_mtp/ckpt.pt  best val 1.4613 -> out/tiny_mtp/ckpt_best.pt
