world_size=1  device=cuda:0  dtype=torch.bfloat16
model: 353.55M non-emb params
iter      0 | loss 11.0029 | lr 1.50e-06 | 243 ms | 135.1k tok/s
iter     10 | loss 9.3502 | lr 1.65e-05 | 2189 ms | 15.0k tok/s
iter     20 | loss 9.0040 | lr 3.15e-05 | 2198 ms | 14.9k tok/s
iter     30 | loss 8.5521 | lr 4.65e-05 | 2202 ms | 14.9k tok/s
iter     40 | loss 8.1924 | lr 6.15e-05 | 2202 ms | 14.9k tok/s
iter     50 | loss 7.5646 | lr 7.65e-05 | 2202 ms | 14.9k tok/s
iter     60 | loss 7.3432 | lr 9.15e-05 | 2202 ms | 14.9k tok/s
iter     70 | loss 7.1583 | lr 1.07e-04 | 2202 ms | 14.9k tok/s
iter     80 | loss 7.1062 | lr 1.21e-04 | 2202 ms | 14.9k tok/s
iter     90 | loss 7.0448 | lr 1.36e-04 | 2202 ms | 14.9k tok/s
iter    100 | loss 6.9160 | lr 1.51e-04 | 2202 ms | 14.9k tok/s
iter    110 | loss 6.8624 | lr 1.66e-04 | 2202 ms | 14.9k tok/s
iter    120 | loss 6.7917 | lr 1.81e-04 | 2202 ms | 14.9k tok/s
iter    130 | loss 6.8443 | lr 1.96e-04 | 2202 ms | 14.9k tok/s
iter    140 | loss 6.5896 | lr 2.11e-04 | 2203 ms | 14.9k tok/s
iter    150 | loss 6.6477 | lr 2.26e-04 | 2203 ms | 14.9k tok/s
iter    160 | loss 6.5476 | lr 2.41e-04 | 2203 ms | 14.9k tok/s
iter    170 | loss 6.4903 | lr 2.57e-04 | 2203 ms | 14.9k tok/s
iter    180 | loss 6.5963 | lr 2.71e-04 | 2203 ms | 14.9k tok/s
iter    190 | loss 6.4945 | lr 2.86e-04 | 2203 ms | 14.9k tok/s
iter    200 | loss 6.4338 | lr 3.00e-04 | 2203 ms | 14.9k tok/s
           eval | val 6.4988 | ppl 664.34
           best val 6.4988 → saved out/gpt2_350m_fweb_5060ti/ckpt_best.pt
iter    210 | loss 6.4052 | lr 3.00e-04 | 2976 ms | 11.0k tok/s
iter    220 | loss 6.3998 | lr 3.00e-04 | 2205 ms | 14.9k tok/s
iter    230 | loss 6.4396 | lr 3.00e-04 | 2205 ms | 14.9k tok/s
iter    240 | loss 6.3065 | lr 3.00e-04 | 2204 ms | 14.9k tok/s
iter    250 | loss 6.3566 | lr 3.00e-04 | 2204 ms | 14.9k tok/s
iter    260 | loss 6.2915 | lr 3.00e-04 | 2204 ms | 14.9k tok/s
iter    270 | loss 6.2820 | lr 3.00e-04 | 2203 ms | 14.9k tok/s
iter    280 | loss 6.2586 | lr 3.00e-04 | 2203 ms | 14.9k tok/s
iter    290 | loss 6.2826 | lr 3.00e-04 | 2203 ms | 14.9k tok/s
iter    300 | loss 6.2279 | lr 3.00e-04 | 2204 ms | 14.9k tok/s
iter    310 | loss 6.1807 | lr 2.99e-04 | 2203 ms | 14.9k tok/s
iter    320 | loss 6.2144 | lr 2.99e-04 | 2204 ms | 14.9k tok/s
iter    330 | loss 6.2658 | lr 2.99e-04 | 2203 ms | 14.9k tok/s
iter    340 | loss 6.1760 | lr 2.99e-04 | 2204 ms | 14.9k tok/s
iter    350 | loss 6.0886 | lr 2.99e-04 | 2203 ms | 14.9k tok/s
iter    360 | loss 6.0645 | lr 2.99e-04 | 2203 ms | 14.9k tok/s
iter    370 | loss 5.9992 | lr 2.99e-04 | 2203 ms | 14.9k tok/s
iter    380 | loss 6.0019 | lr 2.99e-04 | 2204 ms | 14.9k tok/s
iter    390 | loss 5.9932 | lr 2.98e-04 | 2203 ms | 14.9k tok/s
iter    400 | loss 6.0408 | lr 2.98e-04 | 2203 ms | 14.9k tok/s
           eval | val 6.0592 | ppl 428.04
           best val 6.0592 → saved out/gpt2_350m_fweb_5060ti/ckpt_best.pt
iter    410 | loss 5.9661 | lr 2.98e-04 | 4356 ms | 7.5k tok/s
iter    420 | loss 6.0932 | lr 2.98e-04 | 2203 ms | 14.9k tok/s
iter    430 | loss 5.9147 | lr 2.98e-04 | 2205 ms | 14.9k tok/s
iter    440 | loss 5.9056 | lr 2.97e-04 | 2205 ms | 14.9k tok/s
iter    450 | loss 6.0271 | lr 2.97e-04 | 2205 ms | 14.9k tok/s
iter    460 | loss 5.8245 | lr 2.97e-04 | 2204 ms | 14.9k tok/s
iter    470 | loss 5.8325 | lr 2.97e-04 | 2204 ms | 14.9k tok/s
iter    480 | loss 5.7398 | lr 2.96e-04 | 2204 ms | 14.9k tok/s
iter    490 | loss 5.8174 | lr 2.96e-04 | 2204 ms | 14.9k tok/s
iter    500 | loss 5.7885 | lr 2.96e-04 | 2203 ms | 14.9k tok/s
           saved ckpt -> out/gpt2_350m_fweb_5060ti/ckpt.pt
iter    510 | loss 5.7173 | lr 2.96e-04 | 2570 ms | 12.8k tok/s
iter    520 | loss 5.7924 | lr 2.95e-04 | 2205 ms | 14.9k tok/s
iter    530 | loss 5.7228 | lr 2.95e-04 | 2204 ms | 14.9k tok/s
iter    540 | loss 5.7008 | lr 2.95e-04 | 2203 ms | 14.9k tok/s
iter    550 | loss 5.7926 | lr 2.94e-04 | 2203 ms | 14.9k tok/s
iter    560 | loss 5.6524 | lr 2.94e-04 | 2203 ms | 14.9k tok/s
iter    570 | loss 5.6204 | lr 2.94e-04 | 2203 ms | 14.9k tok/s
iter    580 | loss 5.6338 | lr 2.93e-04 | 2203 ms | 14.9k tok/s
iter    590 | loss 5.6567 | lr 2.93e-04 | 2203 ms | 14.9k tok/s
iter    600 | loss 5.6603 | lr 2.93e-04 | 2203 ms | 14.9k tok/s
           eval | val 5.6303 | ppl 278.74
           best val 5.6303 → saved out/gpt2_350m_fweb_5060ti/ckpt_best.pt
iter    610 | loss 5.5267 | lr 2.92e-04 | 4291 ms | 7.6k tok/s
iter    620 | loss 5.5109 | lr 2.92e-04 | 2201 ms | 14.9k tok/s
iter    630 | loss 5.5235 | lr 2.92e-04 | 2203 ms | 14.9k tok/s
iter    640 | loss 5.5559 | lr 2.91e-04 | 2203 ms | 14.9k tok/s
iter    650 | loss 5.4054 | lr 2.91e-04 | 2203 ms | 14.9k tok/s
iter    660 | loss 5.5170 | lr 2.90e-04 | 2203 ms | 14.9k tok/s
iter    670 | loss 5.4617 | lr 2.90e-04 | 2203 ms | 14.9k tok/s
iter    680 | loss 5.3629 | lr 2.90e-04 | 2203 ms | 14.9k tok/s
iter    690 | loss 5.3678 | lr 2.89e-04 | 2203 ms | 14.9k tok/s
iter    700 | loss 5.4477 | lr 2.89e-04 | 2203 ms | 14.9k tok/s
iter    710 | loss 5.3460 | lr 2.88e-04 | 2203 ms | 14.9k tok/s
iter    720 | loss 5.4338 | lr 2.88e-04 | 2203 ms | 14.9k tok/s
iter    730 | loss 5.4128 | lr 2.87e-04 | 2203 ms | 14.9k tok/s
iter    740 | loss 5.3515 | lr 2.87e-04 | 2203 ms | 14.9k tok/s
iter    750 | loss 5.3420 | lr 2.86e-04 | 2203 ms | 14.9k tok/s
iter    760 | loss 5.3595 | lr 2.86e-04 | 2203 ms | 14.9k tok/s
iter    770 | loss 5.3290 | lr 2.85e-04 | 2203 ms | 14.9k tok/s
iter    780 | loss 5.3634 | lr 2.85e-04 | 2203 ms | 14.9k tok/s
iter    790 | loss 5.3104 | lr 2.84e-04 | 2203 ms | 14.9k tok/s
iter    800 | loss 5.2426 | lr 2.84e-04 | 2203 ms | 14.9k tok/s
           eval | val 5.3711 | ppl 215.10
           best val 5.3711 → saved out/gpt2_350m_fweb_5060ti/ckpt_best.pt
iter    810 | loss 5.2567 | lr 2.83e-04 | 4389 ms | 7.5k tok/s
iter    820 | loss 5.2925 | lr 2.83e-04 | 2202 ms | 14.9k tok/s
iter    830 | loss 5.2967 | lr 2.82e-04 | 2205 ms | 14.9k tok/s
iter    840 | loss 5.3384 | lr 2.82e-04 | 2205 ms | 14.9k tok/s
iter    850 | loss 5.2693 | lr 2.81e-04 | 2205 ms | 14.9k tok/s
iter    860 | loss 5.1460 | lr 2.80e-04 | 2205 ms | 14.9k tok/s
iter    870 | loss 5.1646 | lr 2.80e-04 | 2205 ms | 14.9k tok/s
iter    880 | loss 5.1934 | lr 2.79e-04 | 2204 ms | 14.9k tok/s
iter    890 | loss 5.2358 | lr 2.79e-04 | 2204 ms | 14.9k tok/s
iter    900 | loss 5.1065 | lr 2.78e-04 | 2204 ms | 14.9k tok/s
iter    910 | loss 5.0914 | lr 2.77e-04 | 2204 ms | 14.9k tok/s
iter    920 | loss 5.0961 | lr 2.77e-04 | 2204 ms | 14.9k tok/s
iter    930 | loss 5.0824 | lr 2.76e-04 | 2204 ms | 14.9k tok/s
iter    940 | loss 5.1979 | lr 2.76e-04 | 2203 ms | 14.9k tok/s
iter    950 | loss 5.0853 | lr 2.75e-04 | 2204 ms | 14.9k tok/s
iter    960 | loss 5.1127 | lr 2.74e-04 | 2204 ms | 14.9k tok/s
iter    970 | loss 5.0718 | lr 2.74e-04 | 2204 ms | 14.9k tok/s
iter    980 | loss 5.2076 | lr 2.73e-04 | 2204 ms | 14.9k tok/s
iter    990 | loss 5.0703 | lr 2.72e-04 | 2204 ms | 14.9k tok/s
iter   1000 | loss 5.0141 | lr 2.72e-04 | 2204 ms | 14.9k tok/s
           eval | val 5.1521 | ppl 172.80
           best val 5.1521 → saved out/gpt2_350m_fweb_5060ti/ckpt_best.pt
           saved ckpt -> out/gpt2_350m_fweb_5060ti/ckpt.pt
iter   1010 | loss 5.1160 | lr 2.71e-04 | 5723 ms | 5.7k tok/s
iter   1020 | loss 4.9983 | lr 2.70e-04 | 2200 ms | 14.9k tok/s
iter   1030 | loss 5.0737 | lr 2.69e-04 | 2204 ms | 14.9k tok/s
iter   1040 | loss 5.0780 | lr 2.69e-04 | 2205 ms | 14.9k tok/s
iter   1050 | loss 4.9891 | lr 2.68e-04 | 2204 ms | 14.9k tok/s
iter   1060 | loss 4.9920 | lr 2.67e-04 | 2204 ms | 14.9k tok/s
iter   1070 | loss 5.0698 | lr 2.67e-04 | 2204 ms | 14.9k tok/s
iter   1080 | loss 4.9774 | lr 2.66e-04 | 2204 ms | 14.9k tok/s
iter   1090 | loss 5.0457 | lr 2.65e-04 | 2204 ms | 14.9k tok/s
iter   1100 | loss 5.0406 | lr 2.64e-04 | 2203 ms | 14.9k tok/s
iter   1110 | loss 4.9354 | lr 2.64e-04 | 2203 ms | 14.9k tok/s
iter   1120 | loss 4.9564 | lr 2.63e-04 | 2204 ms | 14.9k tok/s
iter   1130 | loss 4.9397 | lr 2.62e-04 | 2203 ms | 14.9k tok/s
iter   1140 | loss 5.0293 | lr 2.61e-04 | 2203 ms | 14.9k tok/s
iter   1150 | loss 4.7926 | lr 2.60e-04 | 2204 ms | 14.9k tok/s
iter   1160 | loss 4.9399 | lr 2.60e-04 | 2203 ms | 14.9k tok/s
iter   1170 | loss 4.9181 | lr 2.59e-04 | 2203 ms | 14.9k tok/s
iter   1180 | loss 4.7463 | lr 2.58e-04 | 2203 ms | 14.9k tok/s
iter   1190 | loss 4.8652 | lr 2.57e-04 | 2203 ms | 14.9k tok/s
iter   1200 | loss 4.8409 | lr 2.56e-04 | 2203 ms | 14.9k tok/s
           eval | val 4.9017 | ppl 134.52
           best val 4.9017 → saved out/gpt2_350m_fweb_5060ti/ckpt_best.pt
iter   1210 | loss 4.8610 | lr 2.56e-04 | 4517 ms | 7.3k tok/s
iter   1220 | loss 4.8244 | lr 2.55e-04 | 2202 ms | 14.9k tok/s
iter   1230 | loss 4.8278 | lr 2.54e-04 | 2204 ms | 14.9k tok/s
iter   1240 | loss 4.7180 | lr 2.53e-04 | 2205 ms | 14.9k tok/s
iter   1250 | loss 4.8899 | lr 2.52e-04 | 2204 ms | 14.9k tok/s
iter   1260 | loss 4.7245 | lr 2.51e-04 | 2204 ms | 14.9k tok/s
iter   1270 | loss 4.7298 | lr 2.51e-04 | 2205 ms | 14.9k tok/s
iter   1280 | loss 4.7340 | lr 2.50e-04 | 2204 ms | 14.9k tok/s
iter   1290 | loss 4.7181 | lr 2.49e-04 | 2204 ms | 14.9k tok/s
iter   1300 | loss 4.7183 | lr 2.48e-04 | 2204 ms | 14.9k tok/s
iter   1310 | loss 4.7873 | lr 2.47e-04 | 2204 ms | 14.9k tok/s
iter   1320 | loss 4.7029 | lr 2.46e-04 | 2204 ms | 14.9k tok/s
iter   1330 | loss 4.7994 | lr 2.45e-04 | 2204 ms | 14.9k tok/s
iter   1340 | loss 4.8073 | lr 2.44e-04 | 2204 ms | 14.9k tok/s
iter   1350 | loss 4.7852 | lr 2.43e-04 | 2204 ms | 14.9k tok/s
iter   1360 | loss 4.7702 | lr 2.43e-04 | 2204 ms | 14.9k tok/s
iter   1370 | loss 4.6391 | lr 2.42e-04 | 2204 ms | 14.9k tok/s
iter   1380 | loss 4.6786 | lr 2.41e-04 | 2203 ms | 14.9k tok/s
iter   1390 | loss 4.8316 | lr 2.40e-04 | 2204 ms | 14.9k tok/s
iter   1400 | loss 4.7110 | lr 2.39e-04 | 2204 ms | 14.9k tok/s
           eval | val 4.6880 | ppl 108.63
           best val 4.6880 → saved out/gpt2_350m_fweb_5060ti/ckpt_best.pt
iter   1410 | loss 4.7943 | lr 2.38e-04 | 3945 ms | 8.3k tok/s
iter   1420 | loss 4.7200 | lr 2.37e-04 | 2204 ms | 14.9k tok/s
iter   1430 | loss 4.6005 | lr 2.36e-04 | 2205 ms | 14.9k tok/s
iter   1440 | loss 4.6723 | lr 2.35e-04 | 2205 ms | 14.9k tok/s
iter   1450 | loss 4.7184 | lr 2.34e-04 | 2205 ms | 14.9k tok/s
iter   1460 | loss 4.6596 | lr 2.33e-04 | 2205 ms | 14.9k tok/s
iter   1470 | loss 4.7329 | lr 2.32e-04 | 2204 ms | 14.9k tok/s
iter   1480 | loss 4.5888 | lr 2.31e-04 | 2204 ms | 14.9k tok/s
iter   1490 | loss 4.6147 | lr 2.30e-04 | 2204 ms | 14.9k tok/s
iter   1500 | loss 4.5637 | lr 2.29e-04 | 2204 ms | 14.9k tok/s
           saved ckpt -> out/gpt2_350m_fweb_5060ti/ckpt.pt
iter   1510 | loss 4.5888 | lr 2.28e-04 | 3884 ms | 8.4k tok/s
iter   1520 | loss 4.5732 | lr 2.27e-04 | 2203 ms | 14.9k tok/s
iter   1530 | loss 4.5729 | lr 2.26e-04 | 2204 ms | 14.9k tok/s
iter   1540 | loss 4.6465 | lr 2.25e-04 | 2204 ms | 14.9k tok/s
iter   1550 | loss 4.5534 | lr 2.24e-04 | 2204 ms | 14.9k tok/s
iter   1560 | loss 4.5678 | lr 2.23e-04 | 2204 ms | 14.9k tok/s
iter   1570 | loss 4.6692 | lr 2.22e-04 | 2204 ms | 14.9k tok/s
iter   1580 | loss 4.5714 | lr 2.21e-04 | 2204 ms | 14.9k tok/s
iter   1590 | loss 4.6633 | lr 2.20e-04 | 2203 ms | 14.9k tok/s
iter   1600 | loss 4.4379 | lr 2.19e-04 | 2203 ms | 14.9k tok/s
           eval | val 4.6239 | ppl 101.89
           best val 4.6239 → saved out/gpt2_350m_fweb_5060ti/ckpt_best.pt
iter   1610 | loss 4.5361 | lr 2.18e-04 | 4296 ms | 7.6k tok/s
iter   1620 | loss 4.6650 | lr 2.17e-04 | 2202 ms | 14.9k tok/s
iter   1630 | loss 4.4845 | lr 2.16e-04 | 2204 ms | 14.9k tok/s
iter   1640 | loss 4.4935 | lr 2.15e-04 | 2204 ms | 14.9k tok/s
iter   1650 | loss 4.6581 | lr 2.14e-04 | 2204 ms | 14.9k tok/s
iter   1660 | loss 4.5697 | lr 2.13e-04 | 2204 ms | 14.9k tok/s
iter   1670 | loss 4.5907 | lr 2.12e-04 | 2203 ms | 14.9k tok/s
iter   1680 | loss 4.4691 | lr 2.11e-04 | 2204 ms | 14.9k tok/s
iter   1690 | loss 4.4106 | lr 2.10e-04 | 2203 ms | 14.9k tok/s
iter   1700 | loss 4.5026 | lr 2.09e-04 | 2203 ms | 14.9k tok/s
iter   1710 | loss 4.4676 | lr 2.08e-04 | 2203 ms | 14.9k tok/s
iter   1720 | loss 4.4892 | lr 2.07e-04 | 2203 ms | 14.9k tok/s
iter   1730 | loss 4.5708 | lr 2.06e-04 | 2203 ms | 14.9k tok/s
iter   1740 | loss 4.5341 | lr 2.05e-04 | 2204 ms | 14.9k tok/s
iter   1750 | loss 4.4509 | lr 2.04e-04 | 2203 ms | 14.9k tok/s
iter   1760 | loss 4.5181 | lr 2.02e-04 | 2203 ms | 14.9k tok/s
iter   1770 | loss 4.4162 | lr 2.01e-04 | 2203 ms | 14.9k tok/s
iter   1780 | loss 4.4733 | lr 2.00e-04 | 2203 ms | 14.9k tok/s
iter   1790 | loss 4.5665 | lr 1.99e-04 | 2204 ms | 14.9k tok/s
iter   1800 | loss 4.4780 | lr 1.98e-04 | 2204 ms | 14.9k tok/s
           eval | val 4.4689 | ppl 87.26
           best val 4.4689 → saved out/gpt2_350m_fweb_5060ti/ckpt_best.pt
iter   1810 | loss 4.4258 | lr 1.97e-04 | 4115 ms | 8.0k tok/s
iter   1820 | loss 4.4020 | lr 1.96e-04 | 2203 ms | 14.9k tok/s
iter   1830 | loss 4.4499 | lr 1.95e-04 | 2205 ms | 14.9k tok/s
iter   1840 | loss 4.6148 | lr 1.94e-04 | 2205 ms | 14.9k tok/s
iter   1850 | loss 4.5768 | lr 1.93e-04 | 2205 ms | 14.9k tok/s
iter   1860 | loss 4.3833 | lr 1.92e-04 | 2205 ms | 14.9k tok/s
iter   1870 | loss 4.4332 | lr 1.91e-04 | 2204 ms | 14.9k tok/s
iter   1880 | loss 4.2987 | lr 1.89e-04 | 2204 ms | 14.9k tok/s
iter   1890 | loss 4.4257 | lr 1.88e-04 | 2204 ms | 14.9k tok/s
iter   1900 | loss 4.3839 | lr 1.87e-04 | 2204 ms | 14.9k tok/s
iter   1910 | loss 4.3580 | lr 1.86e-04 | 2204 ms | 14.9k tok/s
iter   1920 | loss 4.4016 | lr 1.85e-04 | 2204 ms | 14.9k tok/s
iter   1930 | loss 4.3607 | lr 1.84e-04 | 2204 ms | 14.9k tok/s
iter   1940 | loss 4.3789 | lr 1.83e-04 | 2204 ms | 14.9k tok/s
iter   1950 | loss 4.3026 | lr 1.82e-04 | 2204 ms | 14.9k tok/s
iter   1960 | loss 4.4818 | lr 1.81e-04 | 2204 ms | 14.9k tok/s
iter   1970 | loss 4.3207 | lr 1.79e-04 | 2204 ms | 14.9k tok/s
iter   1980 | loss 4.2703 | lr 1.78e-04 | 2205 ms | 14.9k tok/s
iter   1990 | loss 4.3362 | lr 1.77e-04 | 2204 ms | 14.9k tok/s
iter   2000 | loss 4.3735 | lr 1.76e-04 | 2204 ms | 14.9k tok/s
           eval | val 4.4508 | ppl 85.70
           best val 4.4508 → saved out/gpt2_350m_fweb_5060ti/ckpt_best.pt
           saved ckpt -> out/gpt2_350m_fweb_5060ti/ckpt.pt
iter   2010 | loss 4.3909 | lr 1.75e-04 | 5896 ms | 5.6k tok/s
iter   2020 | loss 4.4569 | lr 1.74e-04 | 2200 ms | 14.9k tok/s
iter   2030 | loss 4.3824 | lr 1.73e-04 | 2204 ms | 14.9k tok/s
iter   2040 | loss 4.4123 | lr 1.72e-04 | 2204 ms | 14.9k tok/s
iter   2050 | loss 4.3349 | lr 1.71e-04 | 2204 ms | 14.9k tok/s
iter   2060 | loss 4.2587 | lr 1.69e-04 | 2204 ms | 14.9k tok/s
iter   2070 | loss 4.3436 | lr 1.68e-04 | 2204 ms | 14.9k tok/s
iter   2080 | loss 4.1733 | lr 1.67e-04 | 2204 ms | 14.9k tok/s
iter   2090 | loss 4.4087 | lr 1.66e-04 | 2204 ms | 14.9k tok/s
iter   2100 | loss 4.2160 | lr 1.65e-04 | 2203 ms | 14.9k tok/s
iter   2110 | loss 4.3622 | lr 1.64e-04 | 2204 ms | 14.9k tok/s
iter   2120 | loss 4.2727 | lr 1.63e-04 | 2204 ms | 14.9k tok/s
iter   2130 | loss 4.2859 | lr 1.62e-04 | 2203 ms | 14.9k tok/s
iter   2140 | loss 4.2698 | lr 1.61e-04 | 2204 ms | 14.9k tok/s
iter   2150 | loss 4.2961 | lr 1.59e-04 | 2204 ms | 14.9k tok/s
iter   2160 | loss 4.1758 | lr 1.58e-04 | 2203 ms | 14.9k tok/s
iter   2170 | loss 4.2314 | lr 1.57e-04 | 2204 ms | 14.9k tok/s
iter   2180 | loss 4.2433 | lr 1.56e-04 | 2203 ms | 14.9k tok/s
iter   2190 | loss 4.3036 | lr 1.55e-04 | 2203 ms | 14.9k tok/s
iter   2200 | loss 4.2166 | lr 1.54e-04 | 2203 ms | 14.9k tok/s
           eval | val 4.3368 | ppl 76.46
           best val 4.3368 → saved out/gpt2_350m_fweb_5060ti/ckpt_best.pt
iter   2210 | loss 4.2666 | lr 1.53e-04 | 4130 ms | 7.9k tok/s
iter   2220 | loss 4.2876 | lr 1.52e-04 | 2203 ms | 14.9k tok/s
iter   2230 | loss 4.4352 | lr 1.51e-04 | 2204 ms | 14.9k tok/s
iter   2240 | loss 4.2185 | lr 1.49e-04 | 2204 ms | 14.9k tok/s
iter   2250 | loss 4.2490 | lr 1.48e-04 | 2204 ms | 14.9k tok/s
iter   2260 | loss 4.2074 | lr 1.47e-04 | 2203 ms | 14.9k tok/s
iter   2270 | loss 4.3204 | lr 1.46e-04 | 2204 ms | 14.9k tok/s
iter   2280 | loss 4.3776 | lr 1.45e-04 | 2203 ms | 14.9k tok/s
iter   2290 | loss 4.2198 | lr 1.44e-04 | 2203 ms | 14.9k tok/s
iter   2300 | loss 4.1498 | lr 1.43e-04 | 2203 ms | 14.9k tok/s
iter   2310 | loss 4.1886 | lr 1.42e-04 | 2203 ms | 14.9k tok/s
iter   2320 | loss 4.2264 | lr 1.41e-04 | 2203 ms | 14.9k tok/s
iter   2330 | loss 4.0943 | lr 1.39e-04 | 2203 ms | 14.9k tok/s
iter   2340 | loss 4.2711 | lr 1.38e-04 | 2203 ms | 14.9k tok/s
iter   2350 | loss 4.2319 | lr 1.37e-04 | 2203 ms | 14.9k tok/s
iter   2360 | loss 4.2268 | lr 1.36e-04 | 2203 ms | 14.9k tok/s
iter   2370 | loss 4.2080 | lr 1.35e-04 | 2203 ms | 14.9k tok/s
iter   2380 | loss 4.2621 | lr 1.34e-04 | 2203 ms | 14.9k tok/s
iter   2390 | loss 4.1891 | lr 1.33e-04 | 2203 ms | 14.9k tok/s
iter   2400 | loss 4.1539 | lr 1.32e-04 | 2203 ms | 14.9k tok/s
           eval | val 4.2440 | ppl 69.69
           best val 4.2440 → saved out/gpt2_350m_fweb_5060ti/ckpt_best.pt
iter   2410 | loss 4.2037 | lr 1.31e-04 | 4269 ms | 7.7k tok/s
iter   2420 | loss 4.1577 | lr 1.30e-04 | 2203 ms | 14.9k tok/s
iter   2430 | loss 4.2057 | lr 1.29e-04 | 2205 ms | 14.9k tok/s
iter   2440 | loss 4.1853 | lr 1.28e-04 | 2205 ms | 14.9k tok/s
iter   2450 | loss 4.2707 | lr 1.26e-04 | 2205 ms | 14.9k tok/s
iter   2460 | loss 4.3004 | lr 1.25e-04 | 2204 ms | 14.9k tok/s
iter   2470 | loss 4.1935 | lr 1.24e-04 | 2204 ms | 14.9k tok/s
iter   2480 | loss 4.1370 | lr 1.23e-04 | 2204 ms | 14.9k tok/s
iter   2490 | loss 4.1892 | lr 1.22e-04 | 2204 ms | 14.9k tok/s
iter   2500 | loss 4.1862 | lr 1.21e-04 | 2204 ms | 14.9k tok/s
           saved ckpt -> out/gpt2_350m_fweb_5060ti/ckpt.pt
iter   2510 | loss 4.1848 | lr 1.20e-04 | 4085 ms | 8.0k tok/s
iter   2520 | loss 4.2382 | lr 1.19e-04 | 2202 ms | 14.9k tok/s
iter   2530 | loss 4.2080 | lr 1.18e-04 | 2204 ms | 14.9k tok/s
iter   2540 | loss 4.1450 | lr 1.17e-04 | 2204 ms | 14.9k tok/s
iter   2550 | loss 4.2163 | lr 1.16e-04 | 2205 ms | 14.9k tok/s
iter   2560 | loss 4.2241 | lr 1.15e-04 | 2205 ms | 14.9k tok/s
iter   2570 | loss 4.1814 | lr 1.14e-04 | 2204 ms | 14.9k tok/s
iter   2580 | loss 4.1120 | lr 1.13e-04 | 2204 ms | 14.9k tok/s
iter   2590 | loss 4.1964 | lr 1.12e-04 | 2204 ms | 14.9k tok/s
iter   2600 | loss 4.1623 | lr 1.11e-04 | 2203 ms | 14.9k tok/s
           eval | val 4.2041 | ppl 66.96
           best val 4.2041 → saved out/gpt2_350m_fweb_5060ti/ckpt_best.pt
iter   2610 | loss 4.2221 | lr 1.10e-04 | 4225 ms | 7.8k tok/s
iter   2620 | loss 4.1550 | lr 1.09e-04 | 2203 ms | 14.9k tok/s
iter   2630 | loss 4.2350 | lr 1.08e-04 | 2205 ms | 14.9k tok/s
iter   2640 | loss 4.2186 | lr 1.07e-04 | 2204 ms | 14.9k tok/s
iter   2650 | loss 4.0327 | lr 1.06e-04 | 2204 ms | 14.9k tok/s
iter   2660 | loss 4.2159 | lr 1.05e-04 | 2204 ms | 14.9k tok/s
iter   2670 | loss 4.0415 | lr 1.04e-04 | 2204 ms | 14.9k tok/s
iter   2680 | loss 4.1344 | lr 1.03e-04 | 2204 ms | 14.9k tok/s
iter   2690 | loss 4.0436 | lr 1.02e-04 | 2203 ms | 14.9k tok/s
iter   2700 | loss 4.2084 | lr 1.01e-04 | 2203 ms | 14.9k tok/s
iter   2710 | loss 4.1048 | lr 9.98e-05 | 2204 ms | 14.9k tok/s
iter   2720 | loss 4.1355 | lr 9.88e-05 | 2203 ms | 14.9k tok/s
iter   2730 | loss 4.0751 | lr 9.78e-05 | 2203 ms | 14.9k tok/s
iter   2740 | loss 4.1356 | lr 9.69e-05 | 2203 ms | 14.9k tok/s
iter   2750 | loss 4.1455 | lr 9.59e-05 | 2203 ms | 14.9k tok/s
iter   2760 | loss 4.2286 | lr 9.49e-05 | 2203 ms | 14.9k tok/s
iter   2770 | loss 4.1231 | lr 9.40e-05 | 2203 ms | 14.9k tok/s
iter   2780 | loss 4.2288 | lr 9.30e-05 | 2203 ms | 14.9k tok/s
iter   2790 | loss 4.2865 | lr 9.21e-05 | 2203 ms | 14.9k tok/s
iter   2800 | loss 4.0615 | lr 9.12e-05 | 2203 ms | 14.9k tok/s
           eval | val 4.1443 | ppl 63.07
           best val 4.1443 → saved out/gpt2_350m_fweb_5060ti/ckpt_best.pt
iter   2810 | loss 4.0343 | lr 9.02e-05 | 4428 ms | 7.4k tok/s
iter   2820 | loss 4.1148 | lr 8.93e-05 | 2202 ms | 14.9k tok/s
iter   2830 | loss 4.0687 | lr 8.84e-05 | 2204 ms | 14.9k tok/s
iter   2840 | loss 4.0915 | lr 8.75e-05 | 2204 ms | 14.9k tok/s
iter   2850 | loss 4.2087 | lr 8.66e-05 | 2204 ms | 14.9k tok/s
iter   2860 | loss 4.0767 | lr 8.56e-05 | 2204 ms | 14.9k tok/s
iter   2870 | loss 4.1780 | lr 8.47e-05 | 2204 ms | 14.9k tok/s
iter   2880 | loss 4.1297 | lr 8.39e-05 | 2204 ms | 14.9k tok/s
iter   2890 | loss 4.0958 | lr 8.30e-05 | 2204 ms | 14.9k tok/s
iter   2900 | loss 4.0009 | lr 8.21e-05 | 2203 ms | 14.9k tok/s
iter   2910 | loss 4.0820 | lr 8.12e-05 | 2203 ms | 14.9k tok/s
iter   2920 | loss 4.1635 | lr 8.03e-05 | 2203 ms | 14.9k tok/s
iter   2930 | loss 3.9982 | lr 7.95e-05 | 2203 ms | 14.9k tok/s
iter   2940 | loss 4.1020 | lr 7.86e-05 | 2203 ms | 14.9k tok/s
iter   2950 | loss 4.2008 | lr 7.77e-05 | 2203 ms | 14.9k tok/s
iter   2960 | loss 4.1810 | lr 7.69e-05 | 2203 ms | 14.9k tok/s
iter   2970 | loss 4.1634 | lr 7.61e-05 | 2203 ms | 14.9k tok/s
iter   2980 | loss 4.0796 | lr 7.52e-05 | 2203 ms | 14.9k tok/s
iter   2990 | loss 4.0942 | lr 7.44e-05 | 2203 ms | 14.9k tok/s
iter   3000 | loss 4.1133 | lr 7.36e-05 | 2203 ms | 14.9k tok/s
           eval | val 4.1422 | ppl 62.94
           best val 4.1422 → saved out/gpt2_350m_fweb_5060ti/ckpt_best.pt
           saved ckpt -> out/gpt2_350m_fweb_5060ti/ckpt.pt
iter   3010 | loss 4.0867 | lr 7.27e-05 | 6877 ms | 4.8k tok/s
iter   3020 | loss 4.0451 | lr 7.19e-05 | 2199 ms | 14.9k tok/s
iter   3030 | loss 3.9482 | lr 7.11e-05 | 2202 ms | 14.9k tok/s
iter   3040 | loss 3.9951 | lr 7.03e-05 | 2203 ms | 14.9k tok/s
iter   3050 | loss 4.1854 | lr 6.95e-05 | 2203 ms | 14.9k tok/s
iter   3060 | loss 4.0392 | lr 6.88e-05 | 2204 ms | 14.9k tok/s
iter   3070 | loss 4.1394 | lr 6.80e-05 | 2204 ms | 14.9k tok/s
iter   3080 | loss 3.9964 | lr 6.72e-05 | 2204 ms | 14.9k tok/s
iter   3090 | loss 4.0673 | lr 6.64e-05 | 2204 ms | 14.9k tok/s
iter   3100 | loss 4.1105 | lr 6.57e-05 | 2203 ms | 14.9k tok/s
iter   3110 | loss 3.9761 | lr 6.49e-05 | 2204 ms | 14.9k tok/s
iter   3120 | loss 4.0881 | lr 6.42e-05 | 2204 ms | 14.9k tok/s
iter   3130 | loss 4.0791 | lr 6.34e-05 | 2204 ms | 14.9k tok/s
iter   3140 | loss 4.0629 | lr 6.27e-05 | 2203 ms | 14.9k tok/s
iter   3150 | loss 4.1609 | lr 6.20e-05 | 2203 ms | 14.9k tok/s
iter   3160 | loss 4.0264 | lr 6.13e-05 | 2203 ms | 14.9k tok/s
iter   3170 | loss 4.0694 | lr 6.06e-05 | 2203 ms | 14.9k tok/s
iter   3180 | loss 4.1483 | lr 5.99e-05 | 2204 ms | 14.9k tok/s
iter   3190 | loss 3.9729 | lr 5.92e-05 | 2204 ms | 14.9k tok/s
iter   3200 | loss 4.1861 | lr 5.85e-05 | 2204 ms | 14.9k tok/s
           eval | val 4.1030 | ppl 60.52
           best val 4.1030 → saved out/gpt2_350m_fweb_5060ti/ckpt_best.pt
iter   3210 | loss 4.0548 | lr 5.78e-05 | 4209 ms | 7.8k tok/s
iter   3220 | loss 3.9827 | lr 5.71e-05 | 2203 ms | 14.9k tok/s
iter   3230 | loss 4.0328 | lr 5.64e-05 | 2205 ms | 14.9k tok/s
iter   3240 | loss 4.0488 | lr 5.58e-05 | 2205 ms | 14.9k tok/s
iter   3250 | loss 4.0321 | lr 5.51e-05 | 2204 ms | 14.9k tok/s
iter   3260 | loss 3.9400 | lr 5.45e-05 | 2204 ms | 14.9k tok/s
iter   3270 | loss 4.0374 | lr 5.38e-05 | 2204 ms | 14.9k tok/s
iter   3280 | loss 4.0374 | lr 5.32e-05 | 2204 ms | 14.9k tok/s
iter   3290 | loss 3.9679 | lr 5.26e-05 | 2204 ms | 14.9k tok/s
iter   3300 | loss 4.0815 | lr 5.20e-05 | 2203 ms | 14.9k tok/s
iter   3310 | loss 4.0869 | lr 5.14e-05 | 2203 ms | 14.9k tok/s
iter   3320 | loss 4.0621 | lr 5.08e-05 | 2203 ms | 14.9k tok/s
iter   3330 | loss 4.1166 | lr 5.02e-05 | 2203 ms | 14.9k tok/s
iter   3340 | loss 4.0037 | lr 4.96e-05 | 2203 ms | 14.9k tok/s
iter   3350 | loss 4.0143 | lr 4.90e-05 | 2203 ms | 14.9k tok/s
iter   3360 | loss 4.0833 | lr 4.85e-05 | 2203 ms | 14.9k tok/s
iter   3370 | loss 3.9713 | lr 4.79e-05 | 2203 ms | 14.9k tok/s
iter   3380 | loss 4.0591 | lr 4.73e-05 | 2203 ms | 14.9k tok/s
iter   3390 | loss 3.9828 | lr 4.68e-05 | 2202 ms | 14.9k tok/s
iter   3400 | loss 4.0489 | lr 4.63e-05 | 2202 ms | 14.9k tok/s
           eval | val 4.1149 | ppl 61.24
iter   3410 | loss 4.0608 | lr 4.57e-05 | 2643 ms | 12.4k tok/s
iter   3420 | loss 4.0255 | lr 4.52e-05 | 2202 ms | 14.9k tok/s
iter   3430 | loss 3.9919 | lr 4.47e-05 | 2203 ms | 14.9k tok/s
iter   3440 | loss 4.1556 | lr 4.42e-05 | 2203 ms | 14.9k tok/s
iter   3450 | loss 4.0361 | lr 4.37e-05 | 2203 ms | 14.9k tok/s
iter   3460 | loss 4.0222 | lr 4.32e-05 | 2203 ms | 14.9k tok/s
iter   3470 | loss 4.0116 | lr 4.28e-05 | 2203 ms | 14.9k tok/s
iter   3480 | loss 4.0648 | lr 4.23e-05 | 2203 ms | 14.9k tok/s
iter   3490 | loss 4.0586 | lr 4.18e-05 | 2203 ms | 14.9k tok/s
iter   3500 | loss 3.9869 | lr 4.14e-05 | 2203 ms | 14.9k tok/s
           saved ckpt -> out/gpt2_350m_fweb_5060ti/ckpt.pt
iter   3510 | loss 3.9753 | lr 4.09e-05 | 4198 ms | 7.8k tok/s
iter   3520 | loss 3.9583 | lr 4.05e-05 | 2202 ms | 14.9k tok/s
iter   3530 | loss 4.0168 | lr 4.01e-05 | 2204 ms | 14.9k tok/s
iter   3540 | loss 4.0289 | lr 3.96e-05 | 2204 ms | 14.9k tok/s
iter   3550 | loss 3.9522 | lr 3.92e-05 | 2204 ms | 14.9k tok/s
iter   3560 | loss 3.9865 | lr 3.88e-05 | 2204 ms | 14.9k tok/s
iter   3570 | loss 4.0244 | lr 3.84e-05 | 2204 ms | 14.9k tok/s
iter   3580 | loss 3.9256 | lr 3.81e-05 | 2204 ms | 14.9k tok/s
iter   3590 | loss 4.0185 | lr 3.77e-05 | 2204 ms | 14.9k tok/s
iter   3600 | loss 4.1973 | lr 3.73e-05 | 2204 ms | 14.9k tok/s
           eval | val 4.1067 | ppl 60.74
iter   3610 | loss 3.9636 | lr 3.70e-05 | 2645 ms | 12.4k tok/s
iter   3620 | loss 3.8914 | lr 3.66e-05 | 2204 ms | 14.9k tok/s
iter   3630 | loss 4.0434 | lr 3.63e-05 | 2204 ms | 14.9k tok/s
iter   3640 | loss 3.9838 | lr 3.59e-05 | 2204 ms | 14.9k tok/s
iter   3650 | loss 3.9545 | lr 3.56e-05 | 2204 ms | 14.9k tok/s
iter   3660 | loss 3.9707 | lr 3.53e-05 | 2204 ms | 14.9k tok/s
iter   3670 | loss 3.9842 | lr 3.50e-05 | 2204 ms | 14.9k tok/s
iter   3680 | loss 4.0032 | lr 3.47e-05 | 2204 ms | 14.9k tok/s
iter   3690 | loss 3.9577 | lr 3.44e-05 | 2204 ms | 14.9k tok/s
iter   3700 | loss 3.9764 | lr 3.41e-05 | 2204 ms | 14.9k tok/s
iter   3710 | loss 4.0154 | lr 3.39e-05 | 2204 ms | 14.9k tok/s
iter   3720 | loss 4.0897 | lr 3.36e-05 | 2204 ms | 14.9k tok/s
iter   3730 | loss 3.8997 | lr 3.33e-05 | 2204 ms | 14.9k tok/s
iter   3740 | loss 3.9811 | lr 3.31e-05 | 2204 ms | 14.9k tok/s
iter   3750 | loss 3.9567 | lr 3.29e-05 | 2204 ms | 14.9k tok/s
iter   3760 | loss 3.9031 | lr 3.26e-05 | 2205 ms | 14.9k tok/s
iter   3770 | loss 3.9861 | lr 3.24e-05 | 2205 ms | 14.9k tok/s
iter   3780 | loss 3.9022 | lr 3.22e-05 | 2205 ms | 14.9k tok/s
iter   3790 | loss 4.1226 | lr 3.20e-05 | 2205 ms | 14.9k tok/s
iter   3800 | loss 3.9437 | lr 3.18e-05 | 2206 ms | 14.9k tok/s
           eval | val 4.0641 | ppl 58.22
           best val 4.0641 → saved out/gpt2_350m_fweb_5060ti/ckpt_best.pt
iter   3810 | loss 3.9908 | lr 3.17e-05 | 4784 ms | 6.8k tok/s
iter   3820 | loss 4.0039 | lr 3.15e-05 | 2204 ms | 14.9k tok/s
iter   3830 | loss 3.9851 | lr 3.13e-05 | 2207 ms | 14.9k tok/s
iter   3840 | loss 4.0572 | lr 3.12e-05 | 2207 ms | 14.8k tok/s
iter   3850 | loss 3.9568 | lr 3.10e-05 | 2207 ms | 14.8k tok/s
iter   3860 | loss 4.0534 | lr 3.09e-05 | 2207 ms | 14.8k tok/s
iter   3870 | loss 4.0782 | lr 3.08e-05 | 2207 ms | 14.8k tok/s
iter   3880 | loss 4.0684 | lr 3.07e-05 | 2206 ms | 14.9k tok/s
iter   3890 | loss 4.0436 | lr 3.06e-05 | 2205 ms | 14.9k tok/s
iter   3900 | loss 3.9861 | lr 3.05e-05 | 2205 ms | 14.9k tok/s
iter   3910 | loss 4.0282 | lr 3.04e-05 | 2205 ms | 14.9k tok/s
iter   3920 | loss 3.9238 | lr 3.03e-05 | 2205 ms | 14.9k tok/s
iter   3930 | loss 3.8695 | lr 3.02e-05 | 2205 ms | 14.9k tok/s
iter   3940 | loss 3.9649 | lr 3.02e-05 | 2205 ms | 14.9k tok/s
iter   3950 | loss 4.0645 | lr 3.01e-05 | 2205 ms | 14.9k tok/s
iter   3960 | loss 4.0244 | lr 3.01e-05 | 2204 ms | 14.9k tok/s
iter   3970 | loss 4.0786 | lr 3.00e-05 | 2204 ms | 14.9k tok/s
iter   3980 | loss 4.0303 | lr 3.00e-05 | 2204 ms | 14.9k tok/s
iter   3990 | loss 3.9718 | lr 3.00e-05 | 2204 ms | 14.9k tok/s
done -> out/gpt2_350m_fweb_5060ti/ckpt.pt  best val 4.0641 -> out/gpt2_350m_fweb_5060ti/ckpt_best.pt
[vram] peak_alloc=11946 MiB  peak_reserved=12770 MiB
