model: 10.67M params (10.65M non-emb)
optimizer: Muon (42 2D mats, lr=0.02) + AdamW (27 other, lr=0.0006)
iter      0 | loss 4.2778 | lr 6.00e-06 | 561.0 ms/it
iter     10 | loss 2.7313 | lr 6.60e-05 | 151.2 ms/it
iter     20 | loss 2.5154 | lr 1.26e-04 | 148.5 ms/it
iter     30 | loss 2.3423 | lr 1.86e-04 | 148.5 ms/it
iter     40 | loss 2.2148 | lr 2.46e-04 | 146.2 ms/it
iter     50 | loss 2.0853 | lr 3.06e-04 | 163.2 ms/it
           eval | train 2.0695 | val 2.1536
           best val 2.1536 → saved out/tiny_muon/ckpt_best.pt
iter     60 | loss 1.9856 | lr 3.66e-04 | 1094.8 ms/it
iter     70 | loss 1.9070 | lr 4.26e-04 | 148.2 ms/it
iter     80 | loss 1.8487 | lr 4.86e-04 | 148.8 ms/it
iter     90 | loss 1.7572 | lr 5.46e-04 | 148.7 ms/it
iter    100 | loss 1.7079 | lr 6.00e-04 | 148.0 ms/it
           eval | train 1.6722 | val 1.8331
           best val 1.8331 → saved out/tiny_muon/ckpt_best.pt
iter    110 | loss 1.6470 | lr 6.00e-04 | 1088.2 ms/it
iter    120 | loss 1.6421 | lr 6.00e-04 | 147.8 ms/it
iter    130 | loss 1.5865 | lr 5.99e-04 | 152.3 ms/it
iter    140 | loss 1.5338 | lr 5.99e-04 | 168.1 ms/it
iter    150 | loss 1.5281 | lr 5.98e-04 | 168.0 ms/it
           eval | train 1.4943 | val 1.6999
           best val 1.6999 → saved out/tiny_muon/ckpt_best.pt
iter    160 | loss 1.4836 | lr 5.98e-04 | 934.5 ms/it
iter    170 | loss 1.4902 | lr 5.97e-04 | 147.3 ms/it
iter    180 | loss 1.4524 | lr 5.96e-04 | 145.8 ms/it
iter    190 | loss 1.4575 | lr 5.95e-04 | 145.2 ms/it
iter    200 | loss 1.4271 | lr 5.93e-04 | 146.1 ms/it
           eval | train 1.4023 | val 1.6064
           best val 1.6064 → saved out/tiny_muon/ckpt_best.pt
iter    210 | loss 1.4200 | lr 5.92e-04 | 954.6 ms/it
iter    220 | loss 1.4272 | lr 5.90e-04 | 148.9 ms/it
iter    230 | loss 1.4252 | lr 5.89e-04 | 150.5 ms/it
iter    240 | loss 1.3848 | lr 5.87e-04 | 146.5 ms/it
iter    250 | loss 1.3594 | lr 5.85e-04 | 146.0 ms/it
           eval | train 1.3444 | val 1.5716
           best val 1.5716 → saved out/tiny_muon/ckpt_best.pt
iter    260 | loss 1.3814 | lr 5.83e-04 | 910.5 ms/it
iter    270 | loss 1.3151 | lr 5.81e-04 | 144.6 ms/it
iter    280 | loss 1.3883 | lr 5.78e-04 | 144.6 ms/it
iter    290 | loss 1.3398 | lr 5.76e-04 | 145.0 ms/it
iter    300 | loss 1.3215 | lr 5.73e-04 | 145.2 ms/it
           eval | train 1.2967 | val 1.5459
           best val 1.5459 → saved out/tiny_muon/ckpt_best.pt
iter    310 | loss 1.2960 | lr 5.71e-04 | 919.4 ms/it
iter    320 | loss 1.3202 | lr 5.68e-04 | 144.6 ms/it
iter    330 | loss 1.3056 | lr 5.65e-04 | 144.8 ms/it
iter    340 | loss 1.2799 | lr 5.62e-04 | 144.6 ms/it
iter    350 | loss 1.2643 | lr 5.59e-04 | 144.7 ms/it
           eval | train 1.2599 | val 1.5109
           best val 1.5109 → saved out/tiny_muon/ckpt_best.pt
iter    360 | loss 1.2809 | lr 5.55e-04 | 910.8 ms/it
iter    370 | loss 1.2712 | lr 5.52e-04 | 144.4 ms/it
iter    380 | loss 1.2528 | lr 5.48e-04 | 144.4 ms/it
iter    390 | loss 1.2849 | lr 5.45e-04 | 144.5 ms/it
iter    400 | loss 1.2537 | lr 5.41e-04 | 144.4 ms/it
           eval | train 1.2324 | val 1.5085
           best val 1.5085 → saved out/tiny_muon/ckpt_best.pt
iter    410 | loss 1.2440 | lr 5.37e-04 | 909.7 ms/it
iter    420 | loss 1.2410 | lr 5.33e-04 | 144.6 ms/it
iter    430 | loss 1.2806 | lr 5.29e-04 | 144.6 ms/it
iter    440 | loss 1.2358 | lr 5.25e-04 | 144.4 ms/it
iter    450 | loss 1.2561 | lr 5.21e-04 | 144.6 ms/it
           eval | train 1.2050 | val 1.5145
iter    460 | loss 1.2361 | lr 5.17e-04 | 869.2 ms/it
iter    470 | loss 1.2391 | lr 5.12e-04 | 144.8 ms/it
iter    480 | loss 1.2269 | lr 5.08e-04 | 144.5 ms/it
iter    490 | loss 1.2043 | lr 5.03e-04 | 144.8 ms/it
iter    500 | loss 1.1736 | lr 4.98e-04 | 144.8 ms/it
           eval | train 1.1754 | val 1.4934
           best val 1.4934 → saved out/tiny_muon/ckpt_best.pt
           saved ckpt -> out/tiny_muon/ckpt.pt
iter    510 | loss 1.1787 | lr 4.94e-04 | 895.2 ms/it
iter    520 | loss 1.1852 | lr 4.89e-04 | 144.7 ms/it
iter    530 | loss 1.1809 | lr 4.84e-04 | 144.8 ms/it
iter    540 | loss 1.1795 | lr 4.79e-04 | 144.7 ms/it
iter    550 | loss 1.1859 | lr 4.74e-04 | 145.5 ms/it
           eval | train 1.1481 | val 1.5002
iter    560 | loss 1.1489 | lr 4.68e-04 | 870.8 ms/it
iter    570 | loss 1.1762 | lr 4.63e-04 | 145.7 ms/it
iter    580 | loss 1.1474 | lr 4.58e-04 | 145.6 ms/it
iter    590 | loss 1.1695 | lr 4.53e-04 | 144.5 ms/it
iter    600 | loss 1.1584 | lr 4.47e-04 | 144.5 ms/it
           eval | train 1.1193 | val 1.4958
iter    610 | loss 1.1419 | lr 4.42e-04 | 870.3 ms/it
iter    620 | loss 1.1306 | lr 4.36e-04 | 145.0 ms/it
iter    630 | loss 1.1337 | lr 4.31e-04 | 145.3 ms/it
iter    640 | loss 1.1100 | lr 4.25e-04 | 145.2 ms/it
iter    650 | loss 1.1191 | lr 4.19e-04 | 145.2 ms/it
           eval | train 1.0856 | val 1.5109
iter    660 | loss 1.1152 | lr 4.13e-04 | 870.6 ms/it
iter    670 | loss 1.0841 | lr 4.08e-04 | 145.1 ms/it
iter    680 | loss 1.0922 | lr 4.02e-04 | 145.1 ms/it
iter    690 | loss 1.1117 | lr 3.96e-04 | 145.1 ms/it
iter    700 | loss 1.0608 | lr 3.90e-04 | 145.2 ms/it
           eval | train 1.0567 | val 1.5055
iter    710 | loss 1.0890 | lr 3.84e-04 | 870.8 ms/it
iter    720 | loss 1.0824 | lr 3.78e-04 | 145.3 ms/it
iter    730 | loss 1.0735 | lr 3.72e-04 | 145.4 ms/it
iter    740 | loss 1.0590 | lr 3.66e-04 | 145.2 ms/it
iter    750 | loss 1.0483 | lr 3.60e-04 | 145.2 ms/it
           eval | train 1.0235 | val 1.5210
iter    760 | loss 1.0613 | lr 3.54e-04 | 871.2 ms/it
iter    770 | loss 1.0601 | lr 3.48e-04 | 145.1 ms/it
iter    780 | loss 1.0243 | lr 3.42e-04 | 145.1 ms/it
iter    790 | loss 1.0361 | lr 3.36e-04 | 145.4 ms/it
iter    800 | loss 1.0003 | lr 3.30e-04 | 145.2 ms/it
           eval | train 0.9886 | val 1.5542
iter    810 | loss 1.0244 | lr 3.24e-04 | 870.6 ms/it
iter    820 | loss 1.0535 | lr 3.18e-04 | 145.3 ms/it
iter    830 | loss 1.0246 | lr 3.12e-04 | 145.1 ms/it
iter    840 | loss 0.9946 | lr 3.06e-04 | 144.8 ms/it
iter    850 | loss 0.9934 | lr 3.00e-04 | 145.0 ms/it
           eval | train 0.9546 | val 1.5681
iter    860 | loss 1.0104 | lr 2.94e-04 | 869.9 ms/it
iter    870 | loss 0.9675 | lr 2.88e-04 | 144.8 ms/it
iter    880 | loss 0.9856 | lr 2.82e-04 | 144.7 ms/it
iter    890 | loss 0.9755 | lr 2.76e-04 | 145.7 ms/it
iter    900 | loss 1.0070 | lr 2.70e-04 | 145.2 ms/it
           eval | train 0.9193 | val 1.5896
iter    910 | loss 0.9823 | lr 2.64e-04 | 870.7 ms/it
iter    920 | loss 0.9579 | lr 2.58e-04 | 145.1 ms/it
iter    930 | loss 0.9183 | lr 2.52e-04 | 145.0 ms/it
iter    940 | loss 0.9488 | lr 2.47e-04 | 145.1 ms/it
iter    950 | loss 0.9153 | lr 2.41e-04 | 145.3 ms/it
           eval | train 0.8792 | val 1.6131
iter    960 | loss 0.9101 | lr 2.35e-04 | 870.8 ms/it
iter    970 | loss 0.9392 | lr 2.29e-04 | 145.0 ms/it
iter    980 | loss 0.9218 | lr 2.24e-04 | 145.2 ms/it
iter    990 | loss 0.8884 | lr 2.18e-04 | 144.9 ms/it
iter   1000 | loss 0.8797 | lr 2.13e-04 | 145.4 ms/it
           eval | train 0.8444 | val 1.6471
           saved ckpt -> out/tiny_muon/ckpt.pt
iter   1010 | loss 0.9052 | lr 2.07e-04 | 905.1 ms/it
iter   1020 | loss 0.8217 | lr 2.02e-04 | 145.1 ms/it
iter   1030 | loss 0.8701 | lr 1.97e-04 | 145.3 ms/it
iter   1040 | loss 0.8667 | lr 1.92e-04 | 145.1 ms/it
iter   1050 | loss 0.8535 | lr 1.86e-04 | 145.1 ms/it
           eval | train 0.8074 | val 1.6597
iter   1060 | loss 0.8588 | lr 1.81e-04 | 870.6 ms/it
iter   1070 | loss 0.8730 | lr 1.76e-04 | 145.1 ms/it
iter   1080 | loss 0.8515 | lr 1.71e-04 | 145.2 ms/it
iter   1090 | loss 0.8465 | lr 1.66e-04 | 145.0 ms/it
iter   1100 | loss 0.8428 | lr 1.62e-04 | 145.3 ms/it
           eval | train 0.7741 | val 1.7056
iter   1110 | loss 0.8162 | lr 1.57e-04 | 870.9 ms/it
iter   1120 | loss 0.7935 | lr 1.52e-04 | 145.0 ms/it
iter   1130 | loss 0.8293 | lr 1.48e-04 | 145.0 ms/it
iter   1140 | loss 0.8144 | lr 1.43e-04 | 145.2 ms/it
iter   1150 | loss 0.7828 | lr 1.39e-04 | 145.0 ms/it
           eval | train 0.7365 | val 1.7262
iter   1160 | loss 0.8085 | lr 1.35e-04 | 870.8 ms/it
iter   1170 | loss 0.7685 | lr 1.31e-04 | 145.0 ms/it
iter   1180 | loss 0.8050 | lr 1.27e-04 | 145.0 ms/it
iter   1190 | loss 0.7652 | lr 1.23e-04 | 145.1 ms/it
iter   1200 | loss 0.7740 | lr 1.19e-04 | 145.1 ms/it
           eval | train 0.7103 | val 1.7615
iter   1210 | loss 0.7795 | lr 1.15e-04 | 870.9 ms/it
iter   1220 | loss 0.7721 | lr 1.12e-04 | 145.1 ms/it
iter   1230 | loss 0.7795 | lr 1.08e-04 | 145.1 ms/it
iter   1240 | loss 0.7485 | lr 1.05e-04 | 145.1 ms/it
iter   1250 | loss 0.7455 | lr 1.01e-04 | 145.2 ms/it
           eval | train 0.6794 | val 1.7998
iter   1260 | loss 0.7583 | lr 9.82e-05 | 869.3 ms/it
iter   1270 | loss 0.7658 | lr 9.52e-05 | 143.9 ms/it
iter   1280 | loss 0.7423 | lr 9.22e-05 | 143.7 ms/it
iter   1290 | loss 0.7267 | lr 8.94e-05 | 144.3 ms/it
iter   1300 | loss 0.7255 | lr 8.67e-05 | 144.0 ms/it
           eval | train 0.6573 | val 1.8051
iter   1310 | loss 0.7129 | lr 8.42e-05 | 869.6 ms/it
iter   1320 | loss 0.7076 | lr 8.17e-05 | 144.3 ms/it
iter   1330 | loss 0.7151 | lr 7.94e-05 | 144.2 ms/it
iter   1340 | loss 0.7126 | lr 7.72e-05 | 144.0 ms/it
iter   1350 | loss 0.7026 | lr 7.52e-05 | 144.0 ms/it
           eval | train 0.6330 | val 1.8432
iter   1360 | loss 0.7191 | lr 7.32e-05 | 869.1 ms/it
iter   1370 | loss 0.7022 | lr 7.14e-05 | 144.0 ms/it
iter   1380 | loss 0.6907 | lr 6.97e-05 | 144.3 ms/it
iter   1390 | loss 0.6804 | lr 6.82e-05 | 143.8 ms/it
iter   1400 | loss 0.6956 | lr 6.68e-05 | 144.1 ms/it
           eval | train 0.6103 | val 1.8621
iter   1410 | loss 0.7042 | lr 6.55e-05 | 869.0 ms/it
iter   1420 | loss 0.6746 | lr 6.43e-05 | 144.3 ms/it
iter   1430 | loss 0.6668 | lr 6.33e-05 | 144.1 ms/it
iter   1440 | loss 0.6718 | lr 6.24e-05 | 144.3 ms/it
iter   1450 | loss 0.6909 | lr 6.17e-05 | 144.0 ms/it
           eval | train 0.5940 | val 1.8855
iter   1460 | loss 0.6753 | lr 6.11e-05 | 868.6 ms/it
iter   1470 | loss 0.6481 | lr 6.06e-05 | 144.0 ms/it
iter   1480 | loss 0.6857 | lr 6.03e-05 | 143.9 ms/it
iter   1490 | loss 0.6483 | lr 6.01e-05 | 143.8 ms/it
done. final ckpt -> out/tiny_muon/ckpt.pt  best val 1.4934 -> out/tiny_muon/ckpt_best.pt
