model: 10.65M params (10.62M non-emb)
iter      0 | loss 4.2043 | lr 6.00e-06 | 84.5 ms/it
iter     10 | loss 3.4259 | lr 6.60e-05 | 87.9 ms/it
iter     20 | loss 3.2684 | lr 1.26e-04 | 86.7 ms/it
iter     30 | loss 3.0017 | lr 1.86e-04 | 86.7 ms/it
iter     40 | loss 2.6920 | lr 2.46e-04 | 86.9 ms/it
iter     50 | loss 2.5697 | lr 3.06e-04 | 86.7 ms/it
           eval | train 2.5573 | val 2.5566
           best val 2.5566 → saved out/tiny_clean/ckpt_best.pt
iter     60 | loss 2.4571 | lr 3.66e-04 | 660.8 ms/it
iter     70 | loss 2.3649 | lr 4.26e-04 | 86.7 ms/it
iter     80 | loss 2.2556 | lr 4.86e-04 | 86.8 ms/it
iter     90 | loss 2.1368 | lr 5.46e-04 | 86.8 ms/it
iter    100 | loss 2.0210 | lr 6.00e-04 | 86.9 ms/it
           eval | train 1.9736 | val 2.0422
           best val 2.0422 → saved out/tiny_clean/ckpt_best.pt
iter    110 | loss 1.8988 | lr 6.00e-04 | 687.2 ms/it
iter    120 | loss 1.8344 | lr 6.00e-04 | 86.9 ms/it
iter    130 | loss 1.7387 | lr 5.99e-04 | 86.9 ms/it
iter    140 | loss 1.6697 | lr 5.99e-04 | 86.8 ms/it
iter    150 | loss 1.6213 | lr 5.98e-04 | 86.8 ms/it
           eval | train 1.5914 | val 1.7732
           best val 1.7732 → saved out/tiny_clean/ckpt_best.pt
iter    160 | loss 1.5661 | lr 5.98e-04 | 685.0 ms/it
iter    170 | loss 1.5557 | lr 5.97e-04 | 86.8 ms/it
iter    180 | loss 1.5133 | lr 5.96e-04 | 86.8 ms/it
iter    190 | loss 1.5213 | lr 5.95e-04 | 86.9 ms/it
iter    200 | loss 1.4795 | lr 5.93e-04 | 86.9 ms/it
           eval | train 1.4443 | val 1.6392
           best val 1.6392 → saved out/tiny_clean/ckpt_best.pt
iter    210 | loss 1.4590 | lr 5.92e-04 | 683.4 ms/it
iter    220 | loss 1.4670 | lr 5.90e-04 | 86.9 ms/it
iter    230 | loss 1.4577 | lr 5.89e-04 | 86.9 ms/it
iter    240 | loss 1.4109 | lr 5.87e-04 | 86.9 ms/it
iter    250 | loss 1.3900 | lr 5.85e-04 | 86.9 ms/it
           eval | train 1.3669 | val 1.5889
           best val 1.5889 → saved out/tiny_clean/ckpt_best.pt
iter    260 | loss 1.4082 | lr 5.83e-04 | 689.3 ms/it
iter    270 | loss 1.3446 | lr 5.81e-04 | 87.2 ms/it
iter    280 | loss 1.4043 | lr 5.78e-04 | 87.2 ms/it
iter    290 | loss 1.3625 | lr 5.76e-04 | 87.0 ms/it
iter    300 | loss 1.3386 | lr 5.73e-04 | 87.0 ms/it
           eval | train 1.3030 | val 1.5441
           best val 1.5441 → saved out/tiny_clean/ckpt_best.pt
iter    310 | loss 1.3099 | lr 5.71e-04 | 685.6 ms/it
iter    320 | loss 1.3308 | lr 5.68e-04 | 87.1 ms/it
iter    330 | loss 1.3176 | lr 5.65e-04 | 87.1 ms/it
iter    340 | loss 1.3007 | lr 5.62e-04 | 87.0 ms/it
iter    350 | loss 1.2730 | lr 5.59e-04 | 87.0 ms/it
           eval | train 1.2677 | val 1.5179
           best val 1.5179 → saved out/tiny_clean/ckpt_best.pt
iter    360 | loss 1.2974 | lr 5.55e-04 | 684.5 ms/it
iter    370 | loss 1.2750 | lr 5.52e-04 | 87.1 ms/it
iter    380 | loss 1.2632 | lr 5.48e-04 | 87.0 ms/it
iter    390 | loss 1.2824 | lr 5.45e-04 | 87.1 ms/it
iter    400 | loss 1.2541 | lr 5.41e-04 | 87.1 ms/it
           eval | train 1.2282 | val 1.5002
           best val 1.5002 → saved out/tiny_clean/ckpt_best.pt
iter    410 | loss 1.2495 | lr 5.37e-04 | 717.1 ms/it
iter    420 | loss 1.2464 | lr 5.33e-04 | 92.8 ms/it
iter    430 | loss 1.2814 | lr 5.29e-04 | 92.5 ms/it
iter    440 | loss 1.2378 | lr 5.25e-04 | 92.0 ms/it
iter    450 | loss 1.2585 | lr 5.21e-04 | 92.4 ms/it
           eval | train 1.1976 | val 1.5050
iter    460 | loss 1.2366 | lr 5.17e-04 | 737.6 ms/it
iter    470 | loss 1.2368 | lr 5.12e-04 | 95.3 ms/it
iter    480 | loss 1.2254 | lr 5.08e-04 | 92.4 ms/it
iter    490 | loss 1.1962 | lr 5.03e-04 | 92.2 ms/it
iter    500 | loss 1.1791 | lr 4.98e-04 | 90.7 ms/it
           eval | train 1.1601 | val 1.4843
           best val 1.4843 → saved out/tiny_clean/ckpt_best.pt
           saved ckpt -> out/tiny_clean/ckpt.pt
iter    510 | loss 1.1613 | lr 4.94e-04 | 736.2 ms/it
iter    520 | loss 1.1815 | lr 4.89e-04 | 87.1 ms/it
iter    530 | loss 1.1746 | lr 4.84e-04 | 87.3 ms/it
iter    540 | loss 1.1645 | lr 4.79e-04 | 87.1 ms/it
iter    550 | loss 1.1772 | lr 4.74e-04 | 87.1 ms/it
           eval | train 1.1293 | val 1.4864
iter    560 | loss 1.1441 | lr 4.68e-04 | 650.3 ms/it
iter    570 | loss 1.1656 | lr 4.63e-04 | 87.1 ms/it
iter    580 | loss 1.1370 | lr 4.58e-04 | 87.1 ms/it
iter    590 | loss 1.1556 | lr 4.53e-04 | 87.2 ms/it
iter    600 | loss 1.1474 | lr 4.47e-04 | 87.1 ms/it
           eval | train 1.0931 | val 1.4831
           best val 1.4831 → saved out/tiny_clean/ckpt_best.pt
iter    610 | loss 1.1157 | lr 4.42e-04 | 691.4 ms/it
iter    620 | loss 1.1141 | lr 4.36e-04 | 95.5 ms/it
iter    630 | loss 1.1214 | lr 4.31e-04 | 92.7 ms/it
iter    640 | loss 1.0908 | lr 4.25e-04 | 91.8 ms/it
iter    650 | loss 1.1016 | lr 4.19e-04 | 91.7 ms/it
           eval | train 1.0552 | val 1.5074
iter    660 | loss 1.0907 | lr 4.13e-04 | 733.9 ms/it
iter    670 | loss 1.0675 | lr 4.08e-04 | 93.9 ms/it
iter    680 | loss 1.0790 | lr 4.02e-04 | 93.5 ms/it
iter    690 | loss 1.0787 | lr 3.96e-04 | 98.0 ms/it
iter    700 | loss 1.0394 | lr 3.90e-04 | 93.4 ms/it
           eval | train 1.0193 | val 1.4993
iter    710 | loss 1.0664 | lr 3.84e-04 | 669.2 ms/it
iter    720 | loss 1.0652 | lr 3.78e-04 | 87.2 ms/it
iter    730 | loss 1.0467 | lr 3.72e-04 | 87.1 ms/it
iter    740 | loss 1.0383 | lr 3.66e-04 | 87.2 ms/it
iter    750 | loss 1.0219 | lr 3.60e-04 | 87.2 ms/it
           eval | train 0.9828 | val 1.5215
iter    760 | loss 1.0410 | lr 3.54e-04 | 650.8 ms/it
iter    770 | loss 1.0294 | lr 3.48e-04 | 87.2 ms/it
iter    780 | loss 0.9875 | lr 3.42e-04 | 87.1 ms/it
iter    790 | loss 1.0113 | lr 3.36e-04 | 87.0 ms/it
iter    800 | loss 0.9772 | lr 3.30e-04 | 87.2 ms/it
           eval | train 0.9425 | val 1.5439
iter    810 | loss 0.9863 | lr 3.24e-04 | 650.7 ms/it
iter    820 | loss 1.0249 | lr 3.18e-04 | 87.2 ms/it
iter    830 | loss 0.9922 | lr 3.12e-04 | 87.2 ms/it
iter    840 | loss 0.9598 | lr 3.06e-04 | 87.2 ms/it
iter    850 | loss 0.9630 | lr 3.00e-04 | 95.2 ms/it
           eval | train 0.9031 | val 1.5553
iter    860 | loss 0.9790 | lr 2.94e-04 | 741.7 ms/it
iter    870 | loss 0.9431 | lr 2.88e-04 | 93.9 ms/it
iter    880 | loss 0.9521 | lr 2.82e-04 | 97.4 ms/it
iter    890 | loss 0.9465 | lr 2.76e-04 | 101.4 ms/it
iter    900 | loss 0.9654 | lr 2.70e-04 | 92.0 ms/it
           eval | train 0.8634 | val 1.5925
iter    910 | loss 0.9475 | lr 2.64e-04 | 651.9 ms/it
iter    920 | loss 0.9223 | lr 2.58e-04 | 87.2 ms/it
iter    930 | loss 0.8805 | lr 2.52e-04 | 87.2 ms/it
iter    940 | loss 0.9118 | lr 2.47e-04 | 87.1 ms/it
iter    950 | loss 0.8802 | lr 2.41e-04 | 94.3 ms/it
           eval | train 0.8185 | val 1.6128
iter    960 | loss 0.8806 | lr 2.35e-04 | 713.6 ms/it
iter    970 | loss 0.9042 | lr 2.29e-04 | 90.4 ms/it
iter    980 | loss 0.8878 | lr 2.24e-04 | 90.3 ms/it
iter    990 | loss 0.8494 | lr 2.18e-04 | 90.4 ms/it
iter   1000 | loss 0.8412 | lr 2.13e-04 | 96.9 ms/it
           eval | train 0.7803 | val 1.6377
           saved ckpt -> out/tiny_clean/ckpt.pt
iter   1010 | loss 0.8829 | lr 2.07e-04 | 784.8 ms/it
iter   1020 | loss 0.7771 | lr 2.02e-04 | 98.0 ms/it
iter   1030 | loss 0.8308 | lr 1.97e-04 | 90.4 ms/it
iter   1040 | loss 0.8214 | lr 1.92e-04 | 95.4 ms/it
iter   1050 | loss 0.8185 | lr 1.86e-04 | 98.5 ms/it
           eval | train 0.7436 | val 1.6510
iter   1060 | loss 0.8127 | lr 1.81e-04 | 718.1 ms/it
iter   1070 | loss 0.8466 | lr 1.76e-04 | 97.1 ms/it
iter   1080 | loss 0.8144 | lr 1.71e-04 | 94.5 ms/it
iter   1090 | loss 0.8073 | lr 1.66e-04 | 92.2 ms/it
iter   1100 | loss 0.8073 | lr 1.62e-04 | 95.7 ms/it
           eval | train 0.7083 | val 1.6951
iter   1110 | loss 0.7714 | lr 1.57e-04 | 723.2 ms/it
iter   1120 | loss 0.7425 | lr 1.52e-04 | 100.3 ms/it
iter   1130 | loss 0.7868 | lr 1.48e-04 | 97.9 ms/it
iter   1140 | loss 0.7746 | lr 1.43e-04 | 93.5 ms/it
iter   1150 | loss 0.7509 | lr 1.39e-04 | 108.4 ms/it
           eval | train 0.6716 | val 1.7006
iter   1160 | loss 0.7878 | lr 1.35e-04 | 778.1 ms/it
iter   1170 | loss 0.7286 | lr 1.31e-04 | 100.9 ms/it
iter   1180 | loss 0.7687 | lr 1.27e-04 | 93.6 ms/it
iter   1190 | loss 0.7318 | lr 1.23e-04 | 95.3 ms/it
iter   1200 | loss 0.7305 | lr 1.19e-04 | 95.4 ms/it
           eval | train 0.6408 | val 1.7463
iter   1210 | loss 0.7440 | lr 1.15e-04 | 684.1 ms/it
iter   1220 | loss 0.7355 | lr 1.12e-04 | 87.1 ms/it
iter   1230 | loss 0.7438 | lr 1.08e-04 | 87.1 ms/it
iter   1240 | loss 0.7129 | lr 1.05e-04 | 90.7 ms/it
iter   1250 | loss 0.7049 | lr 1.01e-04 | 92.5 ms/it
           eval | train 0.6104 | val 1.7809
iter   1260 | loss 0.7099 | lr 9.82e-05 | 730.7 ms/it
iter   1270 | loss 0.7325 | lr 9.52e-05 | 97.9 ms/it
iter   1280 | loss 0.7142 | lr 9.22e-05 | 92.4 ms/it
iter   1290 | loss 0.6911 | lr 8.94e-05 | 96.3 ms/it
iter   1300 | loss 0.6885 | lr 8.67e-05 | 100.3 ms/it
           eval | train 0.5925 | val 1.7847
iter   1310 | loss 0.6711 | lr 8.42e-05 | 728.7 ms/it
iter   1320 | loss 0.6605 | lr 8.17e-05 | 97.3 ms/it
iter   1330 | loss 0.6846 | lr 7.94e-05 | 93.7 ms/it
iter   1340 | loss 0.6820 | lr 7.72e-05 | 100.8 ms/it
iter   1350 | loss 0.6615 | lr 7.52e-05 | 92.6 ms/it
           eval | train 0.5687 | val 1.8072
iter   1360 | loss 0.6756 | lr 7.32e-05 | 745.8 ms/it
iter   1370 | loss 0.6706 | lr 7.14e-05 | 93.4 ms/it
iter   1380 | loss 0.6541 | lr 6.97e-05 | 98.3 ms/it
iter   1390 | loss 0.6471 | lr 6.82e-05 | 96.1 ms/it
iter   1400 | loss 0.6605 | lr 6.68e-05 | 91.9 ms/it
           eval | train 0.5477 | val 1.8231
iter   1410 | loss 0.6744 | lr 6.55e-05 | 712.4 ms/it
iter   1420 | loss 0.6495 | lr 6.43e-05 | 97.8 ms/it
iter   1430 | loss 0.6307 | lr 6.33e-05 | 102.8 ms/it
iter   1440 | loss 0.6326 | lr 6.24e-05 | 100.9 ms/it
iter   1450 | loss 0.6670 | lr 6.17e-05 | 95.0 ms/it
           eval | train 0.5310 | val 1.8458
iter   1460 | loss 0.6375 | lr 6.11e-05 | 760.7 ms/it
iter   1470 | loss 0.6274 | lr 6.06e-05 | 92.9 ms/it
iter   1480 | loss 0.6561 | lr 6.03e-05 | 101.0 ms/it
iter   1490 | loss 0.6280 | lr 6.01e-05 | 93.2 ms/it
done. final ckpt -> out/tiny_clean/ckpt.pt  best val 1.4831 -> out/tiny_clean/ckpt_best.pt
